--------------------------------
Fitting generalized additive model at n=500, s=1, M=20, and wdim=10.
Setting Pi optimizer learning rate to 0.005
Setting T optimizer learning rate to 0.001
Iteration       0 :    Loss-adversarial =   0.9785
...saving a checkpoint at iter:  0
Iteration    2000 :    Loss-adversarial =  93.4677
...saving a checkpoint at iter:  2000
Iteration    4000 :    Loss-adversarial =  80.9687
...saving a checkpoint at iter:  4000
Iteration    6000 :    Loss-adversarial =  87.0051
...saving a checkpoint at iter:  6000
Iteration    8000 :    Loss-adversarial =  94.3321
...saving a checkpoint at iter:  8000
Iteration   10000 :    Loss-adversarial =  82.0713
...saving a checkpoint at iter:  10000
Iteration   12000 :    Loss-adversarial =  87.7059
...saving a checkpoint at iter:  12000
Iteration   14000 :    Loss-adversarial =  84.1381
...saving a checkpoint at iter:  14000
Iteration   16000 :    Loss-adversarial =  90.4674
...saving a checkpoint at iter:  16000
Iteration   18000 :    Loss-adversarial =  76.6358
...saving a checkpoint at iter:  18000
Iteration   20000 :    Loss-adversarial =  111.6887
...saving a checkpoint at iter:  20000
Iteration   22000 :    Loss-adversarial =  70.4694
...saving a checkpoint at iter:  22000
Iteration   24000 :    Loss-adversarial =  88.8591
...saving a checkpoint at iter:  24000
Iteration   26000 :    Loss-adversarial =  83.9095
...saving a checkpoint at iter:  26000
Iteration   28000 :    Loss-adversarial =  80.0234
...saving a checkpoint at iter:  28000
Iteration   30000 :    Loss-adversarial =  81.1908
...saving a checkpoint at iter:  30000
Iteration   32000 :    Loss-adversarial =  113.3636
...saving a checkpoint at iter:  32000
Iteration   34000 :    Loss-adversarial =  89.2612
...saving a checkpoint at iter:  34000
Iteration   36000 :    Loss-adversarial =  78.7928
...saving a checkpoint at iter:  36000
Iteration   38000 :    Loss-adversarial =  93.7120
...saving a checkpoint at iter:  38000
Iteration   40000 :    Loss-adversarial =  85.5425
...saving a checkpoint at iter:  40000
Iteration   42000 :    Loss-adversarial =  93.8669
...saving a checkpoint at iter:  42000
Iteration   44000 :    Loss-adversarial =  85.8449
...saving a checkpoint at iter:  44000
Iteration   46000 :    Loss-adversarial =  93.6795
...saving a checkpoint at iter:  46000
Iteration   48000 :    Loss-adversarial =  96.5165
...saving a checkpoint at iter:  48000
Iteration   50000 :    Loss-adversarial =  86.7168
...saving a checkpoint at iter:  50000
Iteration   52000 :    Loss-adversarial =  72.1090
...saving a checkpoint at iter:  52000
Iteration   54000 :    Loss-adversarial =  76.5159
...saving a checkpoint at iter:  54000
Iteration   56000 :    Loss-adversarial =  84.9357
...saving a checkpoint at iter:  56000
Iteration   58000 :    Loss-adversarial =  85.7802
...saving a checkpoint at iter:  58000
Iteration   60000 :    Loss-adversarial =  100.9342
...saving a checkpoint at iter:  60000
Iteration   62000 :    Loss-adversarial =  84.3984
...saving a checkpoint at iter:  62000
Iteration   64000 :    Loss-adversarial =  78.9287
...saving a checkpoint at iter:  64000
Iteration   66000 :    Loss-adversarial =  74.7482
...saving a checkpoint at iter:  66000
Iteration   68000 :    Loss-adversarial =  89.9052
...saving a checkpoint at iter:  68000
Iteration   70000 :    Loss-adversarial =  81.4376
...saving a checkpoint at iter:  70000
Iteration   72000 :    Loss-adversarial =  91.2999
...saving a checkpoint at iter:  72000
Iteration   74000 :    Loss-adversarial =  93.0709
...saving a checkpoint at iter:  74000
Iteration   76000 :    Loss-adversarial =  84.9598
...saving a checkpoint at iter:  76000
Iteration   78000 :    Loss-adversarial =  84.7330
...saving a checkpoint at iter:  78000
Iteration   80000 :    Loss-adversarial =  92.2981
...saving a checkpoint at iter:  80000
Iteration   82000 :    Loss-adversarial =  91.8011
...saving a checkpoint at iter:  82000
Iteration   84000 :    Loss-adversarial =  86.6017
...saving a checkpoint at iter:  84000
Iteration   86000 :    Loss-adversarial =  107.2249
...saving a checkpoint at iter:  86000
Iteration   88000 :    Loss-adversarial =  104.7992
...saving a checkpoint at iter:  88000
Iteration   90000 :    Loss-adversarial =  81.8673
...saving a checkpoint at iter:  90000
Iteration   92000 :    Loss-adversarial =  89.8935
...saving a checkpoint at iter:  92000
Iteration   94000 :    Loss-adversarial =  108.8798
...saving a checkpoint at iter:  94000
Iteration   96000 :    Loss-adversarial =  88.1068
...saving a checkpoint at iter:  96000
Iteration   98000 :    Loss-adversarial =  97.2561
...saving a checkpoint at iter:  98000
Iteration  100000 :    Loss-adversarial =  29.2179
...saving a checkpoint at iter:  100000
Iteration  102000 :    Loss-adversarial =  12.7473
...saving a checkpoint at iter:  102000
Iteration  104000 :    Loss-adversarial =  11.8427
...saving a checkpoint at iter:  104000
Iteration  106000 :    Loss-adversarial =  11.3152
...saving a checkpoint at iter:  106000
Iteration  108000 :    Loss-adversarial =   9.7402
...saving a checkpoint at iter:  108000
Iteration  110000 :    Loss-adversarial =  10.1464
...saving a checkpoint at iter:  110000
Iteration  112000 :    Loss-adversarial =  11.0292
...saving a checkpoint at iter:  112000
Iteration  114000 :    Loss-adversarial =   8.1736
...saving a checkpoint at iter:  114000
Iteration  116000 :    Loss-adversarial =   9.2984
...saving a checkpoint at iter:  116000
Iteration  118000 :    Loss-adversarial =   9.6115
...saving a checkpoint at iter:  118000
Iteration  120000 :    Loss-adversarial =   8.0652
...saving a checkpoint at iter:  120000
Iteration  122000 :    Loss-adversarial =   8.7068
...saving a checkpoint at iter:  122000
Iteration  124000 :    Loss-adversarial =   7.9397
...saving a checkpoint at iter:  124000
Iteration  126000 :    Loss-adversarial =   6.9013
...saving a checkpoint at iter:  126000
Iteration  128000 :    Loss-adversarial =   7.8967
...saving a checkpoint at iter:  128000
Iteration  130000 :    Loss-adversarial =   7.0899
...saving a checkpoint at iter:  130000
Iteration  132000 :    Loss-adversarial =   7.0573
...saving a checkpoint at iter:  132000
Iteration  134000 :    Loss-adversarial =   7.5648
...saving a checkpoint at iter:  134000
Iteration  136000 :    Loss-adversarial =   7.1946
...saving a checkpoint at iter:  136000
Iteration  138000 :    Loss-adversarial =   7.4183
...saving a checkpoint at iter:  138000
Iteration  140000 :    Loss-adversarial =   6.1965
...saving a checkpoint at iter:  140000
Iteration  142000 :    Loss-adversarial =   8.0446
...saving a checkpoint at iter:  142000
Iteration  144000 :    Loss-adversarial =   6.7174
...saving a checkpoint at iter:  144000
Iteration  146000 :    Loss-adversarial =   6.5078
...saving a checkpoint at iter:  146000
Iteration  148000 :    Loss-adversarial =   7.3489
...saving a checkpoint at iter:  148000
Iteration  150000 :    Loss-adversarial =   6.4685
...saving a checkpoint at iter:  150000
Iteration  152000 :    Loss-adversarial =   6.7123
...saving a checkpoint at iter:  152000
Iteration  154000 :    Loss-adversarial =   6.0797
...saving a checkpoint at iter:  154000
Iteration  156000 :    Loss-adversarial =   5.2079
...saving a checkpoint at iter:  156000
Iteration  158000 :    Loss-adversarial =   5.7197
...saving a checkpoint at iter:  158000
Iteration  160000 :    Loss-adversarial =   5.9391
...saving a checkpoint at iter:  160000
Iteration  162000 :    Loss-adversarial =   5.6490
...saving a checkpoint at iter:  162000
Iteration  164000 :    Loss-adversarial =   6.1746
...saving a checkpoint at iter:  164000
Iteration  166000 :    Loss-adversarial =   6.0484
...saving a checkpoint at iter:  166000
Iteration  168000 :    Loss-adversarial =   5.5961
...saving a checkpoint at iter:  168000
Iteration  170000 :    Loss-adversarial =   5.0347
...saving a checkpoint at iter:  170000
Iteration  172000 :    Loss-adversarial =   5.4247
...saving a checkpoint at iter:  172000
Iteration  174000 :    Loss-adversarial =   5.1912
...saving a checkpoint at iter:  174000
Iteration  176000 :    Loss-adversarial =   5.4536
...saving a checkpoint at iter:  176000
Iteration  178000 :    Loss-adversarial =   5.2556
...saving a checkpoint at iter:  178000
Iteration  180000 :    Loss-adversarial =   4.9978
...saving a checkpoint at iter:  180000
Iteration  182000 :    Loss-adversarial =   6.7776
...saving a checkpoint at iter:  182000
Iteration  184000 :    Loss-adversarial =   5.6499
...saving a checkpoint at iter:  184000
Iteration  186000 :    Loss-adversarial =   5.1167
...saving a checkpoint at iter:  186000
Iteration  188000 :    Loss-adversarial =   3.9936
...saving a checkpoint at iter:  188000
Iteration  190000 :    Loss-adversarial =   4.9541
...saving a checkpoint at iter:  190000
Iteration  192000 :    Loss-adversarial =   5.1208
...saving a checkpoint at iter:  192000
Iteration  194000 :    Loss-adversarial =   5.1789
...saving a checkpoint at iter:  194000
Iteration  196000 :    Loss-adversarial =   4.4542
...saving a checkpoint at iter:  196000
Iteration  198000 :    Loss-adversarial =   4.5523
...saving a checkpoint at iter:  198000
Iteration  200000 :    Loss-adversarial =   4.2970
...saving a checkpoint at iter:  200000
Iteration  202000 :    Loss-adversarial =   4.7476
...saving a checkpoint at iter:  202000
Iteration  204000 :    Loss-adversarial =   4.3767
...saving a checkpoint at iter:  204000
Iteration  206000 :    Loss-adversarial =   4.6187
...saving a checkpoint at iter:  206000
Iteration  208000 :    Loss-adversarial =   5.0263
...saving a checkpoint at iter:  208000
Iteration  210000 :    Loss-adversarial =   4.6471
...saving a checkpoint at iter:  210000
Iteration  212000 :    Loss-adversarial =   5.0184
...saving a checkpoint at iter:  212000
Iteration  214000 :    Loss-adversarial =   4.2527
...saving a checkpoint at iter:  214000
Iteration  216000 :    Loss-adversarial =   4.5856
...saving a checkpoint at iter:  216000
Iteration  218000 :    Loss-adversarial =   4.4864
...saving a checkpoint at iter:  218000
Iteration  220000 :    Loss-adversarial =   4.1012
...saving a checkpoint at iter:  220000
Iteration  222000 :    Loss-adversarial =   4.1411
...saving a checkpoint at iter:  222000
Iteration  224000 :    Loss-adversarial =   4.1204
...saving a checkpoint at iter:  224000
Iteration  226000 :    Loss-adversarial =   4.8777
...saving a checkpoint at iter:  226000
Iteration  228000 :    Loss-adversarial =   4.5269
...saving a checkpoint at iter:  228000
Iteration  230000 :    Loss-adversarial =   4.1055
...saving a checkpoint at iter:  230000
Iteration  232000 :    Loss-adversarial =   4.4874
...saving a checkpoint at iter:  232000
Iteration  234000 :    Loss-adversarial =   4.0531
...saving a checkpoint at iter:  234000
Iteration  236000 :    Loss-adversarial =   4.1031
...saving a checkpoint at iter:  236000
Iteration  238000 :    Loss-adversarial =   4.0484
...saving a checkpoint at iter:  238000
Iteration  240000 :    Loss-adversarial =   4.4136
...saving a checkpoint at iter:  240000
Iteration  242000 :    Loss-adversarial =   4.2155
...saving a checkpoint at iter:  242000
Iteration  244000 :    Loss-adversarial =   4.0843
...saving a checkpoint at iter:  244000
Iteration  246000 :    Loss-adversarial =   4.3250
...saving a checkpoint at iter:  246000
Iteration  248000 :    Loss-adversarial =   4.4391
...saving a checkpoint at iter:  248000
Iteration  250000 :    Loss-adversarial =   4.2288
...saving a checkpoint at iter:  250000
Iteration  252000 :    Loss-adversarial =   4.1209
...saving a checkpoint at iter:  252000
Iteration  254000 :    Loss-adversarial =   4.5642
...saving a checkpoint at iter:  254000
Iteration  256000 :    Loss-adversarial =   4.1543
...saving a checkpoint at iter:  256000
Iteration  258000 :    Loss-adversarial =   4.4858
...saving a checkpoint at iter:  258000
Iteration  260000 :    Loss-adversarial =   4.3620
...saving a checkpoint at iter:  260000
Iteration  262000 :    Loss-adversarial =   4.2286
...saving a checkpoint at iter:  262000
Iteration  264000 :    Loss-adversarial =   3.6008
...saving a checkpoint at iter:  264000
Iteration  266000 :    Loss-adversarial =   3.7976
...saving a checkpoint at iter:  266000
Iteration  268000 :    Loss-adversarial =   3.6335
...saving a checkpoint at iter:  268000
Iteration  270000 :    Loss-adversarial =   4.1288
...saving a checkpoint at iter:  270000
Iteration  272000 :    Loss-adversarial =   3.6637
...saving a checkpoint at iter:  272000
Iteration  274000 :    Loss-adversarial =   3.8770
...saving a checkpoint at iter:  274000
Iteration  276000 :    Loss-adversarial =   4.6421
...saving a checkpoint at iter:  276000
Iteration  278000 :    Loss-adversarial =   3.9431
...saving a checkpoint at iter:  278000
Iteration  280000 :    Loss-adversarial =   3.8753
...saving a checkpoint at iter:  280000
Iteration  282000 :    Loss-adversarial =   3.9744
...saving a checkpoint at iter:  282000
Iteration  284000 :    Loss-adversarial =   3.7877
...saving a checkpoint at iter:  284000
Iteration  286000 :    Loss-adversarial =   4.8306
...saving a checkpoint at iter:  286000
Iteration  288000 :    Loss-adversarial =   3.7934
...saving a checkpoint at iter:  288000
Iteration  290000 :    Loss-adversarial =   3.1125
...saving a checkpoint at iter:  290000
Iteration  292000 :    Loss-adversarial =   4.2630
...saving a checkpoint at iter:  292000
Iteration  294000 :    Loss-adversarial =   3.9012
...saving a checkpoint at iter:  294000
Iteration  296000 :    Loss-adversarial =   4.1656
...saving a checkpoint at iter:  296000
Iteration  298000 :    Loss-adversarial =   3.2383
...saving a checkpoint at iter:  298000
Iteration  300000 :    Loss-adversarial =   3.8409
...saving a checkpoint at iter:  300000
Iteration  302000 :    Loss-adversarial =   3.4693
...saving a checkpoint at iter:  302000
Iteration  304000 :    Loss-adversarial =   3.6648
...saving a checkpoint at iter:  304000
Iteration  306000 :    Loss-adversarial =   3.2605
...saving a checkpoint at iter:  306000
Iteration  308000 :    Loss-adversarial =   3.5068
...saving a checkpoint at iter:  308000
Iteration  310000 :    Loss-adversarial =   3.6137
...saving a checkpoint at iter:  310000
Iteration  312000 :    Loss-adversarial =   3.2715
...saving a checkpoint at iter:  312000
Iteration  314000 :    Loss-adversarial =   3.4583
...saving a checkpoint at iter:  314000
Iteration  316000 :    Loss-adversarial =   3.3390
...saving a checkpoint at iter:  316000
Iteration  318000 :    Loss-adversarial =   3.2592
...saving a checkpoint at iter:  318000
Iteration  320000 :    Loss-adversarial =   3.5923
...saving a checkpoint at iter:  320000
Iteration  322000 :    Loss-adversarial =   3.6237
...saving a checkpoint at iter:  322000
Iteration  324000 :    Loss-adversarial =   3.4469
...saving a checkpoint at iter:  324000
Iteration  326000 :    Loss-adversarial =   3.6213
...saving a checkpoint at iter:  326000
Iteration  328000 :    Loss-adversarial =   3.6731
...saving a checkpoint at iter:  328000
Iteration  330000 :    Loss-adversarial =   3.6177
...saving a checkpoint at iter:  330000
Iteration  332000 :    Loss-adversarial =   3.3628
...saving a checkpoint at iter:  332000
Iteration  334000 :    Loss-adversarial =   3.3547
...saving a checkpoint at iter:  334000
Iteration  336000 :    Loss-adversarial =   3.1204
...saving a checkpoint at iter:  336000
Iteration  338000 :    Loss-adversarial =   3.5568
...saving a checkpoint at iter:  338000
Iteration  340000 :    Loss-adversarial =   3.3983
...saving a checkpoint at iter:  340000
Iteration  342000 :    Loss-adversarial =   3.3861
...saving a checkpoint at iter:  342000
Iteration  344000 :    Loss-adversarial =   3.2518
...saving a checkpoint at iter:  344000
Iteration  346000 :    Loss-adversarial =   4.1875
...saving a checkpoint at iter:  346000
Iteration  348000 :    Loss-adversarial =   3.8531
...saving a checkpoint at iter:  348000
Iteration  350000 :    Loss-adversarial =   3.4082
...saving a checkpoint at iter:  350000
Iteration  352000 :    Loss-adversarial =   2.8869
...saving a checkpoint at iter:  352000
Iteration  354000 :    Loss-adversarial =   3.4657
...saving a checkpoint at iter:  354000
Iteration  356000 :    Loss-adversarial =   3.4079
...saving a checkpoint at iter:  356000
Iteration  358000 :    Loss-adversarial =   3.6836
...saving a checkpoint at iter:  358000
Iteration  360000 :    Loss-adversarial =   3.1738
...saving a checkpoint at iter:  360000
Iteration  362000 :    Loss-adversarial =   3.2394
...saving a checkpoint at iter:  362000
Iteration  364000 :    Loss-adversarial =   3.1078
...saving a checkpoint at iter:  364000
Iteration  366000 :    Loss-adversarial =   3.2470
...saving a checkpoint at iter:  366000
Iteration  368000 :    Loss-adversarial =   2.9420
...saving a checkpoint at iter:  368000
Iteration  370000 :    Loss-adversarial =   3.8840
...saving a checkpoint at iter:  370000
Iteration  372000 :    Loss-adversarial =   2.9856
...saving a checkpoint at iter:  372000
Iteration  374000 :    Loss-adversarial =   3.0882
...saving a checkpoint at iter:  374000
Iteration  376000 :    Loss-adversarial =   2.8271
...saving a checkpoint at iter:  376000
Iteration  378000 :    Loss-adversarial =   3.3184
...saving a checkpoint at iter:  378000
Iteration  380000 :    Loss-adversarial =   3.3042
...saving a checkpoint at iter:  380000
Iteration  382000 :    Loss-adversarial =   3.4324
...saving a checkpoint at iter:  382000
Iteration  384000 :    Loss-adversarial =   3.1961
...saving a checkpoint at iter:  384000
Iteration  386000 :    Loss-adversarial =   3.1718
...saving a checkpoint at iter:  386000
Iteration  388000 :    Loss-adversarial =   2.8890
...saving a checkpoint at iter:  388000
Iteration  390000 :    Loss-adversarial =   3.5609
...saving a checkpoint at iter:  390000
Iteration  392000 :    Loss-adversarial =   3.0262
...saving a checkpoint at iter:  392000
Iteration  394000 :    Loss-adversarial =   3.2878
...saving a checkpoint at iter:  394000
Iteration  396000 :    Loss-adversarial =   3.1024
...saving a checkpoint at iter:  396000
Iteration  398000 :    Loss-adversarial =   3.3013
...saving a checkpoint at iter:  398000
Iteration  400000 :    Loss-adversarial =   3.1065
...saving a checkpoint at iter:  400000
Iteration  402000 :    Loss-adversarial =   3.2552
...saving a checkpoint at iter:  402000
Iteration  404000 :    Loss-adversarial =   3.1110
...saving a checkpoint at iter:  404000
Iteration  406000 :    Loss-adversarial =   2.8138
...saving a checkpoint at iter:  406000
Iteration  408000 :    Loss-adversarial =   2.7028
...saving a checkpoint at iter:  408000
Iteration  410000 :    Loss-adversarial =   3.0946
...saving a checkpoint at iter:  410000
Iteration  412000 :    Loss-adversarial =   3.1170
...saving a checkpoint at iter:  412000
Iteration  414000 :    Loss-adversarial =   3.0710
...saving a checkpoint at iter:  414000
Iteration  416000 :    Loss-adversarial =   3.1185
...saving a checkpoint at iter:  416000
Iteration  418000 :    Loss-adversarial =   2.9262
...saving a checkpoint at iter:  418000
Iteration  420000 :    Loss-adversarial =   2.7998
...saving a checkpoint at iter:  420000
Iteration  422000 :    Loss-adversarial =   3.5313
...saving a checkpoint at iter:  422000
Iteration  424000 :    Loss-adversarial =   2.9004
...saving a checkpoint at iter:  424000
Iteration  426000 :    Loss-adversarial =   3.1398
...saving a checkpoint at iter:  426000
Iteration  428000 :    Loss-adversarial =   3.1138
...saving a checkpoint at iter:  428000
Iteration  430000 :    Loss-adversarial =   3.1495
...saving a checkpoint at iter:  430000
Iteration  432000 :    Loss-adversarial =   3.2439
...saving a checkpoint at iter:  432000
Iteration  434000 :    Loss-adversarial =   2.9507
...saving a checkpoint at iter:  434000
Iteration  436000 :    Loss-adversarial =   3.0799
...saving a checkpoint at iter:  436000
Iteration  438000 :    Loss-adversarial =   2.7678
...saving a checkpoint at iter:  438000
Iteration  440000 :    Loss-adversarial =   3.2267
...saving a checkpoint at iter:  440000
Iteration  442000 :    Loss-adversarial =   3.4127
...saving a checkpoint at iter:  442000
Iteration  444000 :    Loss-adversarial =   3.0599
...saving a checkpoint at iter:  444000
Iteration  446000 :    Loss-adversarial =   2.8116
...saving a checkpoint at iter:  446000
Iteration  448000 :    Loss-adversarial =   3.2994
...saving a checkpoint at iter:  448000
Iteration  450000 :    Loss-adversarial =   2.8064
...saving a checkpoint at iter:  450000
Iteration  452000 :    Loss-adversarial =   3.1371
...saving a checkpoint at iter:  452000
Iteration  454000 :    Loss-adversarial =   2.9100
...saving a checkpoint at iter:  454000
Iteration  456000 :    Loss-adversarial =   2.9033
...saving a checkpoint at iter:  456000
Iteration  458000 :    Loss-adversarial =   2.5906
...saving a checkpoint at iter:  458000
Iteration  460000 :    Loss-adversarial =   2.5299
...saving a checkpoint at iter:  460000
Iteration  462000 :    Loss-adversarial =   3.4591
...saving a checkpoint at iter:  462000
Iteration  464000 :    Loss-adversarial =   2.8318
...saving a checkpoint at iter:  464000
Iteration  466000 :    Loss-adversarial =   2.8920
...saving a checkpoint at iter:  466000
Iteration  468000 :    Loss-adversarial =   2.9315
...saving a checkpoint at iter:  468000
Iteration  470000 :    Loss-adversarial =   3.3287
...saving a checkpoint at iter:  470000
Iteration  472000 :    Loss-adversarial =   3.0568
...saving a checkpoint at iter:  472000
Iteration  474000 :    Loss-adversarial =   2.8907
...saving a checkpoint at iter:  474000
Iteration  476000 :    Loss-adversarial =   2.8328
...saving a checkpoint at iter:  476000
Iteration  478000 :    Loss-adversarial =   3.0893
...saving a checkpoint at iter:  478000
Iteration  480000 :    Loss-adversarial =   2.8334
...saving a checkpoint at iter:  480000
Iteration  482000 :    Loss-adversarial =   2.8576
...saving a checkpoint at iter:  482000
Iteration  484000 :    Loss-adversarial =   2.7919
...saving a checkpoint at iter:  484000
Iteration  486000 :    Loss-adversarial =   3.0030
...saving a checkpoint at iter:  486000
Iteration  488000 :    Loss-adversarial =   3.0752
...saving a checkpoint at iter:  488000
Iteration  490000 :    Loss-adversarial =   3.0508
...saving a checkpoint at iter:  490000
Iteration  492000 :    Loss-adversarial =   2.7109
...saving a checkpoint at iter:  492000
Iteration  494000 :    Loss-adversarial =   3.1664
...saving a checkpoint at iter:  494000
Iteration  496000 :    Loss-adversarial =   2.5364
...saving a checkpoint at iter:  496000
Iteration  498000 :    Loss-adversarial =   2.8704
...saving a checkpoint at iter:  498000
Iteration  500000 :    Loss-adversarial =   3.4850
...saving a checkpoint at iter:  500000
Iteration  502000 :    Loss-adversarial =   2.9041
...saving a checkpoint at iter:  502000
Iteration  504000 :    Loss-adversarial =   2.3216
...saving a checkpoint at iter:  504000
Iteration  506000 :    Loss-adversarial =   3.0599
...saving a checkpoint at iter:  506000
Iteration  508000 :    Loss-adversarial =   2.8850
...saving a checkpoint at iter:  508000
Iteration  510000 :    Loss-adversarial =   2.8873
...saving a checkpoint at iter:  510000
Iteration  512000 :    Loss-adversarial =   2.5310
...saving a checkpoint at iter:  512000
Iteration  514000 :    Loss-adversarial =   2.3975
...saving a checkpoint at iter:  514000
Iteration  516000 :    Loss-adversarial =   3.5970
...saving a checkpoint at iter:  516000
Iteration  518000 :    Loss-adversarial =   2.9536
...saving a checkpoint at iter:  518000
Iteration  520000 :    Loss-adversarial =   2.9251
...saving a checkpoint at iter:  520000
Iteration  522000 :    Loss-adversarial =   2.7017
...saving a checkpoint at iter:  522000
Iteration  524000 :    Loss-adversarial =   2.6024
...saving a checkpoint at iter:  524000
Iteration  526000 :    Loss-adversarial =   2.8165
...saving a checkpoint at iter:  526000
Iteration  528000 :    Loss-adversarial =   3.1168
...saving a checkpoint at iter:  528000
Iteration  530000 :    Loss-adversarial =   2.7710
...saving a checkpoint at iter:  530000
Iteration  532000 :    Loss-adversarial =   2.7978
...saving a checkpoint at iter:  532000
Iteration  534000 :    Loss-adversarial =   3.1593
...saving a checkpoint at iter:  534000
Iteration  536000 :    Loss-adversarial =   2.5551
...saving a checkpoint at iter:  536000
Iteration  538000 :    Loss-adversarial =   2.8811
...saving a checkpoint at iter:  538000
Iteration  540000 :    Loss-adversarial =   2.4738
...saving a checkpoint at iter:  540000
Iteration  542000 :    Loss-adversarial =   2.2212
...saving a checkpoint at iter:  542000
Iteration  544000 :    Loss-adversarial =   2.6740
...saving a checkpoint at iter:  544000
Iteration  546000 :    Loss-adversarial =   2.4335
...saving a checkpoint at iter:  546000
Iteration  548000 :    Loss-adversarial =   2.7500
...saving a checkpoint at iter:  548000
Iteration  550000 :    Loss-adversarial =   3.1092
...saving a checkpoint at iter:  550000
Iteration  552000 :    Loss-adversarial =   2.6966
...saving a checkpoint at iter:  552000
Iteration  554000 :    Loss-adversarial =   2.5742
...saving a checkpoint at iter:  554000
Iteration  556000 :    Loss-adversarial =   3.0530
...saving a checkpoint at iter:  556000
Iteration  558000 :    Loss-adversarial =   3.1168
...saving a checkpoint at iter:  558000
Iteration  560000 :    Loss-adversarial =   3.1554
...saving a checkpoint at iter:  560000
Iteration  562000 :    Loss-adversarial =   2.6814
...saving a checkpoint at iter:  562000
Iteration  564000 :    Loss-adversarial =   2.6674
...saving a checkpoint at iter:  564000
Iteration  566000 :    Loss-adversarial =   3.2842
...saving a checkpoint at iter:  566000
Iteration  568000 :    Loss-adversarial =   2.6169
...saving a checkpoint at iter:  568000
Iteration  570000 :    Loss-adversarial =   2.4291
...saving a checkpoint at iter:  570000
Iteration  572000 :    Loss-adversarial =   2.8999
...saving a checkpoint at iter:  572000
Iteration  574000 :    Loss-adversarial =   2.7955
...saving a checkpoint at iter:  574000
Iteration  576000 :    Loss-adversarial =   2.7954
...saving a checkpoint at iter:  576000
Iteration  578000 :    Loss-adversarial =   2.2878
...saving a checkpoint at iter:  578000
Iteration  580000 :    Loss-adversarial =   2.8835
...saving a checkpoint at iter:  580000
Iteration  582000 :    Loss-adversarial =   2.6988
...saving a checkpoint at iter:  582000
Iteration  584000 :    Loss-adversarial =   2.5815
...saving a checkpoint at iter:  584000
Iteration  586000 :    Loss-adversarial =   2.7140
...saving a checkpoint at iter:  586000
Iteration  588000 :    Loss-adversarial =   2.6334
...saving a checkpoint at iter:  588000
Iteration  590000 :    Loss-adversarial =   3.2437
...saving a checkpoint at iter:  590000
Iteration  592000 :    Loss-adversarial =   2.3872
...saving a checkpoint at iter:  592000
Iteration  594000 :    Loss-adversarial =   2.4028
...saving a checkpoint at iter:  594000
Iteration  596000 :    Loss-adversarial =   2.2624
...saving a checkpoint at iter:  596000
Iteration  598000 :    Loss-adversarial =   2.2275
...saving a checkpoint at iter:  598000
Iteration  600000 :    Loss-adversarial =   2.0619
...saving a checkpoint at iter:  600000
Iteration  602000 :    Loss-adversarial =   2.5214
...saving a checkpoint at iter:  602000
Iteration  604000 :    Loss-adversarial =   2.6984
...saving a checkpoint at iter:  604000
Iteration  606000 :    Loss-adversarial =   2.6145
...saving a checkpoint at iter:  606000
Iteration  608000 :    Loss-adversarial =   2.2901
...saving a checkpoint at iter:  608000
Iteration  610000 :    Loss-adversarial =   2.1776
...saving a checkpoint at iter:  610000
Iteration  612000 :    Loss-adversarial =   2.6949
...saving a checkpoint at iter:  612000
Iteration  614000 :    Loss-adversarial =   2.7687
...saving a checkpoint at iter:  614000
Iteration  616000 :    Loss-adversarial =   2.5264
...saving a checkpoint at iter:  616000
Iteration  618000 :    Loss-adversarial =   2.7438
...saving a checkpoint at iter:  618000
Iteration  620000 :    Loss-adversarial =   2.4775
...saving a checkpoint at iter:  620000
Iteration  622000 :    Loss-adversarial =   2.7184
...saving a checkpoint at iter:  622000
Iteration  624000 :    Loss-adversarial =   2.8273
...saving a checkpoint at iter:  624000
Iteration  626000 :    Loss-adversarial =   2.4326
...saving a checkpoint at iter:  626000
Iteration  628000 :    Loss-adversarial =   2.6389
...saving a checkpoint at iter:  628000
Iteration  630000 :    Loss-adversarial =   2.5034
...saving a checkpoint at iter:  630000
Iteration  632000 :    Loss-adversarial =   2.3884
...saving a checkpoint at iter:  632000
Iteration  634000 :    Loss-adversarial =   2.6886
...saving a checkpoint at iter:  634000
Iteration  636000 :    Loss-adversarial =   2.1562
...saving a checkpoint at iter:  636000
Iteration  638000 :    Loss-adversarial =   2.3601
...saving a checkpoint at iter:  638000
Iteration  640000 :    Loss-adversarial =   2.6173
...saving a checkpoint at iter:  640000
Iteration  642000 :    Loss-adversarial =   2.6631
...saving a checkpoint at iter:  642000
Iteration  644000 :    Loss-adversarial =   2.3197
...saving a checkpoint at iter:  644000
Iteration  646000 :    Loss-adversarial =   2.4579
...saving a checkpoint at iter:  646000
Iteration  648000 :    Loss-adversarial =   2.3328
...saving a checkpoint at iter:  648000
Iteration  650000 :    Loss-adversarial =   2.6895
...saving a checkpoint at iter:  650000
Iteration  652000 :    Loss-adversarial =   2.3655
...saving a checkpoint at iter:  652000
Iteration  654000 :    Loss-adversarial =   2.4130
...saving a checkpoint at iter:  654000
Iteration  656000 :    Loss-adversarial =   2.6441
...saving a checkpoint at iter:  656000
Iteration  658000 :    Loss-adversarial =   2.7096
...saving a checkpoint at iter:  658000
Iteration  660000 :    Loss-adversarial =   2.7904
...saving a checkpoint at iter:  660000
Iteration  662000 :    Loss-adversarial =   2.6300
...saving a checkpoint at iter:  662000
Iteration  664000 :    Loss-adversarial =   2.6525
...saving a checkpoint at iter:  664000
Iteration  666000 :    Loss-adversarial =   2.6337
...saving a checkpoint at iter:  666000
Iteration  668000 :    Loss-adversarial =   2.2836
...saving a checkpoint at iter:  668000
Iteration  670000 :    Loss-adversarial =   2.1601
...saving a checkpoint at iter:  670000
Iteration  672000 :    Loss-adversarial =   2.3836
...saving a checkpoint at iter:  672000
Iteration  674000 :    Loss-adversarial =   2.4345
...saving a checkpoint at iter:  674000
Iteration  676000 :    Loss-adversarial =   2.5120
...saving a checkpoint at iter:  676000
Iteration  678000 :    Loss-adversarial =   2.6165
...saving a checkpoint at iter:  678000
Iteration  680000 :    Loss-adversarial =   2.5127
...saving a checkpoint at iter:  680000
