--------------------------------
Fitting generalized additive model at n=500, s=1, M=5, and wdim=10.
Setting Pi optimizer learning rate to 0.005
Setting T optimizer learning rate to 0.001
Iteration       0 :    Loss-adversarial =   0.0663
...saving a checkpoint at iter:  0
Iteration    2000 :    Loss-adversarial =   6.5056
...saving a checkpoint at iter:  2000
Iteration    4000 :    Loss-adversarial =   5.5717
...saving a checkpoint at iter:  4000
Iteration    6000 :    Loss-adversarial =   6.0051
...saving a checkpoint at iter:  6000
Iteration    8000 :    Loss-adversarial =   5.3066
...saving a checkpoint at iter:  8000
Iteration   10000 :    Loss-adversarial =   4.6495
...saving a checkpoint at iter:  10000
Iteration   12000 :    Loss-adversarial =   5.4078
...saving a checkpoint at iter:  12000
Iteration   14000 :    Loss-adversarial =   5.2526
...saving a checkpoint at iter:  14000
Iteration   16000 :    Loss-adversarial =   5.5490
...saving a checkpoint at iter:  16000
Iteration   18000 :    Loss-adversarial =   5.3872
...saving a checkpoint at iter:  18000
Iteration   20000 :    Loss-adversarial =   6.0477
...saving a checkpoint at iter:  20000
Iteration   22000 :    Loss-adversarial =   4.9812
...saving a checkpoint at iter:  22000
Iteration   24000 :    Loss-adversarial =   4.9926
...saving a checkpoint at iter:  24000
Iteration   26000 :    Loss-adversarial =   4.8686
...saving a checkpoint at iter:  26000
Iteration   28000 :    Loss-adversarial =   4.9358
...saving a checkpoint at iter:  28000
Iteration   30000 :    Loss-adversarial =   4.8539
...saving a checkpoint at iter:  30000
Iteration   32000 :    Loss-adversarial =   6.7452
...saving a checkpoint at iter:  32000
Iteration   34000 :    Loss-adversarial =   4.4996
...saving a checkpoint at iter:  34000
Iteration   36000 :    Loss-adversarial =   5.0591
...saving a checkpoint at iter:  36000
Iteration   38000 :    Loss-adversarial =   6.1434
...saving a checkpoint at iter:  38000
Iteration   40000 :    Loss-adversarial =   5.6505
...saving a checkpoint at iter:  40000
Iteration   42000 :    Loss-adversarial =   5.6649
...saving a checkpoint at iter:  42000
Iteration   44000 :    Loss-adversarial =   5.0380
...saving a checkpoint at iter:  44000
Iteration   46000 :    Loss-adversarial =   6.0935
...saving a checkpoint at iter:  46000
Iteration   48000 :    Loss-adversarial =   4.8733
...saving a checkpoint at iter:  48000
Iteration   50000 :    Loss-adversarial =   6.2678
...saving a checkpoint at iter:  50000
Iteration   52000 :    Loss-adversarial =   4.8905
...saving a checkpoint at iter:  52000
Iteration   54000 :    Loss-adversarial =   5.6650
...saving a checkpoint at iter:  54000
Iteration   56000 :    Loss-adversarial =   6.3075
...saving a checkpoint at iter:  56000
Iteration   58000 :    Loss-adversarial =   5.6137
...saving a checkpoint at iter:  58000
Iteration   60000 :    Loss-adversarial =   5.9023
...saving a checkpoint at iter:  60000
Iteration   62000 :    Loss-adversarial =   5.6341
...saving a checkpoint at iter:  62000
Iteration   64000 :    Loss-adversarial =   5.2001
...saving a checkpoint at iter:  64000
Iteration   66000 :    Loss-adversarial =   5.3754
...saving a checkpoint at iter:  66000
Iteration   68000 :    Loss-adversarial =   5.8332
...saving a checkpoint at iter:  68000
Iteration   70000 :    Loss-adversarial =   5.4327
...saving a checkpoint at iter:  70000
Iteration   72000 :    Loss-adversarial =   5.8489
...saving a checkpoint at iter:  72000
Iteration   74000 :    Loss-adversarial =   5.6224
...saving a checkpoint at iter:  74000
Iteration   76000 :    Loss-adversarial =   5.9230
...saving a checkpoint at iter:  76000
Iteration   78000 :    Loss-adversarial =   5.4271
...saving a checkpoint at iter:  78000
Iteration   80000 :    Loss-adversarial =   5.6958
...saving a checkpoint at iter:  80000
Iteration   82000 :    Loss-adversarial =   5.3965
...saving a checkpoint at iter:  82000
Iteration   84000 :    Loss-adversarial =   4.8813
...saving a checkpoint at iter:  84000
Iteration   86000 :    Loss-adversarial =   1.0081
...saving a checkpoint at iter:  86000
Iteration   88000 :    Loss-adversarial =   0.8183
...saving a checkpoint at iter:  88000
Iteration   90000 :    Loss-adversarial =   0.7679
...saving a checkpoint at iter:  90000
Iteration   92000 :    Loss-adversarial =   0.7638
...saving a checkpoint at iter:  92000
Iteration   94000 :    Loss-adversarial =   0.6959
...saving a checkpoint at iter:  94000
Iteration   96000 :    Loss-adversarial =   0.6562
...saving a checkpoint at iter:  96000
Iteration   98000 :    Loss-adversarial =   0.6338
...saving a checkpoint at iter:  98000
Iteration  100000 :    Loss-adversarial =   0.6932
...saving a checkpoint at iter:  100000
Iteration  102000 :    Loss-adversarial =   0.7178
...saving a checkpoint at iter:  102000
Iteration  104000 :    Loss-adversarial =   0.6589
...saving a checkpoint at iter:  104000
Iteration  106000 :    Loss-adversarial =   0.6882
...saving a checkpoint at iter:  106000
Iteration  108000 :    Loss-adversarial =   0.5450
...saving a checkpoint at iter:  108000
Iteration  110000 :    Loss-adversarial =   0.6029
...saving a checkpoint at iter:  110000
Iteration  112000 :    Loss-adversarial =   0.5839
...saving a checkpoint at iter:  112000
Iteration  114000 :    Loss-adversarial =   0.4776
...saving a checkpoint at iter:  114000
Iteration  116000 :    Loss-adversarial =   0.5004
...saving a checkpoint at iter:  116000
Iteration  118000 :    Loss-adversarial =   0.4703
...saving a checkpoint at iter:  118000
Iteration  120000 :    Loss-adversarial =   0.5214
...saving a checkpoint at iter:  120000
Iteration  122000 :    Loss-adversarial =   0.5124
...saving a checkpoint at iter:  122000
Iteration  124000 :    Loss-adversarial =   0.4925
...saving a checkpoint at iter:  124000
Iteration  126000 :    Loss-adversarial =   0.4609
...saving a checkpoint at iter:  126000
Iteration  128000 :    Loss-adversarial =   0.4873
...saving a checkpoint at iter:  128000
Iteration  130000 :    Loss-adversarial =   0.4701
...saving a checkpoint at iter:  130000
Iteration  132000 :    Loss-adversarial =   0.5056
...saving a checkpoint at iter:  132000
Iteration  134000 :    Loss-adversarial =   0.5430
...saving a checkpoint at iter:  134000
Iteration  136000 :    Loss-adversarial =   0.4712
...saving a checkpoint at iter:  136000
Iteration  138000 :    Loss-adversarial =   0.4965
...saving a checkpoint at iter:  138000
Iteration  140000 :    Loss-adversarial =   0.4529
...saving a checkpoint at iter:  140000
Iteration  142000 :    Loss-adversarial =   0.4428
...saving a checkpoint at iter:  142000
Iteration  144000 :    Loss-adversarial =   0.4341
...saving a checkpoint at iter:  144000
Iteration  146000 :    Loss-adversarial =   0.4262
...saving a checkpoint at iter:  146000
Iteration  148000 :    Loss-adversarial =   0.4549
...saving a checkpoint at iter:  148000
Iteration  150000 :    Loss-adversarial =   0.3746
...saving a checkpoint at iter:  150000
Iteration  152000 :    Loss-adversarial =   0.4281
...saving a checkpoint at iter:  152000
Iteration  154000 :    Loss-adversarial =   0.4154
...saving a checkpoint at iter:  154000
Iteration  156000 :    Loss-adversarial =   0.3499
...saving a checkpoint at iter:  156000
Iteration  158000 :    Loss-adversarial =   0.3877
...saving a checkpoint at iter:  158000
Iteration  160000 :    Loss-adversarial =   0.3733
...saving a checkpoint at iter:  160000
Iteration  162000 :    Loss-adversarial =   0.3573
...saving a checkpoint at iter:  162000
Iteration  164000 :    Loss-adversarial =   0.3884
...saving a checkpoint at iter:  164000
Iteration  166000 :    Loss-adversarial =   0.3528
...saving a checkpoint at iter:  166000
Iteration  168000 :    Loss-adversarial =   0.3674
...saving a checkpoint at iter:  168000
Iteration  170000 :    Loss-adversarial =   0.3727
...saving a checkpoint at iter:  170000
Iteration  172000 :    Loss-adversarial =   0.3537
...saving a checkpoint at iter:  172000
Iteration  174000 :    Loss-adversarial =   0.3772
...saving a checkpoint at iter:  174000
Iteration  176000 :    Loss-adversarial =   0.3219
...saving a checkpoint at iter:  176000
Iteration  178000 :    Loss-adversarial =   0.3806
...saving a checkpoint at iter:  178000
Iteration  180000 :    Loss-adversarial =   0.3560
...saving a checkpoint at iter:  180000
Iteration  182000 :    Loss-adversarial =   0.3378
...saving a checkpoint at iter:  182000
Iteration  184000 :    Loss-adversarial =   0.3454
...saving a checkpoint at iter:  184000
Iteration  186000 :    Loss-adversarial =   0.3411
...saving a checkpoint at iter:  186000
Iteration  188000 :    Loss-adversarial =   0.3261
...saving a checkpoint at iter:  188000
Iteration  190000 :    Loss-adversarial =   0.3195
...saving a checkpoint at iter:  190000
Iteration  192000 :    Loss-adversarial =   0.3379
...saving a checkpoint at iter:  192000
Iteration  194000 :    Loss-adversarial =   0.3766
...saving a checkpoint at iter:  194000
Iteration  196000 :    Loss-adversarial =   0.3269
...saving a checkpoint at iter:  196000
Iteration  198000 :    Loss-adversarial =   0.3661
...saving a checkpoint at iter:  198000
Iteration  200000 :    Loss-adversarial =   0.2956
...saving a checkpoint at iter:  200000
Iteration  202000 :    Loss-adversarial =   0.3578
...saving a checkpoint at iter:  202000
Iteration  204000 :    Loss-adversarial =   0.3364
...saving a checkpoint at iter:  204000
Iteration  206000 :    Loss-adversarial =   0.3473
...saving a checkpoint at iter:  206000
Iteration  208000 :    Loss-adversarial =   0.3763
...saving a checkpoint at iter:  208000
Iteration  210000 :    Loss-adversarial =   0.3143
...saving a checkpoint at iter:  210000
Iteration  212000 :    Loss-adversarial =   0.3417
...saving a checkpoint at iter:  212000
Iteration  214000 :    Loss-adversarial =   0.3336
...saving a checkpoint at iter:  214000
Iteration  216000 :    Loss-adversarial =   0.3328
...saving a checkpoint at iter:  216000
Iteration  218000 :    Loss-adversarial =   0.3530
...saving a checkpoint at iter:  218000
Iteration  220000 :    Loss-adversarial =   0.3075
...saving a checkpoint at iter:  220000
Iteration  222000 :    Loss-adversarial =   0.3151
...saving a checkpoint at iter:  222000
Iteration  224000 :    Loss-adversarial =   0.3268
...saving a checkpoint at iter:  224000
Iteration  226000 :    Loss-adversarial =   0.3646
...saving a checkpoint at iter:  226000
Iteration  228000 :    Loss-adversarial =   0.2962
...saving a checkpoint at iter:  228000
Iteration  230000 :    Loss-adversarial =   0.3134
...saving a checkpoint at iter:  230000
Iteration  232000 :    Loss-adversarial =   0.3007
...saving a checkpoint at iter:  232000
Iteration  234000 :    Loss-adversarial =   0.2906
...saving a checkpoint at iter:  234000
Iteration  236000 :    Loss-adversarial =   0.3006
...saving a checkpoint at iter:  236000
Iteration  238000 :    Loss-adversarial =   0.3022
...saving a checkpoint at iter:  238000
Iteration  240000 :    Loss-adversarial =   0.3034
...saving a checkpoint at iter:  240000
Iteration  242000 :    Loss-adversarial =   0.3033
...saving a checkpoint at iter:  242000
Iteration  244000 :    Loss-adversarial =   0.2992
...saving a checkpoint at iter:  244000
Iteration  246000 :    Loss-adversarial =   0.3207
...saving a checkpoint at iter:  246000
Iteration  248000 :    Loss-adversarial =   0.3043
...saving a checkpoint at iter:  248000
Iteration  250000 :    Loss-adversarial =   0.2664
...saving a checkpoint at iter:  250000
Iteration  252000 :    Loss-adversarial =   0.2839
...saving a checkpoint at iter:  252000
Iteration  254000 :    Loss-adversarial =   0.3647
...saving a checkpoint at iter:  254000
Iteration  256000 :    Loss-adversarial =   0.2919
...saving a checkpoint at iter:  256000
Iteration  258000 :    Loss-adversarial =   0.3106
...saving a checkpoint at iter:  258000
Iteration  260000 :    Loss-adversarial =   0.3298
...saving a checkpoint at iter:  260000
Iteration  262000 :    Loss-adversarial =   0.2858
...saving a checkpoint at iter:  262000
Iteration  264000 :    Loss-adversarial =   0.2899
...saving a checkpoint at iter:  264000
Iteration  266000 :    Loss-adversarial =   0.2693
...saving a checkpoint at iter:  266000
Iteration  268000 :    Loss-adversarial =   0.3107
...saving a checkpoint at iter:  268000
Iteration  270000 :    Loss-adversarial =   0.2914
...saving a checkpoint at iter:  270000
Iteration  272000 :    Loss-adversarial =   0.2880
...saving a checkpoint at iter:  272000
Iteration  274000 :    Loss-adversarial =   0.2553
...saving a checkpoint at iter:  274000
Iteration  276000 :    Loss-adversarial =   0.2922
...saving a checkpoint at iter:  276000
Iteration  278000 :    Loss-adversarial =   0.2815
...saving a checkpoint at iter:  278000
Iteration  280000 :    Loss-adversarial =   0.2581
...saving a checkpoint at iter:  280000
Iteration  282000 :    Loss-adversarial =   0.2831
...saving a checkpoint at iter:  282000
Iteration  284000 :    Loss-adversarial =   0.2566
...saving a checkpoint at iter:  284000
Iteration  286000 :    Loss-adversarial =   0.2664
...saving a checkpoint at iter:  286000
Iteration  288000 :    Loss-adversarial =   0.2910
...saving a checkpoint at iter:  288000
Iteration  290000 :    Loss-adversarial =   0.3022
...saving a checkpoint at iter:  290000
Iteration  292000 :    Loss-adversarial =   0.2772
...saving a checkpoint at iter:  292000
Iteration  294000 :    Loss-adversarial =   0.2628
...saving a checkpoint at iter:  294000
Iteration  296000 :    Loss-adversarial =   0.2696
...saving a checkpoint at iter:  296000
Iteration  298000 :    Loss-adversarial =   0.2791
...saving a checkpoint at iter:  298000
Iteration  300000 :    Loss-adversarial =   0.2661
...saving a checkpoint at iter:  300000
Iteration  302000 :    Loss-adversarial =   0.2850
...saving a checkpoint at iter:  302000
Iteration  304000 :    Loss-adversarial =   0.2786
...saving a checkpoint at iter:  304000
Iteration  306000 :    Loss-adversarial =   0.2638
...saving a checkpoint at iter:  306000
Iteration  308000 :    Loss-adversarial =   0.2836
...saving a checkpoint at iter:  308000
Iteration  310000 :    Loss-adversarial =   0.3164
...saving a checkpoint at iter:  310000
Iteration  312000 :    Loss-adversarial =   0.2806
...saving a checkpoint at iter:  312000
Iteration  314000 :    Loss-adversarial =   0.2736
...saving a checkpoint at iter:  314000
Iteration  316000 :    Loss-adversarial =   0.2936
...saving a checkpoint at iter:  316000
Iteration  318000 :    Loss-adversarial =   0.2426
...saving a checkpoint at iter:  318000
Iteration  320000 :    Loss-adversarial =   0.2613
...saving a checkpoint at iter:  320000
Iteration  322000 :    Loss-adversarial =   0.2838
...saving a checkpoint at iter:  322000
Iteration  324000 :    Loss-adversarial =   0.2593
...saving a checkpoint at iter:  324000
Iteration  326000 :    Loss-adversarial =   0.2517
...saving a checkpoint at iter:  326000
Iteration  328000 :    Loss-adversarial =   0.2590
...saving a checkpoint at iter:  328000
Iteration  330000 :    Loss-adversarial =   0.2701
...saving a checkpoint at iter:  330000
Iteration  332000 :    Loss-adversarial =   0.2660
...saving a checkpoint at iter:  332000
Iteration  334000 :    Loss-adversarial =   0.2536
...saving a checkpoint at iter:  334000
Iteration  336000 :    Loss-adversarial =   0.2605
...saving a checkpoint at iter:  336000
Iteration  338000 :    Loss-adversarial =   0.2680
...saving a checkpoint at iter:  338000
Iteration  340000 :    Loss-adversarial =   0.2663
...saving a checkpoint at iter:  340000
Iteration  342000 :    Loss-adversarial =   0.2348
...saving a checkpoint at iter:  342000
Iteration  344000 :    Loss-adversarial =   0.2749
...saving a checkpoint at iter:  344000
Iteration  346000 :    Loss-adversarial =   0.2914
...saving a checkpoint at iter:  346000
Iteration  348000 :    Loss-adversarial =   0.2947
...saving a checkpoint at iter:  348000
Iteration  350000 :    Loss-adversarial =   0.2801
...saving a checkpoint at iter:  350000
Iteration  352000 :    Loss-adversarial =   0.2718
...saving a checkpoint at iter:  352000
Iteration  354000 :    Loss-adversarial =   0.2812
...saving a checkpoint at iter:  354000
Iteration  356000 :    Loss-adversarial =   0.2498
...saving a checkpoint at iter:  356000
Iteration  358000 :    Loss-adversarial =   0.2546
...saving a checkpoint at iter:  358000
Iteration  360000 :    Loss-adversarial =   0.2800
...saving a checkpoint at iter:  360000
Iteration  362000 :    Loss-adversarial =   0.2634
...saving a checkpoint at iter:  362000
Iteration  364000 :    Loss-adversarial =   0.2595
...saving a checkpoint at iter:  364000
Iteration  366000 :    Loss-adversarial =   0.2588
...saving a checkpoint at iter:  366000
Iteration  368000 :    Loss-adversarial =   0.2635
...saving a checkpoint at iter:  368000
Iteration  370000 :    Loss-adversarial =   0.2613
...saving a checkpoint at iter:  370000
Iteration  372000 :    Loss-adversarial =   0.2539
...saving a checkpoint at iter:  372000
Iteration  374000 :    Loss-adversarial =   0.2411
...saving a checkpoint at iter:  374000
Iteration  376000 :    Loss-adversarial =   0.2499
...saving a checkpoint at iter:  376000
Iteration  378000 :    Loss-adversarial =   0.2703
...saving a checkpoint at iter:  378000
Iteration  380000 :    Loss-adversarial =   0.2750
...saving a checkpoint at iter:  380000
Iteration  382000 :    Loss-adversarial =   0.2687
...saving a checkpoint at iter:  382000
Iteration  384000 :    Loss-adversarial =   0.2552
...saving a checkpoint at iter:  384000
Iteration  386000 :    Loss-adversarial =   0.2474
...saving a checkpoint at iter:  386000
Iteration  388000 :    Loss-adversarial =   0.2528
...saving a checkpoint at iter:  388000
Iteration  390000 :    Loss-adversarial =   0.2685
...saving a checkpoint at iter:  390000
Iteration  392000 :    Loss-adversarial =   0.2506
...saving a checkpoint at iter:  392000
Iteration  394000 :    Loss-adversarial =   0.2373
...saving a checkpoint at iter:  394000
Iteration  396000 :    Loss-adversarial =   0.2425
...saving a checkpoint at iter:  396000
Iteration  398000 :    Loss-adversarial =   0.2593
...saving a checkpoint at iter:  398000
Iteration  400000 :    Loss-adversarial =   0.2712
...saving a checkpoint at iter:  400000
Iteration  402000 :    Loss-adversarial =   0.2872
...saving a checkpoint at iter:  402000
Iteration  404000 :    Loss-adversarial =   0.2563
...saving a checkpoint at iter:  404000
Iteration  406000 :    Loss-adversarial =   0.2359
...saving a checkpoint at iter:  406000
Iteration  408000 :    Loss-adversarial =   0.2416
...saving a checkpoint at iter:  408000
Iteration  410000 :    Loss-adversarial =   0.2638
...saving a checkpoint at iter:  410000
Iteration  412000 :    Loss-adversarial =   0.2514
...saving a checkpoint at iter:  412000
Iteration  414000 :    Loss-adversarial =   0.2462
...saving a checkpoint at iter:  414000
Iteration  416000 :    Loss-adversarial =   0.2579
...saving a checkpoint at iter:  416000
Iteration  418000 :    Loss-adversarial =   0.2498
...saving a checkpoint at iter:  418000
Iteration  420000 :    Loss-adversarial =   0.2309
...saving a checkpoint at iter:  420000
Iteration  422000 :    Loss-adversarial =   0.2577
...saving a checkpoint at iter:  422000
Iteration  424000 :    Loss-adversarial =   0.2415
...saving a checkpoint at iter:  424000
Iteration  426000 :    Loss-adversarial =   0.2316
...saving a checkpoint at iter:  426000
Iteration  428000 :    Loss-adversarial =   0.2442
...saving a checkpoint at iter:  428000
Iteration  430000 :    Loss-adversarial =   0.2579
...saving a checkpoint at iter:  430000
Iteration  432000 :    Loss-adversarial =   0.2545
...saving a checkpoint at iter:  432000
Iteration  434000 :    Loss-adversarial =   0.2624
...saving a checkpoint at iter:  434000
Iteration  436000 :    Loss-adversarial =   0.2227
...saving a checkpoint at iter:  436000
Iteration  438000 :    Loss-adversarial =   0.2328
...saving a checkpoint at iter:  438000
Iteration  440000 :    Loss-adversarial =   0.2354
...saving a checkpoint at iter:  440000
Iteration  442000 :    Loss-adversarial =   0.2210
...saving a checkpoint at iter:  442000
Iteration  444000 :    Loss-adversarial =   0.2444
...saving a checkpoint at iter:  444000
Iteration  446000 :    Loss-adversarial =   0.2296
...saving a checkpoint at iter:  446000
Iteration  448000 :    Loss-adversarial =   0.2213
...saving a checkpoint at iter:  448000
Iteration  450000 :    Loss-adversarial =   0.2596
...saving a checkpoint at iter:  450000
Iteration  452000 :    Loss-adversarial =   0.2300
...saving a checkpoint at iter:  452000
Iteration  454000 :    Loss-adversarial =   0.2470
...saving a checkpoint at iter:  454000
Iteration  456000 :    Loss-adversarial =   0.2394
...saving a checkpoint at iter:  456000
Iteration  458000 :    Loss-adversarial =   0.2094
...saving a checkpoint at iter:  458000
Iteration  460000 :    Loss-adversarial =   0.2446
...saving a checkpoint at iter:  460000
Iteration  462000 :    Loss-adversarial =   0.2527
...saving a checkpoint at iter:  462000
Iteration  464000 :    Loss-adversarial =   0.2486
...saving a checkpoint at iter:  464000
Iteration  466000 :    Loss-adversarial =   0.2468
...saving a checkpoint at iter:  466000
Iteration  468000 :    Loss-adversarial =   0.2338
...saving a checkpoint at iter:  468000
Iteration  470000 :    Loss-adversarial =   0.2345
...saving a checkpoint at iter:  470000
Iteration  472000 :    Loss-adversarial =   0.2425
...saving a checkpoint at iter:  472000
Iteration  474000 :    Loss-adversarial =   0.2349
...saving a checkpoint at iter:  474000
Iteration  476000 :    Loss-adversarial =   0.2367
...saving a checkpoint at iter:  476000
Iteration  478000 :    Loss-adversarial =   0.2220
...saving a checkpoint at iter:  478000
Iteration  480000 :    Loss-adversarial =   0.2545
...saving a checkpoint at iter:  480000
Iteration  482000 :    Loss-adversarial =   0.2221
...saving a checkpoint at iter:  482000
Iteration  484000 :    Loss-adversarial =   0.2471
...saving a checkpoint at iter:  484000
Iteration  486000 :    Loss-adversarial =   0.2252
...saving a checkpoint at iter:  486000
Iteration  488000 :    Loss-adversarial =   0.2199
...saving a checkpoint at iter:  488000
Iteration  490000 :    Loss-adversarial =   0.2785
...saving a checkpoint at iter:  490000
Iteration  492000 :    Loss-adversarial =   0.2091
...saving a checkpoint at iter:  492000
Iteration  494000 :    Loss-adversarial =   0.2379
...saving a checkpoint at iter:  494000
Iteration  496000 :    Loss-adversarial =   0.2395
...saving a checkpoint at iter:  496000
Iteration  498000 :    Loss-adversarial =   0.2380
...saving a checkpoint at iter:  498000
Iteration  500000 :    Loss-adversarial =   0.2092
...saving a checkpoint at iter:  500000
Iteration  502000 :    Loss-adversarial =   0.2283
...saving a checkpoint at iter:  502000
Iteration  504000 :    Loss-adversarial =   0.2438
...saving a checkpoint at iter:  504000
Iteration  506000 :    Loss-adversarial =   0.2455
...saving a checkpoint at iter:  506000
Iteration  508000 :    Loss-adversarial =   0.2370
...saving a checkpoint at iter:  508000
Iteration  510000 :    Loss-adversarial =   0.2389
...saving a checkpoint at iter:  510000
Iteration  512000 :    Loss-adversarial =   0.2231
...saving a checkpoint at iter:  512000
Iteration  514000 :    Loss-adversarial =   0.2292
...saving a checkpoint at iter:  514000
Iteration  516000 :    Loss-adversarial =   0.2486
...saving a checkpoint at iter:  516000
Iteration  518000 :    Loss-adversarial =   0.2215
...saving a checkpoint at iter:  518000
Iteration  520000 :    Loss-adversarial =   0.2206
...saving a checkpoint at iter:  520000
Iteration  522000 :    Loss-adversarial =   0.2302
...saving a checkpoint at iter:  522000
Iteration  524000 :    Loss-adversarial =   0.2249
...saving a checkpoint at iter:  524000
Iteration  526000 :    Loss-adversarial =   0.2300
...saving a checkpoint at iter:  526000
Iteration  528000 :    Loss-adversarial =   0.2715
...saving a checkpoint at iter:  528000
Iteration  530000 :    Loss-adversarial =   0.2246
...saving a checkpoint at iter:  530000
Iteration  532000 :    Loss-adversarial =   0.2091
...saving a checkpoint at iter:  532000
Iteration  534000 :    Loss-adversarial =   0.2167
...saving a checkpoint at iter:  534000
Iteration  536000 :    Loss-adversarial =   0.2176
...saving a checkpoint at iter:  536000
Iteration  538000 :    Loss-adversarial =   0.2766
...saving a checkpoint at iter:  538000
Iteration  540000 :    Loss-adversarial =   0.2209
...saving a checkpoint at iter:  540000
Iteration  542000 :    Loss-adversarial =   0.2183
...saving a checkpoint at iter:  542000
Iteration  544000 :    Loss-adversarial =   0.2087
...saving a checkpoint at iter:  544000
Iteration  546000 :    Loss-adversarial =   0.2030
...saving a checkpoint at iter:  546000
Iteration  548000 :    Loss-adversarial =   0.2211
...saving a checkpoint at iter:  548000
Iteration  550000 :    Loss-adversarial =   0.2263
...saving a checkpoint at iter:  550000
Iteration  552000 :    Loss-adversarial =   0.2220
...saving a checkpoint at iter:  552000
Iteration  554000 :    Loss-adversarial =   0.2033
...saving a checkpoint at iter:  554000
Iteration  556000 :    Loss-adversarial =   0.2304
...saving a checkpoint at iter:  556000
Iteration  558000 :    Loss-adversarial =   0.2235
...saving a checkpoint at iter:  558000
Iteration  560000 :    Loss-adversarial =   0.2065
...saving a checkpoint at iter:  560000
Iteration  562000 :    Loss-adversarial =   0.2154
...saving a checkpoint at iter:  562000
Iteration  564000 :    Loss-adversarial =   0.2007
...saving a checkpoint at iter:  564000
Iteration  566000 :    Loss-adversarial =   0.2181
...saving a checkpoint at iter:  566000
Iteration  568000 :    Loss-adversarial =   0.2015
...saving a checkpoint at iter:  568000
Iteration  570000 :    Loss-adversarial =   0.1777
...saving a checkpoint at iter:  570000
Iteration  572000 :    Loss-adversarial =   0.2299
...saving a checkpoint at iter:  572000
Iteration  574000 :    Loss-adversarial =   0.2368
...saving a checkpoint at iter:  574000
Iteration  576000 :    Loss-adversarial =   0.2110
...saving a checkpoint at iter:  576000
Iteration  578000 :    Loss-adversarial =   0.2253
...saving a checkpoint at iter:  578000
Iteration  580000 :    Loss-adversarial =   0.2423
...saving a checkpoint at iter:  580000
Iteration  582000 :    Loss-adversarial =   0.2286
...saving a checkpoint at iter:  582000
Iteration  584000 :    Loss-adversarial =   0.2137
...saving a checkpoint at iter:  584000
Iteration  586000 :    Loss-adversarial =   0.2138
...saving a checkpoint at iter:  586000
Iteration  588000 :    Loss-adversarial =   0.2260
...saving a checkpoint at iter:  588000
Iteration  590000 :    Loss-adversarial =   0.2287
...saving a checkpoint at iter:  590000
Iteration  592000 :    Loss-adversarial =   0.2313
...saving a checkpoint at iter:  592000
Iteration  594000 :    Loss-adversarial =   0.1952
...saving a checkpoint at iter:  594000
Iteration  596000 :    Loss-adversarial =   0.2092
...saving a checkpoint at iter:  596000
Iteration  598000 :    Loss-adversarial =   0.2440
...saving a checkpoint at iter:  598000
Iteration  600000 :    Loss-adversarial =   0.2156
...saving a checkpoint at iter:  600000
Iteration  602000 :    Loss-adversarial =   0.2117
...saving a checkpoint at iter:  602000
Iteration  604000 :    Loss-adversarial =   0.2140
...saving a checkpoint at iter:  604000
Iteration  606000 :    Loss-adversarial =   0.2118
...saving a checkpoint at iter:  606000
Iteration  608000 :    Loss-adversarial =   0.2035
...saving a checkpoint at iter:  608000
Iteration  610000 :    Loss-adversarial =   0.2076
...saving a checkpoint at iter:  610000
Iteration  612000 :    Loss-adversarial =   0.2212
...saving a checkpoint at iter:  612000
Iteration  614000 :    Loss-adversarial =   0.2090
...saving a checkpoint at iter:  614000
Iteration  616000 :    Loss-adversarial =   0.2352
...saving a checkpoint at iter:  616000
Iteration  618000 :    Loss-adversarial =   0.2189
...saving a checkpoint at iter:  618000
Iteration  620000 :    Loss-adversarial =   0.2430
...saving a checkpoint at iter:  620000
Iteration  622000 :    Loss-adversarial =   0.2187
...saving a checkpoint at iter:  622000
Iteration  624000 :    Loss-adversarial =   0.2122
...saving a checkpoint at iter:  624000
Iteration  626000 :    Loss-adversarial =   0.1973
...saving a checkpoint at iter:  626000
Iteration  628000 :    Loss-adversarial =   0.2332
...saving a checkpoint at iter:  628000
Iteration  630000 :    Loss-adversarial =   0.2204
...saving a checkpoint at iter:  630000
Iteration  632000 :    Loss-adversarial =   0.1962
...saving a checkpoint at iter:  632000
Iteration  634000 :    Loss-adversarial =   0.2209
...saving a checkpoint at iter:  634000
Iteration  636000 :    Loss-adversarial =   0.2086
...saving a checkpoint at iter:  636000
Iteration  638000 :    Loss-adversarial =   0.2164
...saving a checkpoint at iter:  638000
Iteration  640000 :    Loss-adversarial =   0.2044
...saving a checkpoint at iter:  640000
Iteration  642000 :    Loss-adversarial =   0.1969
...saving a checkpoint at iter:  642000
Iteration  644000 :    Loss-adversarial =   0.2033
...saving a checkpoint at iter:  644000
Iteration  646000 :    Loss-adversarial =   0.2036
...saving a checkpoint at iter:  646000
Iteration  648000 :    Loss-adversarial =   0.2517
...saving a checkpoint at iter:  648000
Iteration  650000 :    Loss-adversarial =   0.2157
...saving a checkpoint at iter:  650000
Iteration  652000 :    Loss-adversarial =   0.2028
...saving a checkpoint at iter:  652000
Iteration  654000 :    Loss-adversarial =   0.1997
...saving a checkpoint at iter:  654000
Iteration  656000 :    Loss-adversarial =   0.1759
...saving a checkpoint at iter:  656000
Iteration  658000 :    Loss-adversarial =   0.1995
...saving a checkpoint at iter:  658000
Iteration  660000 :    Loss-adversarial =   0.2362
...saving a checkpoint at iter:  660000
Iteration  662000 :    Loss-adversarial =   0.2178
...saving a checkpoint at iter:  662000
Iteration  664000 :    Loss-adversarial =   0.2146
...saving a checkpoint at iter:  664000
Iteration  666000 :    Loss-adversarial =   0.2152
...saving a checkpoint at iter:  666000
Iteration  668000 :    Loss-adversarial =   0.2181
...saving a checkpoint at iter:  668000
Iteration  670000 :    Loss-adversarial =   0.2157
...saving a checkpoint at iter:  670000
Iteration  672000 :    Loss-adversarial =   0.2049
...saving a checkpoint at iter:  672000
Iteration  674000 :    Loss-adversarial =   0.2102
...saving a checkpoint at iter:  674000
Iteration  676000 :    Loss-adversarial =   0.2133
...saving a checkpoint at iter:  676000
Iteration  678000 :    Loss-adversarial =   0.1959
...saving a checkpoint at iter:  678000
Iteration  680000 :    Loss-adversarial =   0.2131
...saving a checkpoint at iter:  680000
