--------------------------------
Fitting generalized additive model at n=500, s=4, M=20, and wdim=10.
Setting Pi optimizer learning rate to 0.005
Setting T optimizer learning rate to 0.001
Iteration       0 :    Loss-adversarial =   0.2397
...saving a checkpoint at iter:  0
Iteration    2000 :    Loss-adversarial =  80.6558
...saving a checkpoint at iter:  2000
Iteration    4000 :    Loss-adversarial =  79.1207
...saving a checkpoint at iter:  4000
Iteration    6000 :    Loss-adversarial =  87.0686
...saving a checkpoint at iter:  6000
Iteration    8000 :    Loss-adversarial =  83.1105
...saving a checkpoint at iter:  8000
Iteration   10000 :    Loss-adversarial =  85.5631
...saving a checkpoint at iter:  10000
Iteration   12000 :    Loss-adversarial =  94.4791
...saving a checkpoint at iter:  12000
Iteration   14000 :    Loss-adversarial =  80.0881
...saving a checkpoint at iter:  14000
Iteration   16000 :    Loss-adversarial =  87.7839
...saving a checkpoint at iter:  16000
Iteration   18000 :    Loss-adversarial =  91.3548
...saving a checkpoint at iter:  18000
Iteration   20000 :    Loss-adversarial =  82.3167
...saving a checkpoint at iter:  20000
Iteration   22000 :    Loss-adversarial =  91.8556
...saving a checkpoint at iter:  22000
Iteration   24000 :    Loss-adversarial =  74.5676
...saving a checkpoint at iter:  24000
Iteration   26000 :    Loss-adversarial =  85.4661
...saving a checkpoint at iter:  26000
Iteration   28000 :    Loss-adversarial =  89.9912
...saving a checkpoint at iter:  28000
Iteration   30000 :    Loss-adversarial =  89.1758
...saving a checkpoint at iter:  30000
Iteration   32000 :    Loss-adversarial =  91.4553
...saving a checkpoint at iter:  32000
Iteration   34000 :    Loss-adversarial =  87.9559
...saving a checkpoint at iter:  34000
Iteration   36000 :    Loss-adversarial =  88.6209
...saving a checkpoint at iter:  36000
Iteration   38000 :    Loss-adversarial =  98.0900
...saving a checkpoint at iter:  38000
Iteration   40000 :    Loss-adversarial =  88.1390
...saving a checkpoint at iter:  40000
Iteration   42000 :    Loss-adversarial =  94.6884
...saving a checkpoint at iter:  42000
Iteration   44000 :    Loss-adversarial =  87.1423
...saving a checkpoint at iter:  44000
Iteration   46000 :    Loss-adversarial =  82.5006
...saving a checkpoint at iter:  46000
Iteration   48000 :    Loss-adversarial =  78.0062
...saving a checkpoint at iter:  48000
Iteration   50000 :    Loss-adversarial =  96.0613
...saving a checkpoint at iter:  50000
Iteration   52000 :    Loss-adversarial =  93.6725
...saving a checkpoint at iter:  52000
Iteration   54000 :    Loss-adversarial =  90.4742
...saving a checkpoint at iter:  54000
Iteration   56000 :    Loss-adversarial =  84.5966
...saving a checkpoint at iter:  56000
Iteration   58000 :    Loss-adversarial =  78.5095
...saving a checkpoint at iter:  58000
Iteration   60000 :    Loss-adversarial =  100.9935
...saving a checkpoint at iter:  60000
Iteration   62000 :    Loss-adversarial =  83.4561
...saving a checkpoint at iter:  62000
Iteration   64000 :    Loss-adversarial =  96.9526
...saving a checkpoint at iter:  64000
Iteration   66000 :    Loss-adversarial =  91.1527
...saving a checkpoint at iter:  66000
Iteration   68000 :    Loss-adversarial =  76.6440
...saving a checkpoint at iter:  68000
Iteration   70000 :    Loss-adversarial =  78.5173
...saving a checkpoint at iter:  70000
Iteration   72000 :    Loss-adversarial =  85.1695
...saving a checkpoint at iter:  72000
Iteration   74000 :    Loss-adversarial =  99.6684
...saving a checkpoint at iter:  74000
Iteration   76000 :    Loss-adversarial =  13.8974
...saving a checkpoint at iter:  76000
Iteration   78000 :    Loss-adversarial =  12.8328
...saving a checkpoint at iter:  78000
Iteration   80000 :    Loss-adversarial =  11.5763
...saving a checkpoint at iter:  80000
Iteration   82000 :    Loss-adversarial =  10.7244
...saving a checkpoint at iter:  82000
Iteration   84000 :    Loss-adversarial =  10.5205
...saving a checkpoint at iter:  84000
Iteration   86000 :    Loss-adversarial =   8.7720
...saving a checkpoint at iter:  86000
Iteration   88000 :    Loss-adversarial =   9.6903
...saving a checkpoint at iter:  88000
Iteration   90000 :    Loss-adversarial =   8.1551
...saving a checkpoint at iter:  90000
Iteration   92000 :    Loss-adversarial =   7.8600
...saving a checkpoint at iter:  92000
Iteration   94000 :    Loss-adversarial =   7.6853
...saving a checkpoint at iter:  94000
Iteration   96000 :    Loss-adversarial =   8.2062
...saving a checkpoint at iter:  96000
Iteration   98000 :    Loss-adversarial =   8.2544
...saving a checkpoint at iter:  98000
Iteration  100000 :    Loss-adversarial =   7.0912
...saving a checkpoint at iter:  100000
Iteration  102000 :    Loss-adversarial =   8.2719
...saving a checkpoint at iter:  102000
Iteration  104000 :    Loss-adversarial =   6.4295
...saving a checkpoint at iter:  104000
Iteration  106000 :    Loss-adversarial =   7.0985
...saving a checkpoint at iter:  106000
Iteration  108000 :    Loss-adversarial =   6.8885
...saving a checkpoint at iter:  108000
Iteration  110000 :    Loss-adversarial =   6.6245
...saving a checkpoint at iter:  110000
Iteration  112000 :    Loss-adversarial =   7.4959
...saving a checkpoint at iter:  112000
Iteration  114000 :    Loss-adversarial =   6.0527
...saving a checkpoint at iter:  114000
Iteration  116000 :    Loss-adversarial =   5.0621
...saving a checkpoint at iter:  116000
Iteration  118000 :    Loss-adversarial =   7.1014
...saving a checkpoint at iter:  118000
Iteration  120000 :    Loss-adversarial =   6.5028
...saving a checkpoint at iter:  120000
Iteration  122000 :    Loss-adversarial =   5.7729
...saving a checkpoint at iter:  122000
Iteration  124000 :    Loss-adversarial =   6.0152
...saving a checkpoint at iter:  124000
Iteration  126000 :    Loss-adversarial =   5.6903
...saving a checkpoint at iter:  126000
Iteration  128000 :    Loss-adversarial =   6.0218
...saving a checkpoint at iter:  128000
Iteration  130000 :    Loss-adversarial =   5.4001
...saving a checkpoint at iter:  130000
Iteration  132000 :    Loss-adversarial =   5.7307
...saving a checkpoint at iter:  132000
Iteration  134000 :    Loss-adversarial =   6.0856
...saving a checkpoint at iter:  134000
Iteration  136000 :    Loss-adversarial =   5.4614
...saving a checkpoint at iter:  136000
Iteration  138000 :    Loss-adversarial =   4.8492
...saving a checkpoint at iter:  138000
Iteration  140000 :    Loss-adversarial =   4.9301
...saving a checkpoint at iter:  140000
Iteration  142000 :    Loss-adversarial =   4.9634
...saving a checkpoint at iter:  142000
Iteration  144000 :    Loss-adversarial =   6.1511
...saving a checkpoint at iter:  144000
Iteration  146000 :    Loss-adversarial =   5.0398
...saving a checkpoint at iter:  146000
Iteration  148000 :    Loss-adversarial =   5.1618
...saving a checkpoint at iter:  148000
Iteration  150000 :    Loss-adversarial =   4.6074
...saving a checkpoint at iter:  150000
Iteration  152000 :    Loss-adversarial =   5.1917
...saving a checkpoint at iter:  152000
Iteration  154000 :    Loss-adversarial =   4.9167
...saving a checkpoint at iter:  154000
Iteration  156000 :    Loss-adversarial =   4.9575
...saving a checkpoint at iter:  156000
Iteration  158000 :    Loss-adversarial =   4.3516
...saving a checkpoint at iter:  158000
Iteration  160000 :    Loss-adversarial =   4.7158
...saving a checkpoint at iter:  160000
Iteration  162000 :    Loss-adversarial =   5.0924
...saving a checkpoint at iter:  162000
Iteration  164000 :    Loss-adversarial =   4.4622
...saving a checkpoint at iter:  164000
Iteration  166000 :    Loss-adversarial =   4.8513
...saving a checkpoint at iter:  166000
Iteration  168000 :    Loss-adversarial =   4.7795
...saving a checkpoint at iter:  168000
Iteration  170000 :    Loss-adversarial =   4.5686
...saving a checkpoint at iter:  170000
Iteration  172000 :    Loss-adversarial =   4.6008
...saving a checkpoint at iter:  172000
Iteration  174000 :    Loss-adversarial =   4.1001
...saving a checkpoint at iter:  174000
Iteration  176000 :    Loss-adversarial =   4.3265
...saving a checkpoint at iter:  176000
Iteration  178000 :    Loss-adversarial =   4.3370
...saving a checkpoint at iter:  178000
Iteration  180000 :    Loss-adversarial =   4.6753
...saving a checkpoint at iter:  180000
Iteration  182000 :    Loss-adversarial =   4.5244
...saving a checkpoint at iter:  182000
Iteration  184000 :    Loss-adversarial =   3.9825
...saving a checkpoint at iter:  184000
Iteration  186000 :    Loss-adversarial =   4.0327
...saving a checkpoint at iter:  186000
Iteration  188000 :    Loss-adversarial =   4.4473
...saving a checkpoint at iter:  188000
Iteration  190000 :    Loss-adversarial =   4.9906
...saving a checkpoint at iter:  190000
Iteration  192000 :    Loss-adversarial =   4.1995
...saving a checkpoint at iter:  192000
Iteration  194000 :    Loss-adversarial =   4.1214
...saving a checkpoint at iter:  194000
Iteration  196000 :    Loss-adversarial =   3.9672
...saving a checkpoint at iter:  196000
Iteration  198000 :    Loss-adversarial =   4.0332
...saving a checkpoint at iter:  198000
Iteration  200000 :    Loss-adversarial =   3.8514
...saving a checkpoint at iter:  200000
Iteration  202000 :    Loss-adversarial =   4.4013
...saving a checkpoint at iter:  202000
Iteration  204000 :    Loss-adversarial =   3.6644
...saving a checkpoint at iter:  204000
Iteration  206000 :    Loss-adversarial =   3.5914
...saving a checkpoint at iter:  206000
Iteration  208000 :    Loss-adversarial =   4.0314
...saving a checkpoint at iter:  208000
Iteration  210000 :    Loss-adversarial =   4.5029
...saving a checkpoint at iter:  210000
Iteration  212000 :    Loss-adversarial =   4.0830
...saving a checkpoint at iter:  212000
Iteration  214000 :    Loss-adversarial =   4.0985
...saving a checkpoint at iter:  214000
Iteration  216000 :    Loss-adversarial =   4.0880
...saving a checkpoint at iter:  216000
Iteration  218000 :    Loss-adversarial =   3.8380
...saving a checkpoint at iter:  218000
Iteration  220000 :    Loss-adversarial =   4.0612
...saving a checkpoint at iter:  220000
Iteration  222000 :    Loss-adversarial =   4.1946
...saving a checkpoint at iter:  222000
Iteration  224000 :    Loss-adversarial =   3.6160
...saving a checkpoint at iter:  224000
Iteration  226000 :    Loss-adversarial =   4.1335
...saving a checkpoint at iter:  226000
Iteration  228000 :    Loss-adversarial =   3.9424
...saving a checkpoint at iter:  228000
Iteration  230000 :    Loss-adversarial =   3.9090
...saving a checkpoint at iter:  230000
Iteration  232000 :    Loss-adversarial =   4.1753
...saving a checkpoint at iter:  232000
Iteration  234000 :    Loss-adversarial =   4.3896
...saving a checkpoint at iter:  234000
Iteration  236000 :    Loss-adversarial =   3.9894
...saving a checkpoint at iter:  236000
Iteration  238000 :    Loss-adversarial =   4.2193
...saving a checkpoint at iter:  238000
Iteration  240000 :    Loss-adversarial =   3.2270
...saving a checkpoint at iter:  240000
Iteration  242000 :    Loss-adversarial =   3.5320
...saving a checkpoint at iter:  242000
Iteration  244000 :    Loss-adversarial =   3.9032
...saving a checkpoint at iter:  244000
Iteration  246000 :    Loss-adversarial =   3.9154
...saving a checkpoint at iter:  246000
Iteration  248000 :    Loss-adversarial =   4.4219
...saving a checkpoint at iter:  248000
Iteration  250000 :    Loss-adversarial =   3.4755
...saving a checkpoint at iter:  250000
Iteration  252000 :    Loss-adversarial =   3.4810
...saving a checkpoint at iter:  252000
Iteration  254000 :    Loss-adversarial =   3.3725
...saving a checkpoint at iter:  254000
Iteration  256000 :    Loss-adversarial =   3.7065
...saving a checkpoint at iter:  256000
Iteration  258000 :    Loss-adversarial =   3.6445
...saving a checkpoint at iter:  258000
Iteration  260000 :    Loss-adversarial =   3.2105
...saving a checkpoint at iter:  260000
Iteration  262000 :    Loss-adversarial =   3.0013
...saving a checkpoint at iter:  262000
Iteration  264000 :    Loss-adversarial =   3.6692
...saving a checkpoint at iter:  264000
Iteration  266000 :    Loss-adversarial =   3.3747
...saving a checkpoint at iter:  266000
Iteration  268000 :    Loss-adversarial =   3.4089
...saving a checkpoint at iter:  268000
Iteration  270000 :    Loss-adversarial =   3.3515
...saving a checkpoint at iter:  270000
Iteration  272000 :    Loss-adversarial =   3.2766
...saving a checkpoint at iter:  272000
Iteration  274000 :    Loss-adversarial =   3.6931
...saving a checkpoint at iter:  274000
Iteration  276000 :    Loss-adversarial =   3.4036
...saving a checkpoint at iter:  276000
Iteration  278000 :    Loss-adversarial =   3.6442
...saving a checkpoint at iter:  278000
Iteration  280000 :    Loss-adversarial =   3.4877
...saving a checkpoint at iter:  280000
Iteration  282000 :    Loss-adversarial =   3.6654
...saving a checkpoint at iter:  282000
Iteration  284000 :    Loss-adversarial =   3.2948
...saving a checkpoint at iter:  284000
Iteration  286000 :    Loss-adversarial =   3.2600
...saving a checkpoint at iter:  286000
Iteration  288000 :    Loss-adversarial =   2.9628
...saving a checkpoint at iter:  288000
Iteration  290000 :    Loss-adversarial =   3.4582
...saving a checkpoint at iter:  290000
Iteration  292000 :    Loss-adversarial =   2.9435
...saving a checkpoint at iter:  292000
Iteration  294000 :    Loss-adversarial =   3.7185
...saving a checkpoint at iter:  294000
Iteration  296000 :    Loss-adversarial =   3.6033
...saving a checkpoint at iter:  296000
Iteration  298000 :    Loss-adversarial =   3.2944
...saving a checkpoint at iter:  298000
Iteration  300000 :    Loss-adversarial =   3.0721
...saving a checkpoint at iter:  300000
Iteration  302000 :    Loss-adversarial =   3.2381
...saving a checkpoint at iter:  302000
Iteration  304000 :    Loss-adversarial =   3.1945
...saving a checkpoint at iter:  304000
Iteration  306000 :    Loss-adversarial =   3.7605
...saving a checkpoint at iter:  306000
Iteration  308000 :    Loss-adversarial =   3.6747
...saving a checkpoint at iter:  308000
Iteration  310000 :    Loss-adversarial =   3.3237
...saving a checkpoint at iter:  310000
Iteration  312000 :    Loss-adversarial =   3.2770
...saving a checkpoint at iter:  312000
Iteration  314000 :    Loss-adversarial =   2.8610
...saving a checkpoint at iter:  314000
Iteration  316000 :    Loss-adversarial =   3.3595
...saving a checkpoint at iter:  316000
Iteration  318000 :    Loss-adversarial =   3.1593
...saving a checkpoint at iter:  318000
Iteration  320000 :    Loss-adversarial =   2.9795
...saving a checkpoint at iter:  320000
Iteration  322000 :    Loss-adversarial =   3.1025
...saving a checkpoint at iter:  322000
Iteration  324000 :    Loss-adversarial =   3.2594
...saving a checkpoint at iter:  324000
Iteration  326000 :    Loss-adversarial =   3.3211
...saving a checkpoint at iter:  326000
Iteration  328000 :    Loss-adversarial =   2.9741
...saving a checkpoint at iter:  328000
Iteration  330000 :    Loss-adversarial =   2.9444
...saving a checkpoint at iter:  330000
Iteration  332000 :    Loss-adversarial =   3.3007
...saving a checkpoint at iter:  332000
Iteration  334000 :    Loss-adversarial =   3.9772
...saving a checkpoint at iter:  334000
Iteration  336000 :    Loss-adversarial =   3.6815
...saving a checkpoint at iter:  336000
Iteration  338000 :    Loss-adversarial =   3.7364
...saving a checkpoint at iter:  338000
Iteration  340000 :    Loss-adversarial =   3.2213
...saving a checkpoint at iter:  340000
Iteration  342000 :    Loss-adversarial =   3.4841
...saving a checkpoint at iter:  342000
Iteration  344000 :    Loss-adversarial =   3.6511
...saving a checkpoint at iter:  344000
Iteration  346000 :    Loss-adversarial =   3.2376
...saving a checkpoint at iter:  346000
Iteration  348000 :    Loss-adversarial =   2.9511
...saving a checkpoint at iter:  348000
Iteration  350000 :    Loss-adversarial =   3.1684
...saving a checkpoint at iter:  350000
Iteration  352000 :    Loss-adversarial =   3.2378
...saving a checkpoint at iter:  352000
Iteration  354000 :    Loss-adversarial =   3.0537
...saving a checkpoint at iter:  354000
Iteration  356000 :    Loss-adversarial =   3.0993
...saving a checkpoint at iter:  356000
Iteration  358000 :    Loss-adversarial =   3.3361
...saving a checkpoint at iter:  358000
Iteration  360000 :    Loss-adversarial =   3.4105
...saving a checkpoint at iter:  360000
Iteration  362000 :    Loss-adversarial =   3.4377
...saving a checkpoint at iter:  362000
Iteration  364000 :    Loss-adversarial =   2.8690
...saving a checkpoint at iter:  364000
Iteration  366000 :    Loss-adversarial =   3.3696
...saving a checkpoint at iter:  366000
Iteration  368000 :    Loss-adversarial =   2.8422
...saving a checkpoint at iter:  368000
Iteration  370000 :    Loss-adversarial =   3.1215
...saving a checkpoint at iter:  370000
Iteration  372000 :    Loss-adversarial =   3.0128
...saving a checkpoint at iter:  372000
Iteration  374000 :    Loss-adversarial =   3.2326
...saving a checkpoint at iter:  374000
Iteration  376000 :    Loss-adversarial =   3.1520
...saving a checkpoint at iter:  376000
Iteration  378000 :    Loss-adversarial =   2.9498
...saving a checkpoint at iter:  378000
Iteration  380000 :    Loss-adversarial =   3.1416
...saving a checkpoint at iter:  380000
Iteration  382000 :    Loss-adversarial =   3.2658
...saving a checkpoint at iter:  382000
Iteration  384000 :    Loss-adversarial =   3.0433
...saving a checkpoint at iter:  384000
Iteration  386000 :    Loss-adversarial =   1.3946
...saving a checkpoint at iter:  386000
Iteration  388000 :    Loss-adversarial =   3.2322
...saving a checkpoint at iter:  388000
Iteration  390000 :    Loss-adversarial =   3.1844
...saving a checkpoint at iter:  390000
Iteration  392000 :    Loss-adversarial =   2.7858
...saving a checkpoint at iter:  392000
Iteration  394000 :    Loss-adversarial =   2.8388
...saving a checkpoint at iter:  394000
Iteration  396000 :    Loss-adversarial =   3.0754
...saving a checkpoint at iter:  396000
Iteration  398000 :    Loss-adversarial =   2.8705
...saving a checkpoint at iter:  398000
Iteration  400000 :    Loss-adversarial =   3.4557
...saving a checkpoint at iter:  400000
Iteration  402000 :    Loss-adversarial =   3.0484
...saving a checkpoint at iter:  402000
Iteration  404000 :    Loss-adversarial =   2.9700
...saving a checkpoint at iter:  404000
Iteration  406000 :    Loss-adversarial =   3.0460
...saving a checkpoint at iter:  406000
Iteration  408000 :    Loss-adversarial =   2.8581
...saving a checkpoint at iter:  408000
Iteration  410000 :    Loss-adversarial =   2.7408
...saving a checkpoint at iter:  410000
Iteration  412000 :    Loss-adversarial =   3.1506
...saving a checkpoint at iter:  412000
Iteration  414000 :    Loss-adversarial =   2.8988
...saving a checkpoint at iter:  414000
Iteration  416000 :    Loss-adversarial =   3.0098
...saving a checkpoint at iter:  416000
Iteration  418000 :    Loss-adversarial =   2.8252
...saving a checkpoint at iter:  418000
Iteration  420000 :    Loss-adversarial =   2.5886
...saving a checkpoint at iter:  420000
Iteration  422000 :    Loss-adversarial =   3.0933
...saving a checkpoint at iter:  422000
Iteration  424000 :    Loss-adversarial =   3.0530
...saving a checkpoint at iter:  424000
Iteration  426000 :    Loss-adversarial =   3.4465
...saving a checkpoint at iter:  426000
Iteration  428000 :    Loss-adversarial =   2.9016
...saving a checkpoint at iter:  428000
Iteration  430000 :    Loss-adversarial =   2.9591
...saving a checkpoint at iter:  430000
Iteration  432000 :    Loss-adversarial =   2.9412
...saving a checkpoint at iter:  432000
Iteration  434000 :    Loss-adversarial =   2.8728
...saving a checkpoint at iter:  434000
Iteration  436000 :    Loss-adversarial =   3.0029
...saving a checkpoint at iter:  436000
Iteration  438000 :    Loss-adversarial =   2.9857
...saving a checkpoint at iter:  438000
Iteration  440000 :    Loss-adversarial =   2.8796
...saving a checkpoint at iter:  440000
Iteration  442000 :    Loss-adversarial =   3.1083
...saving a checkpoint at iter:  442000
Iteration  444000 :    Loss-adversarial =   2.9385
...saving a checkpoint at iter:  444000
Iteration  446000 :    Loss-adversarial =   3.0707
...saving a checkpoint at iter:  446000
Iteration  448000 :    Loss-adversarial =   2.2856
...saving a checkpoint at iter:  448000
Iteration  450000 :    Loss-adversarial =   2.5530
...saving a checkpoint at iter:  450000
Iteration  452000 :    Loss-adversarial =   2.9553
...saving a checkpoint at iter:  452000
Iteration  454000 :    Loss-adversarial =   3.0984
...saving a checkpoint at iter:  454000
Iteration  456000 :    Loss-adversarial =   2.6974
...saving a checkpoint at iter:  456000
Iteration  458000 :    Loss-adversarial =   2.8795
...saving a checkpoint at iter:  458000
Iteration  460000 :    Loss-adversarial =   2.4753
...saving a checkpoint at iter:  460000
Iteration  462000 :    Loss-adversarial =   2.4366
...saving a checkpoint at iter:  462000
Iteration  464000 :    Loss-adversarial =   3.4293
...saving a checkpoint at iter:  464000
Iteration  466000 :    Loss-adversarial =   3.1892
...saving a checkpoint at iter:  466000
Iteration  468000 :    Loss-adversarial =   3.3719
...saving a checkpoint at iter:  468000
Iteration  470000 :    Loss-adversarial =   3.0872
...saving a checkpoint at iter:  470000
Iteration  472000 :    Loss-adversarial =   2.6500
...saving a checkpoint at iter:  472000
Iteration  474000 :    Loss-adversarial =   2.6748
...saving a checkpoint at iter:  474000
Iteration  476000 :    Loss-adversarial =   2.4298
...saving a checkpoint at iter:  476000
Iteration  478000 :    Loss-adversarial =   2.5004
...saving a checkpoint at iter:  478000
Iteration  480000 :    Loss-adversarial =   2.8665
...saving a checkpoint at iter:  480000
Iteration  482000 :    Loss-adversarial =   3.0172
...saving a checkpoint at iter:  482000
Iteration  484000 :    Loss-adversarial =   2.8959
...saving a checkpoint at iter:  484000
Iteration  486000 :    Loss-adversarial =   2.8074
...saving a checkpoint at iter:  486000
Iteration  488000 :    Loss-adversarial =   2.7788
...saving a checkpoint at iter:  488000
Iteration  490000 :    Loss-adversarial =   3.0425
...saving a checkpoint at iter:  490000
Iteration  492000 :    Loss-adversarial =   3.0689
...saving a checkpoint at iter:  492000
Iteration  494000 :    Loss-adversarial =   2.6384
...saving a checkpoint at iter:  494000
Iteration  496000 :    Loss-adversarial =   3.0286
...saving a checkpoint at iter:  496000
Iteration  498000 :    Loss-adversarial =   2.7448
...saving a checkpoint at iter:  498000
Iteration  500000 :    Loss-adversarial =   2.6463
...saving a checkpoint at iter:  500000
Iteration  502000 :    Loss-adversarial =   2.7969
...saving a checkpoint at iter:  502000
Iteration  504000 :    Loss-adversarial =   2.5441
...saving a checkpoint at iter:  504000
Iteration  506000 :    Loss-adversarial =   2.8251
...saving a checkpoint at iter:  506000
Iteration  508000 :    Loss-adversarial =   2.6874
...saving a checkpoint at iter:  508000
Iteration  510000 :    Loss-adversarial =   2.9490
...saving a checkpoint at iter:  510000
Iteration  512000 :    Loss-adversarial =   2.6822
...saving a checkpoint at iter:  512000
Iteration  514000 :    Loss-adversarial =   2.6350
...saving a checkpoint at iter:  514000
Iteration  516000 :    Loss-adversarial =   2.7342
...saving a checkpoint at iter:  516000
Iteration  518000 :    Loss-adversarial =   2.8251
...saving a checkpoint at iter:  518000
Iteration  520000 :    Loss-adversarial =   2.7139
...saving a checkpoint at iter:  520000
Iteration  522000 :    Loss-adversarial =   2.8874
...saving a checkpoint at iter:  522000
Iteration  524000 :    Loss-adversarial =   2.9034
...saving a checkpoint at iter:  524000
Iteration  526000 :    Loss-adversarial =   2.3502
...saving a checkpoint at iter:  526000
Iteration  528000 :    Loss-adversarial =   2.9358
...saving a checkpoint at iter:  528000
Iteration  530000 :    Loss-adversarial =   2.5613
...saving a checkpoint at iter:  530000
Iteration  532000 :    Loss-adversarial =   3.3272
...saving a checkpoint at iter:  532000
Iteration  534000 :    Loss-adversarial =   2.5336
...saving a checkpoint at iter:  534000
Iteration  536000 :    Loss-adversarial =   2.7313
...saving a checkpoint at iter:  536000
Iteration  538000 :    Loss-adversarial =   2.3023
...saving a checkpoint at iter:  538000
Iteration  540000 :    Loss-adversarial =   2.6901
...saving a checkpoint at iter:  540000
Iteration  542000 :    Loss-adversarial =   2.7001
...saving a checkpoint at iter:  542000
Iteration  544000 :    Loss-adversarial =   2.6434
...saving a checkpoint at iter:  544000
Iteration  546000 :    Loss-adversarial =   2.5562
...saving a checkpoint at iter:  546000
Iteration  548000 :    Loss-adversarial =   2.8660
...saving a checkpoint at iter:  548000
Iteration  550000 :    Loss-adversarial =   3.0215
...saving a checkpoint at iter:  550000
Iteration  552000 :    Loss-adversarial =   2.8097
...saving a checkpoint at iter:  552000
Iteration  554000 :    Loss-adversarial =   2.4957
...saving a checkpoint at iter:  554000
Iteration  556000 :    Loss-adversarial =   2.6904
...saving a checkpoint at iter:  556000
Iteration  558000 :    Loss-adversarial =   2.6486
...saving a checkpoint at iter:  558000
Iteration  560000 :    Loss-adversarial =   2.6261
...saving a checkpoint at iter:  560000
Iteration  562000 :    Loss-adversarial =   2.3777
...saving a checkpoint at iter:  562000
Iteration  564000 :    Loss-adversarial =   2.8587
...saving a checkpoint at iter:  564000
Iteration  566000 :    Loss-adversarial =   2.6733
...saving a checkpoint at iter:  566000
Iteration  568000 :    Loss-adversarial =   2.9812
...saving a checkpoint at iter:  568000
Iteration  570000 :    Loss-adversarial =   2.7186
...saving a checkpoint at iter:  570000
Iteration  572000 :    Loss-adversarial =   2.6311
...saving a checkpoint at iter:  572000
Iteration  574000 :    Loss-adversarial =   2.7259
...saving a checkpoint at iter:  574000
Iteration  576000 :    Loss-adversarial =   2.8871
...saving a checkpoint at iter:  576000
Iteration  578000 :    Loss-adversarial =   2.4410
...saving a checkpoint at iter:  578000
Iteration  580000 :    Loss-adversarial =   2.5333
...saving a checkpoint at iter:  580000
Iteration  582000 :    Loss-adversarial =   2.4585
...saving a checkpoint at iter:  582000
Iteration  584000 :    Loss-adversarial =  11.5876
...saving a checkpoint at iter:  584000
Iteration  586000 :    Loss-adversarial =   5.0909
...saving a checkpoint at iter:  586000
Iteration  588000 :    Loss-adversarial =   6.8702
...saving a checkpoint at iter:  588000
Iteration  590000 :    Loss-adversarial =   8.6707
...saving a checkpoint at iter:  590000
Iteration  592000 :    Loss-adversarial =   7.6330
...saving a checkpoint at iter:  592000
Iteration  594000 :    Loss-adversarial =   7.2154
...saving a checkpoint at iter:  594000
Iteration  596000 :    Loss-adversarial =   6.4113
...saving a checkpoint at iter:  596000
Iteration  598000 :    Loss-adversarial =   5.8212
...saving a checkpoint at iter:  598000
Iteration  600000 :    Loss-adversarial =   5.5764
...saving a checkpoint at iter:  600000
Iteration  602000 :    Loss-adversarial =   5.6498
...saving a checkpoint at iter:  602000
Iteration  604000 :    Loss-adversarial =   5.6695
...saving a checkpoint at iter:  604000
Iteration  606000 :    Loss-adversarial =   5.2216
...saving a checkpoint at iter:  606000
Iteration  608000 :    Loss-adversarial =   4.8673
...saving a checkpoint at iter:  608000
Iteration  610000 :    Loss-adversarial =   4.9308
...saving a checkpoint at iter:  610000
Iteration  612000 :    Loss-adversarial =   5.2414
...saving a checkpoint at iter:  612000
Iteration  614000 :    Loss-adversarial =   4.9861
...saving a checkpoint at iter:  614000
Iteration  616000 :    Loss-adversarial =   4.5947
...saving a checkpoint at iter:  616000
Iteration  618000 :    Loss-adversarial =   4.5860
...saving a checkpoint at iter:  618000
Iteration  620000 :    Loss-adversarial =   4.4307
...saving a checkpoint at iter:  620000
Iteration  622000 :    Loss-adversarial =   4.0719
...saving a checkpoint at iter:  622000
Iteration  624000 :    Loss-adversarial =   4.3797
...saving a checkpoint at iter:  624000
Iteration  626000 :    Loss-adversarial =   4.2705
...saving a checkpoint at iter:  626000
Iteration  628000 :    Loss-adversarial =   4.3940
...saving a checkpoint at iter:  628000
Iteration  630000 :    Loss-adversarial =   4.1718
...saving a checkpoint at iter:  630000
Iteration  632000 :    Loss-adversarial =   4.3746
...saving a checkpoint at iter:  632000
Iteration  634000 :    Loss-adversarial =   4.3634
...saving a checkpoint at iter:  634000
Iteration  636000 :    Loss-adversarial =   3.9358
...saving a checkpoint at iter:  636000
Iteration  638000 :    Loss-adversarial =   4.4387
...saving a checkpoint at iter:  638000
Iteration  640000 :    Loss-adversarial =   4.3914
...saving a checkpoint at iter:  640000
Iteration  642000 :    Loss-adversarial =   3.7071
...saving a checkpoint at iter:  642000
Iteration  644000 :    Loss-adversarial =   4.3394
...saving a checkpoint at iter:  644000
Iteration  646000 :    Loss-adversarial =   3.8828
...saving a checkpoint at iter:  646000
Iteration  648000 :    Loss-adversarial =   3.8441
...saving a checkpoint at iter:  648000
Iteration  650000 :    Loss-adversarial =   3.7093
...saving a checkpoint at iter:  650000
Iteration  652000 :    Loss-adversarial =   3.9511
...saving a checkpoint at iter:  652000
Iteration  654000 :    Loss-adversarial =   3.7538
...saving a checkpoint at iter:  654000
Iteration  656000 :    Loss-adversarial =   3.7541
...saving a checkpoint at iter:  656000
Iteration  658000 :    Loss-adversarial =   3.7573
...saving a checkpoint at iter:  658000
Iteration  660000 :    Loss-adversarial =   3.8631
...saving a checkpoint at iter:  660000
Iteration  662000 :    Loss-adversarial =   4.0520
...saving a checkpoint at iter:  662000
Iteration  664000 :    Loss-adversarial =   3.9234
...saving a checkpoint at iter:  664000
Iteration  666000 :    Loss-adversarial =   4.1799
...saving a checkpoint at iter:  666000
Iteration  668000 :    Loss-adversarial =   3.5735
...saving a checkpoint at iter:  668000
Iteration  670000 :    Loss-adversarial =   3.4731
...saving a checkpoint at iter:  670000
Iteration  672000 :    Loss-adversarial =   3.2755
...saving a checkpoint at iter:  672000
Iteration  674000 :    Loss-adversarial =   3.7311
...saving a checkpoint at iter:  674000
Iteration  676000 :    Loss-adversarial =   3.5128
...saving a checkpoint at iter:  676000
Iteration  678000 :    Loss-adversarial =   3.9804
...saving a checkpoint at iter:  678000
Iteration  680000 :    Loss-adversarial =   4.0899
...saving a checkpoint at iter:  680000
Iteration  682000 :    Loss-adversarial =   3.4176
...saving a checkpoint at iter:  682000
Iteration  684000 :    Loss-adversarial =   3.9044
...saving a checkpoint at iter:  684000
Iteration  686000 :    Loss-adversarial =   3.3729
...saving a checkpoint at iter:  686000
Iteration  688000 :    Loss-adversarial =   3.9761
...saving a checkpoint at iter:  688000
Iteration  690000 :    Loss-adversarial =   3.7210
...saving a checkpoint at iter:  690000
Iteration  692000 :    Loss-adversarial =   3.4722
...saving a checkpoint at iter:  692000
Iteration  694000 :    Loss-adversarial =   3.7804
...saving a checkpoint at iter:  694000
Iteration  696000 :    Loss-adversarial =   3.6350
...saving a checkpoint at iter:  696000
Iteration  698000 :    Loss-adversarial =   3.3732
...saving a checkpoint at iter:  698000
Iteration  700000 :    Loss-adversarial =   3.1950
...saving a checkpoint at iter:  700000
Iteration  702000 :    Loss-adversarial =   3.5428
...saving a checkpoint at iter:  702000
Iteration  704000 :    Loss-adversarial =   3.1948
...saving a checkpoint at iter:  704000
Iteration  706000 :    Loss-adversarial =   3.7988
...saving a checkpoint at iter:  706000
Iteration  708000 :    Loss-adversarial =   3.7265
...saving a checkpoint at iter:  708000
Iteration  710000 :    Loss-adversarial =   3.5283
...saving a checkpoint at iter:  710000
Iteration  712000 :    Loss-adversarial =   3.5572
...saving a checkpoint at iter:  712000
Iteration  714000 :    Loss-adversarial =   3.3552
...saving a checkpoint at iter:  714000
Iteration  716000 :    Loss-adversarial =   3.2789
...saving a checkpoint at iter:  716000
Iteration  718000 :    Loss-adversarial =   3.3549
...saving a checkpoint at iter:  718000
Iteration  720000 :    Loss-adversarial =   3.0431
...saving a checkpoint at iter:  720000
Iteration  722000 :    Loss-adversarial =   3.4324
...saving a checkpoint at iter:  722000
Iteration  724000 :    Loss-adversarial =   3.3923
...saving a checkpoint at iter:  724000
Iteration  726000 :    Loss-adversarial =   3.3435
...saving a checkpoint at iter:  726000
Iteration  728000 :    Loss-adversarial =   3.4721
...saving a checkpoint at iter:  728000
Iteration  730000 :    Loss-adversarial =   3.1972
...saving a checkpoint at iter:  730000
Iteration  732000 :    Loss-adversarial =   3.6804
...saving a checkpoint at iter:  732000
Iteration  734000 :    Loss-adversarial =   3.3976
...saving a checkpoint at iter:  734000
Iteration  736000 :    Loss-adversarial =   3.4768
...saving a checkpoint at iter:  736000
Iteration  738000 :    Loss-adversarial =   3.1993
...saving a checkpoint at iter:  738000
Iteration  740000 :    Loss-adversarial =   3.0355
...saving a checkpoint at iter:  740000
Iteration  742000 :    Loss-adversarial =   3.0143
...saving a checkpoint at iter:  742000
Iteration  744000 :    Loss-adversarial =   3.1743
...saving a checkpoint at iter:  744000
Iteration  746000 :    Loss-adversarial =   2.8343
...saving a checkpoint at iter:  746000
Iteration  748000 :    Loss-adversarial =   3.1268
...saving a checkpoint at iter:  748000
Iteration  750000 :    Loss-adversarial =   2.9298
...saving a checkpoint at iter:  750000
Iteration  752000 :    Loss-adversarial =   3.0085
...saving a checkpoint at iter:  752000
Iteration  754000 :    Loss-adversarial =   3.3513
...saving a checkpoint at iter:  754000
Iteration  756000 :    Loss-adversarial =   3.5814
...saving a checkpoint at iter:  756000
Iteration  758000 :    Loss-adversarial =   3.3029
...saving a checkpoint at iter:  758000
Iteration  760000 :    Loss-adversarial =   3.0343
...saving a checkpoint at iter:  760000
Iteration  762000 :    Loss-adversarial =   3.0371
...saving a checkpoint at iter:  762000
Iteration  764000 :    Loss-adversarial =   3.0900
...saving a checkpoint at iter:  764000
Iteration  766000 :    Loss-adversarial =   2.9069
...saving a checkpoint at iter:  766000
Iteration  768000 :    Loss-adversarial =   3.3368
...saving a checkpoint at iter:  768000
Iteration  770000 :    Loss-adversarial =   2.9746
...saving a checkpoint at iter:  770000
Iteration  772000 :    Loss-adversarial =   2.8708
...saving a checkpoint at iter:  772000
Iteration  774000 :    Loss-adversarial =   3.2551
...saving a checkpoint at iter:  774000
Iteration  776000 :    Loss-adversarial =   2.6607
...saving a checkpoint at iter:  776000
Iteration  778000 :    Loss-adversarial =   3.2483
...saving a checkpoint at iter:  778000
Iteration  780000 :    Loss-adversarial =   3.0477
...saving a checkpoint at iter:  780000
Iteration  782000 :    Loss-adversarial =   3.3477
...saving a checkpoint at iter:  782000
Iteration  784000 :    Loss-adversarial =   3.4385
...saving a checkpoint at iter:  784000
Iteration  786000 :    Loss-adversarial =   3.4441
...saving a checkpoint at iter:  786000
Iteration  788000 :    Loss-adversarial =   2.8321
...saving a checkpoint at iter:  788000
Iteration  790000 :    Loss-adversarial =   3.4300
...saving a checkpoint at iter:  790000
Iteration  792000 :    Loss-adversarial =   3.1679
...saving a checkpoint at iter:  792000
Iteration  794000 :    Loss-adversarial =   2.8716
...saving a checkpoint at iter:  794000
Iteration  796000 :    Loss-adversarial =   2.7272
...saving a checkpoint at iter:  796000
Iteration  798000 :    Loss-adversarial =   3.2097
...saving a checkpoint at iter:  798000
Iteration  800000 :    Loss-adversarial =   3.7968
...saving a checkpoint at iter:  800000
Iteration  802000 :    Loss-adversarial =   2.9441
...saving a checkpoint at iter:  802000
Iteration  804000 :    Loss-adversarial =   3.1147
...saving a checkpoint at iter:  804000
Iteration  806000 :    Loss-adversarial =   2.5202
...saving a checkpoint at iter:  806000
Iteration  808000 :    Loss-adversarial =   2.9454
...saving a checkpoint at iter:  808000
Iteration  810000 :    Loss-adversarial =   2.8726
...saving a checkpoint at iter:  810000
Iteration  812000 :    Loss-adversarial =   2.7596
...saving a checkpoint at iter:  812000
Iteration  814000 :    Loss-adversarial =   3.7750
...saving a checkpoint at iter:  814000
Iteration  816000 :    Loss-adversarial =   2.9887
...saving a checkpoint at iter:  816000
Iteration  818000 :    Loss-adversarial =   2.8015
...saving a checkpoint at iter:  818000
Iteration  820000 :    Loss-adversarial =   2.9194
...saving a checkpoint at iter:  820000
Iteration  822000 :    Loss-adversarial =   2.8303
...saving a checkpoint at iter:  822000
Iteration  824000 :    Loss-adversarial =   2.6918
...saving a checkpoint at iter:  824000
Iteration  826000 :    Loss-adversarial =   3.0638
...saving a checkpoint at iter:  826000
Iteration  828000 :    Loss-adversarial =   2.5019
...saving a checkpoint at iter:  828000
Iteration  830000 :    Loss-adversarial =   2.8528
...saving a checkpoint at iter:  830000
Iteration  832000 :    Loss-adversarial =   2.9347
...saving a checkpoint at iter:  832000
Iteration  834000 :    Loss-adversarial =   2.7414
...saving a checkpoint at iter:  834000
Iteration  836000 :    Loss-adversarial =   2.8575
...saving a checkpoint at iter:  836000
Iteration  838000 :    Loss-adversarial =   2.6571
...saving a checkpoint at iter:  838000
Iteration  840000 :    Loss-adversarial =   3.2440
...saving a checkpoint at iter:  840000
Iteration  842000 :    Loss-adversarial =   2.7078
...saving a checkpoint at iter:  842000
Iteration  844000 :    Loss-adversarial =   3.2975
...saving a checkpoint at iter:  844000
Iteration  846000 :    Loss-adversarial =   2.7584
...saving a checkpoint at iter:  846000
Iteration  848000 :    Loss-adversarial =   3.0466
...saving a checkpoint at iter:  848000
Iteration  850000 :    Loss-adversarial =   2.8463
...saving a checkpoint at iter:  850000
Iteration  852000 :    Loss-adversarial =   2.9904
...saving a checkpoint at iter:  852000
Iteration  854000 :    Loss-adversarial =   2.5416
...saving a checkpoint at iter:  854000
Iteration  856000 :    Loss-adversarial =   2.7965
...saving a checkpoint at iter:  856000
Iteration  858000 :    Loss-adversarial =   3.1459
...saving a checkpoint at iter:  858000
Iteration  860000 :    Loss-adversarial =   2.7536
...saving a checkpoint at iter:  860000
Iteration  862000 :    Loss-adversarial =   2.5382
...saving a checkpoint at iter:  862000
Iteration  864000 :    Loss-adversarial =   2.8568
...saving a checkpoint at iter:  864000
Iteration  866000 :    Loss-adversarial =   3.6059
...saving a checkpoint at iter:  866000
Iteration  868000 :    Loss-adversarial =   2.8358
...saving a checkpoint at iter:  868000
Iteration  870000 :    Loss-adversarial =   2.7850
...saving a checkpoint at iter:  870000
Iteration  872000 :    Loss-adversarial =   2.5590
...saving a checkpoint at iter:  872000
Iteration  874000 :    Loss-adversarial =   2.7312
...saving a checkpoint at iter:  874000
Iteration  876000 :    Loss-adversarial =   2.4935
...saving a checkpoint at iter:  876000
Iteration  878000 :    Loss-adversarial =   2.6638
...saving a checkpoint at iter:  878000
Iteration  880000 :    Loss-adversarial =   2.8556
...saving a checkpoint at iter:  880000
Iteration  882000 :    Loss-adversarial =   2.4707
...saving a checkpoint at iter:  882000
Iteration  884000 :    Loss-adversarial =   2.9343
...saving a checkpoint at iter:  884000
Iteration  886000 :    Loss-adversarial =   2.2652
...saving a checkpoint at iter:  886000
Iteration  888000 :    Loss-adversarial =   2.5601
...saving a checkpoint at iter:  888000
Iteration  890000 :    Loss-adversarial =   2.8751
...saving a checkpoint at iter:  890000
Iteration  892000 :    Loss-adversarial =   2.8508
...saving a checkpoint at iter:  892000
Iteration  894000 :    Loss-adversarial =   2.4844
...saving a checkpoint at iter:  894000
Iteration  896000 :    Loss-adversarial =   2.7108
...saving a checkpoint at iter:  896000
Iteration  898000 :    Loss-adversarial =   2.8949
...saving a checkpoint at iter:  898000
Iteration  900000 :    Loss-adversarial =   2.2479
...saving a checkpoint at iter:  900000
Iteration  902000 :    Loss-adversarial =   2.5595
...saving a checkpoint at iter:  902000
Iteration  904000 :    Loss-adversarial =   3.0073
...saving a checkpoint at iter:  904000
Iteration  906000 :    Loss-adversarial =   2.5430
...saving a checkpoint at iter:  906000
Iteration  908000 :    Loss-adversarial =   2.9688
...saving a checkpoint at iter:  908000
Iteration  910000 :    Loss-adversarial =   2.6369
...saving a checkpoint at iter:  910000
Iteration  912000 :    Loss-adversarial =   2.7825
...saving a checkpoint at iter:  912000
Iteration  914000 :    Loss-adversarial =   2.7010
...saving a checkpoint at iter:  914000
Iteration  916000 :    Loss-adversarial =   3.1075
...saving a checkpoint at iter:  916000
Iteration  918000 :    Loss-adversarial =   2.7205
...saving a checkpoint at iter:  918000
Iteration  920000 :    Loss-adversarial =   2.6965
...saving a checkpoint at iter:  920000
Iteration  922000 :    Loss-adversarial =   2.9307
...saving a checkpoint at iter:  922000
Iteration  924000 :    Loss-adversarial =   2.9639
...saving a checkpoint at iter:  924000
Iteration  926000 :    Loss-adversarial =   2.6998
...saving a checkpoint at iter:  926000
Iteration  928000 :    Loss-adversarial =   2.6993
...saving a checkpoint at iter:  928000
Iteration  930000 :    Loss-adversarial =   2.5605
...saving a checkpoint at iter:  930000
Iteration  932000 :    Loss-adversarial =   2.8587
...saving a checkpoint at iter:  932000
Iteration  934000 :    Loss-adversarial =   2.4963
...saving a checkpoint at iter:  934000
Iteration  936000 :    Loss-adversarial =   2.4780
...saving a checkpoint at iter:  936000
Iteration  938000 :    Loss-adversarial =   2.6300
...saving a checkpoint at iter:  938000
Iteration  940000 :    Loss-adversarial =   2.5191
...saving a checkpoint at iter:  940000
Iteration  942000 :    Loss-adversarial =   2.5298
...saving a checkpoint at iter:  942000
Iteration  944000 :    Loss-adversarial =   2.5648
...saving a checkpoint at iter:  944000
Iteration  946000 :    Loss-adversarial =   2.5050
...saving a checkpoint at iter:  946000
Iteration  948000 :    Loss-adversarial =   2.6472
...saving a checkpoint at iter:  948000
Iteration  950000 :    Loss-adversarial =   2.6718
...saving a checkpoint at iter:  950000
Iteration  952000 :    Loss-adversarial =   2.4228
...saving a checkpoint at iter:  952000
Iteration  954000 :    Loss-adversarial =   2.6782
...saving a checkpoint at iter:  954000
Iteration  956000 :    Loss-adversarial =   2.7526
...saving a checkpoint at iter:  956000
Iteration  958000 :    Loss-adversarial =   2.4416
...saving a checkpoint at iter:  958000
Iteration  960000 :    Loss-adversarial =   2.7634
...saving a checkpoint at iter:  960000
Iteration  962000 :    Loss-adversarial =   2.5978
...saving a checkpoint at iter:  962000
Iteration  964000 :    Loss-adversarial =   2.8134
...saving a checkpoint at iter:  964000
Iteration  966000 :    Loss-adversarial =   2.6093
...saving a checkpoint at iter:  966000
Iteration  968000 :    Loss-adversarial =   2.5851
...saving a checkpoint at iter:  968000
Iteration  970000 :    Loss-adversarial =   2.6820
...saving a checkpoint at iter:  970000
Iteration  972000 :    Loss-adversarial =   2.6850
...saving a checkpoint at iter:  972000
Iteration  974000 :    Loss-adversarial =   2.9430
...saving a checkpoint at iter:  974000
Iteration  976000 :    Loss-adversarial =   3.1111
...saving a checkpoint at iter:  976000
Iteration  978000 :    Loss-adversarial =   3.0787
...saving a checkpoint at iter:  978000
Iteration  980000 :    Loss-adversarial =   2.6780
...saving a checkpoint at iter:  980000
Iteration  982000 :    Loss-adversarial =   2.9236
...saving a checkpoint at iter:  982000
Iteration  984000 :    Loss-adversarial =   2.6685
...saving a checkpoint at iter:  984000
Iteration  986000 :    Loss-adversarial =   3.0081
...saving a checkpoint at iter:  986000
Iteration  988000 :    Loss-adversarial =   2.6493
...saving a checkpoint at iter:  988000
Iteration  990000 :    Loss-adversarial =   2.6806
...saving a checkpoint at iter:  990000
Iteration  992000 :    Loss-adversarial =   2.1313
...saving a checkpoint at iter:  992000
Iteration  994000 :    Loss-adversarial =   2.8091
...saving a checkpoint at iter:  994000
Iteration  996000 :    Loss-adversarial =   2.8467
...saving a checkpoint at iter:  996000
Iteration  998000 :    Loss-adversarial =   2.8278
...saving a checkpoint at iter:  998000
Iteration  1000000 :    Loss-adversarial =   2.6963
...saving a checkpoint at iter:  1000000
Iteration  1002000 :    Loss-adversarial =   2.4657
...saving a checkpoint at iter:  1002000
Iteration  1004000 :    Loss-adversarial =   2.5744
...saving a checkpoint at iter:  1004000
Iteration  1006000 :    Loss-adversarial =   2.8760
...saving a checkpoint at iter:  1006000
Iteration  1008000 :    Loss-adversarial =   2.9249
...saving a checkpoint at iter:  1008000
Iteration  1010000 :    Loss-adversarial =   2.4322
...saving a checkpoint at iter:  1010000
Iteration  1012000 :    Loss-adversarial =   2.5735
...saving a checkpoint at iter:  1012000
Iteration  1014000 :    Loss-adversarial =   2.5760
...saving a checkpoint at iter:  1014000
Iteration  1016000 :    Loss-adversarial =   2.6920
...saving a checkpoint at iter:  1016000
Iteration  1018000 :    Loss-adversarial =   3.1533
...saving a checkpoint at iter:  1018000
Iteration  1020000 :    Loss-adversarial =   2.4914
...saving a checkpoint at iter:  1020000
Iteration  1022000 :    Loss-adversarial =   2.6609
...saving a checkpoint at iter:  1022000
Iteration  1024000 :    Loss-adversarial =   2.5832
...saving a checkpoint at iter:  1024000
Iteration  1026000 :    Loss-adversarial =   2.4647
...saving a checkpoint at iter:  1026000
Iteration  1028000 :    Loss-adversarial =   2.5759
...saving a checkpoint at iter:  1028000
Iteration  1030000 :    Loss-adversarial =   2.8589
...saving a checkpoint at iter:  1030000
Iteration  1032000 :    Loss-adversarial =   2.3440
...saving a checkpoint at iter:  1032000
Iteration  1034000 :    Loss-adversarial =   2.3749
...saving a checkpoint at iter:  1034000
Iteration  1036000 :    Loss-adversarial =   2.9139
...saving a checkpoint at iter:  1036000
Iteration  1038000 :    Loss-adversarial =   2.5255
...saving a checkpoint at iter:  1038000
Iteration  1040000 :    Loss-adversarial =   2.8587
...saving a checkpoint at iter:  1040000
Iteration  1042000 :    Loss-adversarial =   2.6803
...saving a checkpoint at iter:  1042000
Iteration  1044000 :    Loss-adversarial =   2.4809
...saving a checkpoint at iter:  1044000
Iteration  1046000 :    Loss-adversarial =   2.3551
...saving a checkpoint at iter:  1046000
Iteration  1048000 :    Loss-adversarial =   2.4467
...saving a checkpoint at iter:  1048000
Iteration  1050000 :    Loss-adversarial =   2.4792
...saving a checkpoint at iter:  1050000
Iteration  1052000 :    Loss-adversarial =   2.7887
...saving a checkpoint at iter:  1052000
Iteration  1054000 :    Loss-adversarial =   2.3645
...saving a checkpoint at iter:  1054000
Iteration  1056000 :    Loss-adversarial =   2.3079
...saving a checkpoint at iter:  1056000
Iteration  1058000 :    Loss-adversarial =   2.5700
...saving a checkpoint at iter:  1058000
Iteration  1060000 :    Loss-adversarial =   2.4318
...saving a checkpoint at iter:  1060000
Iteration  1062000 :    Loss-adversarial =   2.2984
...saving a checkpoint at iter:  1062000
Iteration  1064000 :    Loss-adversarial =   2.6366
...saving a checkpoint at iter:  1064000
Iteration  1066000 :    Loss-adversarial =   2.5122
...saving a checkpoint at iter:  1066000
Iteration  1068000 :    Loss-adversarial =   2.5061
...saving a checkpoint at iter:  1068000
Iteration  1070000 :    Loss-adversarial =   2.4296
...saving a checkpoint at iter:  1070000
Iteration  1072000 :    Loss-adversarial =   2.7499
...saving a checkpoint at iter:  1072000
Iteration  1074000 :    Loss-adversarial =   2.0677
...saving a checkpoint at iter:  1074000
Iteration  1076000 :    Loss-adversarial =   2.6186
...saving a checkpoint at iter:  1076000
Iteration  1078000 :    Loss-adversarial =   2.8626
...saving a checkpoint at iter:  1078000
Iteration  1080000 :    Loss-adversarial =   2.2317
...saving a checkpoint at iter:  1080000
Iteration  1082000 :    Loss-adversarial =   2.5515
...saving a checkpoint at iter:  1082000
Iteration  1084000 :    Loss-adversarial =   2.6013
...saving a checkpoint at iter:  1084000
Iteration  1086000 :    Loss-adversarial =   2.3019
...saving a checkpoint at iter:  1086000
Iteration  1088000 :    Loss-adversarial =   2.7711
...saving a checkpoint at iter:  1088000
Iteration  1090000 :    Loss-adversarial =   2.4258
...saving a checkpoint at iter:  1090000
Iteration  1092000 :    Loss-adversarial =   2.2740
...saving a checkpoint at iter:  1092000
Iteration  1094000 :    Loss-adversarial =   3.0256
...saving a checkpoint at iter:  1094000
Iteration  1096000 :    Loss-adversarial =   2.3120
...saving a checkpoint at iter:  1096000
Iteration  1098000 :    Loss-adversarial =   2.2997
...saving a checkpoint at iter:  1098000
Iteration  1100000 :    Loss-adversarial =   2.3349
...saving a checkpoint at iter:  1100000
Iteration  1102000 :    Loss-adversarial =   2.2201
...saving a checkpoint at iter:  1102000
Iteration  1104000 :    Loss-adversarial =   2.2291
...saving a checkpoint at iter:  1104000
Iteration  1106000 :    Loss-adversarial =   2.7666
...saving a checkpoint at iter:  1106000
Iteration  1108000 :    Loss-adversarial =   2.3771
...saving a checkpoint at iter:  1108000
Iteration  1110000 :    Loss-adversarial =   2.3546
...saving a checkpoint at iter:  1110000
Iteration  1112000 :    Loss-adversarial =   2.0796
...saving a checkpoint at iter:  1112000
Iteration  1114000 :    Loss-adversarial =   2.5117
...saving a checkpoint at iter:  1114000
Iteration  1116000 :    Loss-adversarial =   2.4776
...saving a checkpoint at iter:  1116000
Iteration  1118000 :    Loss-adversarial =   2.7848
...saving a checkpoint at iter:  1118000
Iteration  1120000 :    Loss-adversarial =   2.1527
...saving a checkpoint at iter:  1120000
Iteration  1122000 :    Loss-adversarial =   2.6275
...saving a checkpoint at iter:  1122000
Iteration  1124000 :    Loss-adversarial =   2.5019
...saving a checkpoint at iter:  1124000
Iteration  1126000 :    Loss-adversarial =   2.1579
...saving a checkpoint at iter:  1126000
Iteration  1128000 :    Loss-adversarial =   2.6891
...saving a checkpoint at iter:  1128000
Iteration  1130000 :    Loss-adversarial =   2.3616
...saving a checkpoint at iter:  1130000
Iteration  1132000 :    Loss-adversarial =   2.4692
...saving a checkpoint at iter:  1132000
Iteration  1134000 :    Loss-adversarial =   2.7136
...saving a checkpoint at iter:  1134000
Iteration  1136000 :    Loss-adversarial =   2.7372
...saving a checkpoint at iter:  1136000
Iteration  1138000 :    Loss-adversarial =   2.5562
...saving a checkpoint at iter:  1138000
Iteration  1140000 :    Loss-adversarial =   2.4172
...saving a checkpoint at iter:  1140000
Iteration  1142000 :    Loss-adversarial =   2.5071
...saving a checkpoint at iter:  1142000
Iteration  1144000 :    Loss-adversarial =   2.3730
...saving a checkpoint at iter:  1144000
Iteration  1146000 :    Loss-adversarial =   2.4249
...saving a checkpoint at iter:  1146000
Iteration  1148000 :    Loss-adversarial =   2.3595
...saving a checkpoint at iter:  1148000
Iteration  1150000 :    Loss-adversarial =   2.5868
...saving a checkpoint at iter:  1150000
Iteration  1152000 :    Loss-adversarial =   2.1253
...saving a checkpoint at iter:  1152000
Iteration  1154000 :    Loss-adversarial =   2.5782
...saving a checkpoint at iter:  1154000
Iteration  1156000 :    Loss-adversarial =   2.3051
...saving a checkpoint at iter:  1156000
Iteration  1158000 :    Loss-adversarial =   2.5801
...saving a checkpoint at iter:  1158000
Iteration  1160000 :    Loss-adversarial =   2.4715
...saving a checkpoint at iter:  1160000
Iteration  1162000 :    Loss-adversarial =   2.3340
...saving a checkpoint at iter:  1162000
Iteration  1164000 :    Loss-adversarial =   2.2593
...saving a checkpoint at iter:  1164000
Iteration  1166000 :    Loss-adversarial =   2.4847
...saving a checkpoint at iter:  1166000
Iteration  1168000 :    Loss-adversarial =   2.2994
...saving a checkpoint at iter:  1168000
Iteration  1170000 :    Loss-adversarial =   2.2893
...saving a checkpoint at iter:  1170000
Iteration  1172000 :    Loss-adversarial =   2.4915
...saving a checkpoint at iter:  1172000
Iteration  1174000 :    Loss-adversarial =   2.3348
...saving a checkpoint at iter:  1174000
Iteration  1176000 :    Loss-adversarial =   2.4386
...saving a checkpoint at iter:  1176000
Iteration  1178000 :    Loss-adversarial =   2.3677
...saving a checkpoint at iter:  1178000
Iteration  1180000 :    Loss-adversarial =   2.7777
...saving a checkpoint at iter:  1180000
Iteration  1182000 :    Loss-adversarial =   2.4709
...saving a checkpoint at iter:  1182000
Iteration  1184000 :    Loss-adversarial =   2.6035
...saving a checkpoint at iter:  1184000
Iteration  1186000 :    Loss-adversarial =   2.3353
...saving a checkpoint at iter:  1186000
Iteration  1188000 :    Loss-adversarial =   2.6138
...saving a checkpoint at iter:  1188000
Iteration  1190000 :    Loss-adversarial =   2.1294
...saving a checkpoint at iter:  1190000
Iteration  1192000 :    Loss-adversarial =   2.1321
...saving a checkpoint at iter:  1192000
Iteration  1194000 :    Loss-adversarial =   2.4276
...saving a checkpoint at iter:  1194000
Iteration  1196000 :    Loss-adversarial =   2.1219
...saving a checkpoint at iter:  1196000
Iteration  1198000 :    Loss-adversarial =   2.3562
...saving a checkpoint at iter:  1198000
Iteration  1200000 :    Loss-adversarial =   2.2654
...saving a checkpoint at iter:  1200000
Iteration  1202000 :    Loss-adversarial =   2.3479
...saving a checkpoint at iter:  1202000
Iteration  1204000 :    Loss-adversarial =   2.1921
...saving a checkpoint at iter:  1204000
Iteration  1206000 :    Loss-adversarial =   2.3167
...saving a checkpoint at iter:  1206000
Iteration  1208000 :    Loss-adversarial =   2.4634
...saving a checkpoint at iter:  1208000
Iteration  1210000 :    Loss-adversarial =   2.3863
...saving a checkpoint at iter:  1210000
Iteration  1212000 :    Loss-adversarial =   2.4345
...saving a checkpoint at iter:  1212000
Iteration  1214000 :    Loss-adversarial =   2.5363
...saving a checkpoint at iter:  1214000
Iteration  1216000 :    Loss-adversarial =   2.5509
...saving a checkpoint at iter:  1216000
Iteration  1218000 :    Loss-adversarial =   2.3287
...saving a checkpoint at iter:  1218000
Iteration  1220000 :    Loss-adversarial =   2.1807
...saving a checkpoint at iter:  1220000
Iteration  1222000 :    Loss-adversarial =   2.3590
...saving a checkpoint at iter:  1222000
Iteration  1224000 :    Loss-adversarial =   2.4595
...saving a checkpoint at iter:  1224000
Iteration  1226000 :    Loss-adversarial =   2.1809
...saving a checkpoint at iter:  1226000
Iteration  1228000 :    Loss-adversarial =   2.6009
...saving a checkpoint at iter:  1228000
Iteration  1230000 :    Loss-adversarial =   2.5641
...saving a checkpoint at iter:  1230000
Iteration  1232000 :    Loss-adversarial =   2.3246
...saving a checkpoint at iter:  1232000
Iteration  1234000 :    Loss-adversarial =   2.3487
...saving a checkpoint at iter:  1234000
Iteration  1236000 :    Loss-adversarial =   2.1588
...saving a checkpoint at iter:  1236000
Iteration  1238000 :    Loss-adversarial =   2.7030
...saving a checkpoint at iter:  1238000
Iteration  1240000 :    Loss-adversarial =   2.1463
...saving a checkpoint at iter:  1240000
Iteration  1242000 :    Loss-adversarial =   2.3775
...saving a checkpoint at iter:  1242000
Iteration  1244000 :    Loss-adversarial =   2.4618
...saving a checkpoint at iter:  1244000
Iteration  1246000 :    Loss-adversarial =   2.1654
...saving a checkpoint at iter:  1246000
Iteration  1248000 :    Loss-adversarial =   2.4110
...saving a checkpoint at iter:  1248000
Iteration  1250000 :    Loss-adversarial =   2.2868
...saving a checkpoint at iter:  1250000
Iteration  1252000 :    Loss-adversarial =   2.9452
...saving a checkpoint at iter:  1252000
Iteration  1254000 :    Loss-adversarial =   2.4476
...saving a checkpoint at iter:  1254000
Iteration  1256000 :    Loss-adversarial =   2.3858
...saving a checkpoint at iter:  1256000
Iteration  1258000 :    Loss-adversarial =   2.1493
...saving a checkpoint at iter:  1258000
Iteration  1260000 :    Loss-adversarial =   2.4864
...saving a checkpoint at iter:  1260000
Iteration  1262000 :    Loss-adversarial =   2.1426
...saving a checkpoint at iter:  1262000
Iteration  1264000 :    Loss-adversarial =   2.0040
...saving a checkpoint at iter:  1264000
Iteration  1266000 :    Loss-adversarial =   2.1793
...saving a checkpoint at iter:  1266000
Iteration  1268000 :    Loss-adversarial =   2.3928
...saving a checkpoint at iter:  1268000
Iteration  1270000 :    Loss-adversarial =   2.3667
...saving a checkpoint at iter:  1270000
Iteration  1272000 :    Loss-adversarial =   2.4014
...saving a checkpoint at iter:  1272000
Iteration  1274000 :    Loss-adversarial =   2.2843
...saving a checkpoint at iter:  1274000
Iteration  1276000 :    Loss-adversarial =   2.3675
...saving a checkpoint at iter:  1276000
Iteration  1278000 :    Loss-adversarial =   2.1845
...saving a checkpoint at iter:  1278000
Iteration  1280000 :    Loss-adversarial =   2.5017
...saving a checkpoint at iter:  1280000
Iteration  1282000 :    Loss-adversarial =   2.1539
...saving a checkpoint at iter:  1282000
Iteration  1284000 :    Loss-adversarial =   2.4726
...saving a checkpoint at iter:  1284000
Iteration  1286000 :    Loss-adversarial =   2.2539
...saving a checkpoint at iter:  1286000
Iteration  1288000 :    Loss-adversarial =   1.9728
...saving a checkpoint at iter:  1288000
Iteration  1290000 :    Loss-adversarial =   2.4213
...saving a checkpoint at iter:  1290000
Iteration  1292000 :    Loss-adversarial =   2.2844
...saving a checkpoint at iter:  1292000
Iteration  1294000 :    Loss-adversarial =   2.3472
...saving a checkpoint at iter:  1294000
Iteration  1296000 :    Loss-adversarial =   2.2387
...saving a checkpoint at iter:  1296000
Iteration  1298000 :    Loss-adversarial =   2.4583
...saving a checkpoint at iter:  1298000
Iteration  1300000 :    Loss-adversarial =   2.1729
...saving a checkpoint at iter:  1300000
Iteration  1302000 :    Loss-adversarial =   2.0372
...saving a checkpoint at iter:  1302000
Iteration  1304000 :    Loss-adversarial =   2.1910
...saving a checkpoint at iter:  1304000
Iteration  1306000 :    Loss-adversarial =   2.1409
...saving a checkpoint at iter:  1306000
Iteration  1308000 :    Loss-adversarial =   2.3821
...saving a checkpoint at iter:  1308000
Iteration  1310000 :    Loss-adversarial =   2.1548
...saving a checkpoint at iter:  1310000
Iteration  1312000 :    Loss-adversarial =   2.6018
...saving a checkpoint at iter:  1312000
Iteration  1314000 :    Loss-adversarial =   2.2147
...saving a checkpoint at iter:  1314000
Iteration  1316000 :    Loss-adversarial =   2.3576
...saving a checkpoint at iter:  1316000
Iteration  1318000 :    Loss-adversarial =   2.3677
...saving a checkpoint at iter:  1318000
Iteration  1320000 :    Loss-adversarial =   2.2790
...saving a checkpoint at iter:  1320000
Iteration  1322000 :    Loss-adversarial =   2.1051
...saving a checkpoint at iter:  1322000
Iteration  1324000 :    Loss-adversarial =   2.4491
...saving a checkpoint at iter:  1324000
Iteration  1326000 :    Loss-adversarial =   2.3921
...saving a checkpoint at iter:  1326000
Iteration  1328000 :    Loss-adversarial =   2.1048
...saving a checkpoint at iter:  1328000
Iteration  1330000 :    Loss-adversarial =   2.4714
...saving a checkpoint at iter:  1330000
Iteration  1332000 :    Loss-adversarial =   1.9691
...saving a checkpoint at iter:  1332000
Iteration  1334000 :    Loss-adversarial =   2.4652
...saving a checkpoint at iter:  1334000
Iteration  1336000 :    Loss-adversarial =   2.2270
...saving a checkpoint at iter:  1336000
Iteration  1338000 :    Loss-adversarial =   2.6451
...saving a checkpoint at iter:  1338000
Iteration  1340000 :    Loss-adversarial =   2.2902
...saving a checkpoint at iter:  1340000
Iteration  1342000 :    Loss-adversarial =   2.3167
...saving a checkpoint at iter:  1342000
Iteration  1344000 :    Loss-adversarial =   2.0431
...saving a checkpoint at iter:  1344000
Iteration  1346000 :    Loss-adversarial =   2.2809
...saving a checkpoint at iter:  1346000
Iteration  1348000 :    Loss-adversarial =   1.9492
...saving a checkpoint at iter:  1348000
Iteration  1350000 :    Loss-adversarial =   2.3806
...saving a checkpoint at iter:  1350000
Iteration  1352000 :    Loss-adversarial =   2.0660
...saving a checkpoint at iter:  1352000
Iteration  1354000 :    Loss-adversarial =   2.0033
...saving a checkpoint at iter:  1354000
Iteration  1356000 :    Loss-adversarial =   2.0439
...saving a checkpoint at iter:  1356000
Iteration  1358000 :    Loss-adversarial =   2.3887
...saving a checkpoint at iter:  1358000
Iteration  1360000 :    Loss-adversarial =   2.2472
...saving a checkpoint at iter:  1360000
Iteration  1362000 :    Loss-adversarial =   2.0077
...saving a checkpoint at iter:  1362000
Iteration  1364000 :    Loss-adversarial =   2.1689
...saving a checkpoint at iter:  1364000
Iteration  1366000 :    Loss-adversarial =   2.1762
...saving a checkpoint at iter:  1366000
Iteration  1368000 :    Loss-adversarial =   1.9274
...saving a checkpoint at iter:  1368000
Iteration  1370000 :    Loss-adversarial =   2.1360
...saving a checkpoint at iter:  1370000
Iteration  1372000 :    Loss-adversarial =   2.2200
...saving a checkpoint at iter:  1372000
Iteration  1374000 :    Loss-adversarial =   2.0894
...saving a checkpoint at iter:  1374000
Iteration  1376000 :    Loss-adversarial =   2.1194
...saving a checkpoint at iter:  1376000
Iteration  1378000 :    Loss-adversarial =   2.3179
...saving a checkpoint at iter:  1378000
Iteration  1380000 :    Loss-adversarial =   2.2299
...saving a checkpoint at iter:  1380000
Iteration  1382000 :    Loss-adversarial =   2.1285
...saving a checkpoint at iter:  1382000
Iteration  1384000 :    Loss-adversarial =   2.6398
...saving a checkpoint at iter:  1384000
Iteration  1386000 :    Loss-adversarial =   2.3530
...saving a checkpoint at iter:  1386000
Iteration  1388000 :    Loss-adversarial =   2.0419
...saving a checkpoint at iter:  1388000
Iteration  1390000 :    Loss-adversarial =   2.5734
...saving a checkpoint at iter:  1390000
Iteration  1392000 :    Loss-adversarial =   2.1085
...saving a checkpoint at iter:  1392000
Iteration  1394000 :    Loss-adversarial =   2.6653
...saving a checkpoint at iter:  1394000
Iteration  1396000 :    Loss-adversarial =   2.3698
...saving a checkpoint at iter:  1396000
Iteration  1398000 :    Loss-adversarial =   2.2814
...saving a checkpoint at iter:  1398000
