--------------------------------
Fitting linear model at n=500, s=10, and wdim=10.
Setting Pi optimizer learning rate to 0.001
Setting T optimizer learning rate to 0.001
Iteration       0 :    Loss-adversarial =  41.5414
...saving a checkpoint at iter:  0
Iteration    2000 :    Loss-adversarial =  42.4786
...saving a checkpoint at iter:  2000
Iteration    4000 :    Loss-adversarial =  43.8535
...saving a checkpoint at iter:  4000
Iteration    6000 :    Loss-adversarial =  68.6329
...saving a checkpoint at iter:  6000
Iteration    8000 :    Loss-adversarial =  71.8773
...saving a checkpoint at iter:  8000
Iteration   10000 :    Loss-adversarial =  72.3452
...saving a checkpoint at iter:  10000
Iteration   12000 :    Loss-adversarial =  70.9396
...saving a checkpoint at iter:  12000
Iteration   14000 :    Loss-adversarial =  21.8188
...saving a checkpoint at iter:  14000
Iteration   16000 :    Loss-adversarial =   7.3490
...saving a checkpoint at iter:  16000
Iteration   18000 :    Loss-adversarial =   7.2970
...saving a checkpoint at iter:  18000
Iteration   20000 :    Loss-adversarial =   5.6585
...saving a checkpoint at iter:  20000
Iteration   22000 :    Loss-adversarial =   5.2335
...saving a checkpoint at iter:  22000
Iteration   24000 :    Loss-adversarial =   3.5758
...saving a checkpoint at iter:  24000
Iteration   26000 :    Loss-adversarial =   3.6962
...saving a checkpoint at iter:  26000
Iteration   28000 :    Loss-adversarial =   2.1668
...saving a checkpoint at iter:  28000
Iteration   30000 :    Loss-adversarial =   2.2915
...saving a checkpoint at iter:  30000
Iteration   32000 :    Loss-adversarial =   2.2689
...saving a checkpoint at iter:  32000
Iteration   34000 :    Loss-adversarial =   1.3532
...saving a checkpoint at iter:  34000
Iteration   36000 :    Loss-adversarial =   1.4179
...saving a checkpoint at iter:  36000
Iteration   38000 :    Loss-adversarial =   1.0638
...saving a checkpoint at iter:  38000
Iteration   40000 :    Loss-adversarial =   1.0910
...saving a checkpoint at iter:  40000
Iteration   42000 :    Loss-adversarial =   1.4443
...saving a checkpoint at iter:  42000
Iteration   44000 :    Loss-adversarial =   1.1474
...saving a checkpoint at iter:  44000
Iteration   46000 :    Loss-adversarial =   0.9825
...saving a checkpoint at iter:  46000
Iteration   48000 :    Loss-adversarial =   1.0970
...saving a checkpoint at iter:  48000
Iteration   50000 :    Loss-adversarial =   1.0544
...saving a checkpoint at iter:  50000
Iteration   52000 :    Loss-adversarial =   1.3065
...saving a checkpoint at iter:  52000
Iteration   54000 :    Loss-adversarial =   0.7748
...saving a checkpoint at iter:  54000
Iteration   56000 :    Loss-adversarial =   0.6819
...saving a checkpoint at iter:  56000
Iteration   58000 :    Loss-adversarial =   0.8559
...saving a checkpoint at iter:  58000
Iteration   60000 :    Loss-adversarial =   0.6459
...saving a checkpoint at iter:  60000
Iteration   62000 :    Loss-adversarial =   0.8173
...saving a checkpoint at iter:  62000
Iteration   64000 :    Loss-adversarial =   0.7203
...saving a checkpoint at iter:  64000
Iteration   66000 :    Loss-adversarial =   0.7441
...saving a checkpoint at iter:  66000
Iteration   68000 :    Loss-adversarial =   0.7892
...saving a checkpoint at iter:  68000
Iteration   70000 :    Loss-adversarial =   0.5727
...saving a checkpoint at iter:  70000
Iteration   72000 :    Loss-adversarial =   0.6058
...saving a checkpoint at iter:  72000
Iteration   74000 :    Loss-adversarial =   0.7316
...saving a checkpoint at iter:  74000
Iteration   76000 :    Loss-adversarial =   0.6451
...saving a checkpoint at iter:  76000
Iteration   78000 :    Loss-adversarial =   0.4615
...saving a checkpoint at iter:  78000
Iteration   80000 :    Loss-adversarial =   0.4608
...saving a checkpoint at iter:  80000
Iteration   82000 :    Loss-adversarial =   0.4979
...saving a checkpoint at iter:  82000
Iteration   84000 :    Loss-adversarial =   0.6135
...saving a checkpoint at iter:  84000
Iteration   86000 :    Loss-adversarial =   0.5099
...saving a checkpoint at iter:  86000
Iteration   88000 :    Loss-adversarial =   0.4949
...saving a checkpoint at iter:  88000
Iteration   90000 :    Loss-adversarial =   0.4034
...saving a checkpoint at iter:  90000
Iteration   92000 :    Loss-adversarial =   0.4776
...saving a checkpoint at iter:  92000
Iteration   94000 :    Loss-adversarial =   0.3407
...saving a checkpoint at iter:  94000
Iteration   96000 :    Loss-adversarial =   0.3294
...saving a checkpoint at iter:  96000
Iteration   98000 :    Loss-adversarial =   0.2994
...saving a checkpoint at iter:  98000
Iteration  100000 :    Loss-adversarial =   0.3425
...saving a checkpoint at iter:  100000
Iteration  102000 :    Loss-adversarial =   0.3427
...saving a checkpoint at iter:  102000
Iteration  104000 :    Loss-adversarial =   0.3961
...saving a checkpoint at iter:  104000
Iteration  106000 :    Loss-adversarial =   0.4080
...saving a checkpoint at iter:  106000
Iteration  108000 :    Loss-adversarial =   0.3142
...saving a checkpoint at iter:  108000
Iteration  110000 :    Loss-adversarial =   0.3316
...saving a checkpoint at iter:  110000
Iteration  112000 :    Loss-adversarial =   0.4354
...saving a checkpoint at iter:  112000
Iteration  114000 :    Loss-adversarial =   0.2686
...saving a checkpoint at iter:  114000
Iteration  116000 :    Loss-adversarial =   0.2690
...saving a checkpoint at iter:  116000
Iteration  118000 :    Loss-adversarial =   0.3004
...saving a checkpoint at iter:  118000
Iteration  120000 :    Loss-adversarial =   0.3669
...saving a checkpoint at iter:  120000
Iteration  122000 :    Loss-adversarial =   0.4523
...saving a checkpoint at iter:  122000
Iteration  124000 :    Loss-adversarial =   0.4337
...saving a checkpoint at iter:  124000
Iteration  126000 :    Loss-adversarial =   0.3174
...saving a checkpoint at iter:  126000
Iteration  128000 :    Loss-adversarial =   0.2928
...saving a checkpoint at iter:  128000
Iteration  130000 :    Loss-adversarial =   0.3356
...saving a checkpoint at iter:  130000
Iteration  132000 :    Loss-adversarial =   0.2415
...saving a checkpoint at iter:  132000
Iteration  134000 :    Loss-adversarial =   0.3650
...saving a checkpoint at iter:  134000
Iteration  136000 :    Loss-adversarial =   0.3614
...saving a checkpoint at iter:  136000
Iteration  138000 :    Loss-adversarial =   0.3107
...saving a checkpoint at iter:  138000
Iteration  140000 :    Loss-adversarial =   0.2417
...saving a checkpoint at iter:  140000
Iteration  142000 :    Loss-adversarial =   0.3243
...saving a checkpoint at iter:  142000
Iteration  144000 :    Loss-adversarial =   0.2687
...saving a checkpoint at iter:  144000
Iteration  146000 :    Loss-adversarial =   0.4052
...saving a checkpoint at iter:  146000
Iteration  148000 :    Loss-adversarial =   0.3406
...saving a checkpoint at iter:  148000
Iteration  150000 :    Loss-adversarial =   0.2279
...saving a checkpoint at iter:  150000
Iteration  152000 :    Loss-adversarial =   0.4207
...saving a checkpoint at iter:  152000
Iteration  154000 :    Loss-adversarial =   0.4108
...saving a checkpoint at iter:  154000
Iteration  156000 :    Loss-adversarial =   0.2732
...saving a checkpoint at iter:  156000
Iteration  158000 :    Loss-adversarial =   0.3658
...saving a checkpoint at iter:  158000
Iteration  160000 :    Loss-adversarial =   0.2260
...saving a checkpoint at iter:  160000
Iteration  162000 :    Loss-adversarial =   0.2291
...saving a checkpoint at iter:  162000
Iteration  164000 :    Loss-adversarial =   0.2263
...saving a checkpoint at iter:  164000
Iteration  166000 :    Loss-adversarial =   0.3145
...saving a checkpoint at iter:  166000
Iteration  168000 :    Loss-adversarial =   0.3193
...saving a checkpoint at iter:  168000
Iteration  170000 :    Loss-adversarial =   0.3319
...saving a checkpoint at iter:  170000
Iteration  172000 :    Loss-adversarial =   0.3755
...saving a checkpoint at iter:  172000
Iteration  174000 :    Loss-adversarial =   0.4065
...saving a checkpoint at iter:  174000
Iteration  176000 :    Loss-adversarial =   0.3008
...saving a checkpoint at iter:  176000
Iteration  178000 :    Loss-adversarial =   0.2568
...saving a checkpoint at iter:  178000
Iteration  180000 :    Loss-adversarial =   0.2290
...saving a checkpoint at iter:  180000
Iteration  182000 :    Loss-adversarial =   0.2284
...saving a checkpoint at iter:  182000
Iteration  184000 :    Loss-adversarial =   0.4311
...saving a checkpoint at iter:  184000
Iteration  186000 :    Loss-adversarial =   0.3570
...saving a checkpoint at iter:  186000
Iteration  188000 :    Loss-adversarial =   0.2151
...saving a checkpoint at iter:  188000
Iteration  190000 :    Loss-adversarial =   0.3268
...saving a checkpoint at iter:  190000
Iteration  192000 :    Loss-adversarial =   0.2810
...saving a checkpoint at iter:  192000
Iteration  194000 :    Loss-adversarial =   0.2458
...saving a checkpoint at iter:  194000
Iteration  196000 :    Loss-adversarial =   0.2051
...saving a checkpoint at iter:  196000
Iteration  198000 :    Loss-adversarial =   0.2536
...saving a checkpoint at iter:  198000
Iteration  200000 :    Loss-adversarial =   0.2263
...saving a checkpoint at iter:  200000
Iteration  202000 :    Loss-adversarial =   0.1983
...saving a checkpoint at iter:  202000
Iteration  204000 :    Loss-adversarial =   0.2421
...saving a checkpoint at iter:  204000
Iteration  206000 :    Loss-adversarial =   0.2081
...saving a checkpoint at iter:  206000
Iteration  208000 :    Loss-adversarial =   0.1973
...saving a checkpoint at iter:  208000
Iteration  210000 :    Loss-adversarial =   0.2083
...saving a checkpoint at iter:  210000
Iteration  212000 :    Loss-adversarial =   0.1940
...saving a checkpoint at iter:  212000
Iteration  214000 :    Loss-adversarial =   0.2713
...saving a checkpoint at iter:  214000
Iteration  216000 :    Loss-adversarial =   0.2638
...saving a checkpoint at iter:  216000
Iteration  218000 :    Loss-adversarial =   0.2326
...saving a checkpoint at iter:  218000
Iteration  220000 :    Loss-adversarial =   0.2584
...saving a checkpoint at iter:  220000
Iteration  222000 :    Loss-adversarial =   0.2696
...saving a checkpoint at iter:  222000
Iteration  224000 :    Loss-adversarial =   0.2808
...saving a checkpoint at iter:  224000
Iteration  226000 :    Loss-adversarial =   0.3216
...saving a checkpoint at iter:  226000
Iteration  228000 :    Loss-adversarial =   0.2469
...saving a checkpoint at iter:  228000
Iteration  230000 :    Loss-adversarial =   0.2439
...saving a checkpoint at iter:  230000
Iteration  232000 :    Loss-adversarial =   0.2399
...saving a checkpoint at iter:  232000
Iteration  234000 :    Loss-adversarial =   0.2348
...saving a checkpoint at iter:  234000
Iteration  236000 :    Loss-adversarial =   0.2046
...saving a checkpoint at iter:  236000
Iteration  238000 :    Loss-adversarial =   0.1925
...saving a checkpoint at iter:  238000
Iteration  240000 :    Loss-adversarial =   0.2044
...saving a checkpoint at iter:  240000
Iteration  242000 :    Loss-adversarial =   0.2899
...saving a checkpoint at iter:  242000
Iteration  244000 :    Loss-adversarial =   0.1943
...saving a checkpoint at iter:  244000
Iteration  246000 :    Loss-adversarial =   0.1906
...saving a checkpoint at iter:  246000
Iteration  248000 :    Loss-adversarial =   0.3108
...saving a checkpoint at iter:  248000
Iteration  250000 :    Loss-adversarial =   0.2266
...saving a checkpoint at iter:  250000
Iteration  252000 :    Loss-adversarial =   0.2332
...saving a checkpoint at iter:  252000
Iteration  254000 :    Loss-adversarial =   0.3118
...saving a checkpoint at iter:  254000
Iteration  256000 :    Loss-adversarial =   0.2192
...saving a checkpoint at iter:  256000
Iteration  258000 :    Loss-adversarial =   0.1919
...saving a checkpoint at iter:  258000
Iteration  260000 :    Loss-adversarial =   0.2433
...saving a checkpoint at iter:  260000
Iteration  262000 :    Loss-adversarial =   0.2156
...saving a checkpoint at iter:  262000
Iteration  264000 :    Loss-adversarial =   0.2145
...saving a checkpoint at iter:  264000
Iteration  266000 :    Loss-adversarial =   0.2414
...saving a checkpoint at iter:  266000
Iteration  268000 :    Loss-adversarial =   0.2108
...saving a checkpoint at iter:  268000
Iteration  270000 :    Loss-adversarial =   0.2489
...saving a checkpoint at iter:  270000
Iteration  272000 :    Loss-adversarial =   0.2088
...saving a checkpoint at iter:  272000
Iteration  274000 :    Loss-adversarial =   0.1942
...saving a checkpoint at iter:  274000
Iteration  276000 :    Loss-adversarial =   0.4100
...saving a checkpoint at iter:  276000
Iteration  278000 :    Loss-adversarial =   0.2214
...saving a checkpoint at iter:  278000
Iteration  280000 :    Loss-adversarial =   0.2714
...saving a checkpoint at iter:  280000
Iteration  282000 :    Loss-adversarial =   0.2594
...saving a checkpoint at iter:  282000
Iteration  284000 :    Loss-adversarial =   0.2409
...saving a checkpoint at iter:  284000
Iteration  286000 :    Loss-adversarial =   0.1921
...saving a checkpoint at iter:  286000
Iteration  288000 :    Loss-adversarial =   0.2432
...saving a checkpoint at iter:  288000
Iteration  290000 :    Loss-adversarial =   0.2390
...saving a checkpoint at iter:  290000
Iteration  292000 :    Loss-adversarial =   0.1934
...saving a checkpoint at iter:  292000
Iteration  294000 :    Loss-adversarial =   0.1690
...saving a checkpoint at iter:  294000
Iteration  296000 :    Loss-adversarial =   0.2364
...saving a checkpoint at iter:  296000
Iteration  298000 :    Loss-adversarial =   0.1960
...saving a checkpoint at iter:  298000
Iteration  300000 :    Loss-adversarial =   0.1996
...saving a checkpoint at iter:  300000
Iteration  302000 :    Loss-adversarial =   0.2111
...saving a checkpoint at iter:  302000
Iteration  304000 :    Loss-adversarial =   0.2175
...saving a checkpoint at iter:  304000
Iteration  306000 :    Loss-adversarial =   0.1924
...saving a checkpoint at iter:  306000
Iteration  308000 :    Loss-adversarial =   0.2071
...saving a checkpoint at iter:  308000
Iteration  310000 :    Loss-adversarial =   0.1941
...saving a checkpoint at iter:  310000
Iteration  312000 :    Loss-adversarial =   0.1690
...saving a checkpoint at iter:  312000
Iteration  314000 :    Loss-adversarial =   0.1842
...saving a checkpoint at iter:  314000
Iteration  316000 :    Loss-adversarial =   0.2207
...saving a checkpoint at iter:  316000
Iteration  318000 :    Loss-adversarial =   0.2000
...saving a checkpoint at iter:  318000
Iteration  320000 :    Loss-adversarial =   0.2057
...saving a checkpoint at iter:  320000
Iteration  322000 :    Loss-adversarial =   0.2396
...saving a checkpoint at iter:  322000
Iteration  324000 :    Loss-adversarial =   0.1911
...saving a checkpoint at iter:  324000
Iteration  326000 :    Loss-adversarial =   0.1868
...saving a checkpoint at iter:  326000
Iteration  328000 :    Loss-adversarial =   0.1774
...saving a checkpoint at iter:  328000
Iteration  330000 :    Loss-adversarial =   0.2036
...saving a checkpoint at iter:  330000
Iteration  332000 :    Loss-adversarial =   0.1726
...saving a checkpoint at iter:  332000
Iteration  334000 :    Loss-adversarial =   0.1827
...saving a checkpoint at iter:  334000
Iteration  336000 :    Loss-adversarial =   0.2564
...saving a checkpoint at iter:  336000
Iteration  338000 :    Loss-adversarial =   0.1796
...saving a checkpoint at iter:  338000
Iteration  340000 :    Loss-adversarial =   0.1838
...saving a checkpoint at iter:  340000
Iteration  342000 :    Loss-adversarial =   0.1865
...saving a checkpoint at iter:  342000
Iteration  344000 :    Loss-adversarial =   0.1781
...saving a checkpoint at iter:  344000
Iteration  346000 :    Loss-adversarial =   0.1643
...saving a checkpoint at iter:  346000
Iteration  348000 :    Loss-adversarial =   0.2125
...saving a checkpoint at iter:  348000
Iteration  350000 :    Loss-adversarial =   0.1923
...saving a checkpoint at iter:  350000
Iteration  352000 :    Loss-adversarial =   0.2060
...saving a checkpoint at iter:  352000
Iteration  354000 :    Loss-adversarial =   0.1683
...saving a checkpoint at iter:  354000
Iteration  356000 :    Loss-adversarial =   0.1728
...saving a checkpoint at iter:  356000
Iteration  358000 :    Loss-adversarial =   0.1927
...saving a checkpoint at iter:  358000
Iteration  360000 :    Loss-adversarial =   0.2252
...saving a checkpoint at iter:  360000
Iteration  362000 :    Loss-adversarial =   0.1643
...saving a checkpoint at iter:  362000
Iteration  364000 :    Loss-adversarial =   0.1963
...saving a checkpoint at iter:  364000
Iteration  366000 :    Loss-adversarial =   0.1828
...saving a checkpoint at iter:  366000
Iteration  368000 :    Loss-adversarial =   0.1973
...saving a checkpoint at iter:  368000
Iteration  370000 :    Loss-adversarial =   0.1871
...saving a checkpoint at iter:  370000
Iteration  372000 :    Loss-adversarial =   0.2101
...saving a checkpoint at iter:  372000
Iteration  374000 :    Loss-adversarial =   0.1769
...saving a checkpoint at iter:  374000
Iteration  376000 :    Loss-adversarial =   0.1588
...saving a checkpoint at iter:  376000
Iteration  378000 :    Loss-adversarial =   0.1894
...saving a checkpoint at iter:  378000
Iteration  380000 :    Loss-adversarial =   0.1694
...saving a checkpoint at iter:  380000
Iteration  382000 :    Loss-adversarial =   0.2372
...saving a checkpoint at iter:  382000
Iteration  384000 :    Loss-adversarial =   0.2295
...saving a checkpoint at iter:  384000
Iteration  386000 :    Loss-adversarial =   0.2055
...saving a checkpoint at iter:  386000
Iteration  388000 :    Loss-adversarial =   0.2410
...saving a checkpoint at iter:  388000
Iteration  390000 :    Loss-adversarial =   0.1731
...saving a checkpoint at iter:  390000
Iteration  392000 :    Loss-adversarial =   0.2373
...saving a checkpoint at iter:  392000
Iteration  394000 :    Loss-adversarial =   0.1616
...saving a checkpoint at iter:  394000
Iteration  396000 :    Loss-adversarial =   0.1672
...saving a checkpoint at iter:  396000
Iteration  398000 :    Loss-adversarial =   0.1574
...saving a checkpoint at iter:  398000
Iteration  400000 :    Loss-adversarial =   0.1531
...saving a checkpoint at iter:  400000
Iteration  402000 :    Loss-adversarial =   0.1750
...saving a checkpoint at iter:  402000
Iteration  404000 :    Loss-adversarial =   0.1599
...saving a checkpoint at iter:  404000
Iteration  406000 :    Loss-adversarial =   0.1719
...saving a checkpoint at iter:  406000
Iteration  408000 :    Loss-adversarial =   0.1702
...saving a checkpoint at iter:  408000
Iteration  410000 :    Loss-adversarial =   0.1619
...saving a checkpoint at iter:  410000
Iteration  412000 :    Loss-adversarial =   0.1820
...saving a checkpoint at iter:  412000
Iteration  414000 :    Loss-adversarial =   0.1701
...saving a checkpoint at iter:  414000
Iteration  416000 :    Loss-adversarial =   0.1763
...saving a checkpoint at iter:  416000
Iteration  418000 :    Loss-adversarial =   0.1597
...saving a checkpoint at iter:  418000
Iteration  420000 :    Loss-adversarial =   0.1666
...saving a checkpoint at iter:  420000
Iteration  422000 :    Loss-adversarial =   0.1471
...saving a checkpoint at iter:  422000
Iteration  424000 :    Loss-adversarial =   0.1532
...saving a checkpoint at iter:  424000
Iteration  426000 :    Loss-adversarial =   0.1639
...saving a checkpoint at iter:  426000
Iteration  428000 :    Loss-adversarial =   0.1694
...saving a checkpoint at iter:  428000
Iteration  430000 :    Loss-adversarial =   0.2098
...saving a checkpoint at iter:  430000
Iteration  432000 :    Loss-adversarial =   0.1735
...saving a checkpoint at iter:  432000
Iteration  434000 :    Loss-adversarial =   0.1444
...saving a checkpoint at iter:  434000
Iteration  436000 :    Loss-adversarial =   0.1644
...saving a checkpoint at iter:  436000
Iteration  438000 :    Loss-adversarial =   0.1501
...saving a checkpoint at iter:  438000
Iteration  440000 :    Loss-adversarial =   0.1556
...saving a checkpoint at iter:  440000
Iteration  442000 :    Loss-adversarial =   0.2143
...saving a checkpoint at iter:  442000
Iteration  444000 :    Loss-adversarial =   0.1756
...saving a checkpoint at iter:  444000
Iteration  446000 :    Loss-adversarial =   0.1503
...saving a checkpoint at iter:  446000
Iteration  448000 :    Loss-adversarial =   0.1560
...saving a checkpoint at iter:  448000
Iteration  450000 :    Loss-adversarial =   0.1651
...saving a checkpoint at iter:  450000
Iteration  452000 :    Loss-adversarial =   0.2121
...saving a checkpoint at iter:  452000
Iteration  454000 :    Loss-adversarial =   0.1462
...saving a checkpoint at iter:  454000
Iteration  456000 :    Loss-adversarial =   0.1597
...saving a checkpoint at iter:  456000
Iteration  458000 :    Loss-adversarial =   0.2015
...saving a checkpoint at iter:  458000
Iteration  460000 :    Loss-adversarial =   0.1991
...saving a checkpoint at iter:  460000
Iteration  462000 :    Loss-adversarial =   0.1483
...saving a checkpoint at iter:  462000
Iteration  464000 :    Loss-adversarial =   0.2553
...saving a checkpoint at iter:  464000
Iteration  466000 :    Loss-adversarial =   0.1473
...saving a checkpoint at iter:  466000
Iteration  468000 :    Loss-adversarial =   0.1848
...saving a checkpoint at iter:  468000
Iteration  470000 :    Loss-adversarial =   0.1359
...saving a checkpoint at iter:  470000
Iteration  472000 :    Loss-adversarial =   0.1368
...saving a checkpoint at iter:  472000
Iteration  474000 :    Loss-adversarial =   0.1657
...saving a checkpoint at iter:  474000
Iteration  476000 :    Loss-adversarial =   0.1507
...saving a checkpoint at iter:  476000
Iteration  478000 :    Loss-adversarial =   0.1519
...saving a checkpoint at iter:  478000
Iteration  480000 :    Loss-adversarial =   0.1722
...saving a checkpoint at iter:  480000
Iteration  482000 :    Loss-adversarial =   0.1534
...saving a checkpoint at iter:  482000
Iteration  484000 :    Loss-adversarial =   0.1739
...saving a checkpoint at iter:  484000
Iteration  486000 :    Loss-adversarial =   0.1673
...saving a checkpoint at iter:  486000
Iteration  488000 :    Loss-adversarial =   0.1365
...saving a checkpoint at iter:  488000
Iteration  490000 :    Loss-adversarial =   0.1456
...saving a checkpoint at iter:  490000
Iteration  492000 :    Loss-adversarial =   0.1800
...saving a checkpoint at iter:  492000
Iteration  494000 :    Loss-adversarial =   0.1706
...saving a checkpoint at iter:  494000
Iteration  496000 :    Loss-adversarial =   0.1333
...saving a checkpoint at iter:  496000
Iteration  498000 :    Loss-adversarial =   0.1636
...saving a checkpoint at iter:  498000
Iteration  500000 :    Loss-adversarial =   0.1530
...saving a checkpoint at iter:  500000
Iteration  502000 :    Loss-adversarial =   0.1648
...saving a checkpoint at iter:  502000
Iteration  504000 :    Loss-adversarial =   0.1613
...saving a checkpoint at iter:  504000
Iteration  506000 :    Loss-adversarial =   0.1720
...saving a checkpoint at iter:  506000
Iteration  508000 :    Loss-adversarial =   0.1447
...saving a checkpoint at iter:  508000
Iteration  510000 :    Loss-adversarial =   0.1727
...saving a checkpoint at iter:  510000
Iteration  512000 :    Loss-adversarial =   0.1519
...saving a checkpoint at iter:  512000
Iteration  514000 :    Loss-adversarial =   0.1268
...saving a checkpoint at iter:  514000
Iteration  516000 :    Loss-adversarial =   0.1996
...saving a checkpoint at iter:  516000
Iteration  518000 :    Loss-adversarial =   0.1576
...saving a checkpoint at iter:  518000
Iteration  520000 :    Loss-adversarial =   0.1609
...saving a checkpoint at iter:  520000
Iteration  522000 :    Loss-adversarial =   0.1523
...saving a checkpoint at iter:  522000
Iteration  524000 :    Loss-adversarial =   0.1446
...saving a checkpoint at iter:  524000
Iteration  526000 :    Loss-adversarial =   0.1450
...saving a checkpoint at iter:  526000
Iteration  528000 :    Loss-adversarial =   0.1443
...saving a checkpoint at iter:  528000
Iteration  530000 :    Loss-adversarial =   0.1517
...saving a checkpoint at iter:  530000
Iteration  532000 :    Loss-adversarial =   0.1739
...saving a checkpoint at iter:  532000
Iteration  534000 :    Loss-adversarial =   0.1447
...saving a checkpoint at iter:  534000
Iteration  536000 :    Loss-adversarial =   0.1337
...saving a checkpoint at iter:  536000
Iteration  538000 :    Loss-adversarial =   0.1679
...saving a checkpoint at iter:  538000
Iteration  540000 :    Loss-adversarial =   0.1490
...saving a checkpoint at iter:  540000
Iteration  542000 :    Loss-adversarial =   0.1461
...saving a checkpoint at iter:  542000
Iteration  544000 :    Loss-adversarial =   0.1520
...saving a checkpoint at iter:  544000
Iteration  546000 :    Loss-adversarial =   0.1306
...saving a checkpoint at iter:  546000
Iteration  548000 :    Loss-adversarial =   0.1291
...saving a checkpoint at iter:  548000
Iteration  550000 :    Loss-adversarial =   0.1563
...saving a checkpoint at iter:  550000
Iteration  552000 :    Loss-adversarial =   0.1368
...saving a checkpoint at iter:  552000
Iteration  554000 :    Loss-adversarial =   0.1478
...saving a checkpoint at iter:  554000
Iteration  556000 :    Loss-adversarial =   0.1768
...saving a checkpoint at iter:  556000
Iteration  558000 :    Loss-adversarial =   2.5718
...saving a checkpoint at iter:  558000
Iteration  560000 :    Loss-adversarial =   0.1413
...saving a checkpoint at iter:  560000
Iteration  562000 :    Loss-adversarial =   0.1516
...saving a checkpoint at iter:  562000
Iteration  564000 :    Loss-adversarial =   0.1343
...saving a checkpoint at iter:  564000
Iteration  566000 :    Loss-adversarial =   0.1459
...saving a checkpoint at iter:  566000
Iteration  568000 :    Loss-adversarial =   0.1401
...saving a checkpoint at iter:  568000
Iteration  570000 :    Loss-adversarial =   0.1791
...saving a checkpoint at iter:  570000
Iteration  572000 :    Loss-adversarial =   0.1630
...saving a checkpoint at iter:  572000
Iteration  574000 :    Loss-adversarial =   0.1397
...saving a checkpoint at iter:  574000
Iteration  576000 :    Loss-adversarial =   0.1313
...saving a checkpoint at iter:  576000
Iteration  578000 :    Loss-adversarial =   0.1364
...saving a checkpoint at iter:  578000
Iteration  580000 :    Loss-adversarial =   0.1280
...saving a checkpoint at iter:  580000
Iteration  582000 :    Loss-adversarial =   0.1366
...saving a checkpoint at iter:  582000
Iteration  584000 :    Loss-adversarial =   0.1426
...saving a checkpoint at iter:  584000
Iteration  586000 :    Loss-adversarial =   0.1307
...saving a checkpoint at iter:  586000
Iteration  588000 :    Loss-adversarial =   0.2015
...saving a checkpoint at iter:  588000
Iteration  590000 :    Loss-adversarial =   0.1448
...saving a checkpoint at iter:  590000
Iteration  592000 :    Loss-adversarial =   0.1231
...saving a checkpoint at iter:  592000
Iteration  594000 :    Loss-adversarial =   0.1231
...saving a checkpoint at iter:  594000
Iteration  596000 :    Loss-adversarial =   0.2055
...saving a checkpoint at iter:  596000
Iteration  598000 :    Loss-adversarial =   0.1429
...saving a checkpoint at iter:  598000
Iteration  600000 :    Loss-adversarial =   0.1301
...saving a checkpoint at iter:  600000
Iteration  602000 :    Loss-adversarial =   0.1848
...saving a checkpoint at iter:  602000
Iteration  604000 :    Loss-adversarial =   0.1682
...saving a checkpoint at iter:  604000
Iteration  606000 :    Loss-adversarial =   0.1518
...saving a checkpoint at iter:  606000
Iteration  608000 :    Loss-adversarial =   0.1560
...saving a checkpoint at iter:  608000
Iteration  610000 :    Loss-adversarial =   0.1499
...saving a checkpoint at iter:  610000
Iteration  612000 :    Loss-adversarial =   0.1311
...saving a checkpoint at iter:  612000
Iteration  614000 :    Loss-adversarial =   0.1472
...saving a checkpoint at iter:  614000
Iteration  616000 :    Loss-adversarial =   0.1246
...saving a checkpoint at iter:  616000
Iteration  618000 :    Loss-adversarial =   0.1558
...saving a checkpoint at iter:  618000
Iteration  620000 :    Loss-adversarial =   0.1841
...saving a checkpoint at iter:  620000
Iteration  622000 :    Loss-adversarial =   0.1461
...saving a checkpoint at iter:  622000
Iteration  624000 :    Loss-adversarial =   0.1506
...saving a checkpoint at iter:  624000
Iteration  626000 :    Loss-adversarial =   0.1354
...saving a checkpoint at iter:  626000
Iteration  628000 :    Loss-adversarial =   0.1543
...saving a checkpoint at iter:  628000
Iteration  630000 :    Loss-adversarial =   0.1321
...saving a checkpoint at iter:  630000
Iteration  632000 :    Loss-adversarial =   0.1405
...saving a checkpoint at iter:  632000
Iteration  634000 :    Loss-adversarial =   0.1369
...saving a checkpoint at iter:  634000
Iteration  636000 :    Loss-adversarial =   0.1575
...saving a checkpoint at iter:  636000
Iteration  638000 :    Loss-adversarial =   0.1314
...saving a checkpoint at iter:  638000
Iteration  640000 :    Loss-adversarial =   0.1263
...saving a checkpoint at iter:  640000
Iteration  642000 :    Loss-adversarial =   0.1149
...saving a checkpoint at iter:  642000
Iteration  644000 :    Loss-adversarial =   0.1342
...saving a checkpoint at iter:  644000
Iteration  646000 :    Loss-adversarial =   0.1360
...saving a checkpoint at iter:  646000
Iteration  648000 :    Loss-adversarial =   0.1400
...saving a checkpoint at iter:  648000
Iteration  650000 :    Loss-adversarial =   0.1440
...saving a checkpoint at iter:  650000
Iteration  652000 :    Loss-adversarial =   0.1376
...saving a checkpoint at iter:  652000
Iteration  654000 :    Loss-adversarial =   0.1706
...saving a checkpoint at iter:  654000
Iteration  656000 :    Loss-adversarial =   0.1365
...saving a checkpoint at iter:  656000
Iteration  658000 :    Loss-adversarial =   0.1294
...saving a checkpoint at iter:  658000
Iteration  660000 :    Loss-adversarial =   0.1340
...saving a checkpoint at iter:  660000
Iteration  662000 :    Loss-adversarial =   0.1474
...saving a checkpoint at iter:  662000
Iteration  664000 :    Loss-adversarial =   0.1518
...saving a checkpoint at iter:  664000
Iteration  666000 :    Loss-adversarial =   0.1908
...saving a checkpoint at iter:  666000
Iteration  668000 :    Loss-adversarial =   0.1619
...saving a checkpoint at iter:  668000
Iteration  670000 :    Loss-adversarial =   0.1391
...saving a checkpoint at iter:  670000
Iteration  672000 :    Loss-adversarial =   0.1192
...saving a checkpoint at iter:  672000
Iteration  674000 :    Loss-adversarial =   0.1437
...saving a checkpoint at iter:  674000
Iteration  676000 :    Loss-adversarial =   0.1599
...saving a checkpoint at iter:  676000
Iteration  678000 :    Loss-adversarial =   0.1265
...saving a checkpoint at iter:  678000
Iteration  680000 :    Loss-adversarial =   0.1316
...saving a checkpoint at iter:  680000
Iteration  682000 :    Loss-adversarial =   0.1635
...saving a checkpoint at iter:  682000
Iteration  684000 :    Loss-adversarial =   0.1643
...saving a checkpoint at iter:  684000
Iteration  686000 :    Loss-adversarial =   0.1409
...saving a checkpoint at iter:  686000
Iteration  688000 :    Loss-adversarial =   0.1711
...saving a checkpoint at iter:  688000
Iteration  690000 :    Loss-adversarial =   0.1933
...saving a checkpoint at iter:  690000
Iteration  692000 :    Loss-adversarial =   0.1322
...saving a checkpoint at iter:  692000
Iteration  694000 :    Loss-adversarial =   0.1255
...saving a checkpoint at iter:  694000
Iteration  696000 :    Loss-adversarial =   0.1252
...saving a checkpoint at iter:  696000
Iteration  698000 :    Loss-adversarial =   0.1568
...saving a checkpoint at iter:  698000
Iteration  700000 :    Loss-adversarial =   0.1341
...saving a checkpoint at iter:  700000
Iteration  702000 :    Loss-adversarial =   0.1370
...saving a checkpoint at iter:  702000
Iteration  704000 :    Loss-adversarial =   0.1338
...saving a checkpoint at iter:  704000
Iteration  706000 :    Loss-adversarial =   0.1506
...saving a checkpoint at iter:  706000
Iteration  708000 :    Loss-adversarial =   0.1365
...saving a checkpoint at iter:  708000
Iteration  710000 :    Loss-adversarial =   0.1299
...saving a checkpoint at iter:  710000
Iteration  712000 :    Loss-adversarial =   0.1285
...saving a checkpoint at iter:  712000
Iteration  714000 :    Loss-adversarial =   0.1808
...saving a checkpoint at iter:  714000
Iteration  716000 :    Loss-adversarial =   0.1265
...saving a checkpoint at iter:  716000
Iteration  718000 :    Loss-adversarial =   0.1418
...saving a checkpoint at iter:  718000
Iteration  720000 :    Loss-adversarial =   0.1357
...saving a checkpoint at iter:  720000
Iteration  722000 :    Loss-adversarial =   0.1452
...saving a checkpoint at iter:  722000
Iteration  724000 :    Loss-adversarial =   0.1911
...saving a checkpoint at iter:  724000
Iteration  726000 :    Loss-adversarial =   0.2522
...saving a checkpoint at iter:  726000
Iteration  728000 :    Loss-adversarial =   0.1429
...saving a checkpoint at iter:  728000
Iteration  730000 :    Loss-adversarial =   0.1347
...saving a checkpoint at iter:  730000
Iteration  732000 :    Loss-adversarial =   0.1384
...saving a checkpoint at iter:  732000
Iteration  734000 :    Loss-adversarial =   0.1260
...saving a checkpoint at iter:  734000
Iteration  736000 :    Loss-adversarial =   0.1240
...saving a checkpoint at iter:  736000
Iteration  738000 :    Loss-adversarial =   0.1297
...saving a checkpoint at iter:  738000
Iteration  740000 :    Loss-adversarial =   0.1338
...saving a checkpoint at iter:  740000
Iteration  742000 :    Loss-adversarial =   0.1317
...saving a checkpoint at iter:  742000
Iteration  744000 :    Loss-adversarial =   0.1538
...saving a checkpoint at iter:  744000
Iteration  746000 :    Loss-adversarial =   0.1485
...saving a checkpoint at iter:  746000
Iteration  748000 :    Loss-adversarial =   0.1536
...saving a checkpoint at iter:  748000
Iteration  750000 :    Loss-adversarial =   0.1152
...saving a checkpoint at iter:  750000
Iteration  752000 :    Loss-adversarial =   0.1277
...saving a checkpoint at iter:  752000
Iteration  754000 :    Loss-adversarial =   0.1411
...saving a checkpoint at iter:  754000
Iteration  756000 :    Loss-adversarial =   0.1336
...saving a checkpoint at iter:  756000
Iteration  758000 :    Loss-adversarial =   0.1363
...saving a checkpoint at iter:  758000
Iteration  760000 :    Loss-adversarial =   0.1400
...saving a checkpoint at iter:  760000
Iteration  762000 :    Loss-adversarial =   0.1206
...saving a checkpoint at iter:  762000
Iteration  764000 :    Loss-adversarial =   0.1278
...saving a checkpoint at iter:  764000
Iteration  766000 :    Loss-adversarial =   0.1436
...saving a checkpoint at iter:  766000
Iteration  768000 :    Loss-adversarial =   0.1402
...saving a checkpoint at iter:  768000
Iteration  770000 :    Loss-adversarial =   0.1391
...saving a checkpoint at iter:  770000
Iteration  772000 :    Loss-adversarial =   0.1723
...saving a checkpoint at iter:  772000
Iteration  774000 :    Loss-adversarial =   0.1272
...saving a checkpoint at iter:  774000
Iteration  776000 :    Loss-adversarial =   0.1192
...saving a checkpoint at iter:  776000
Iteration  778000 :    Loss-adversarial =   0.1228
...saving a checkpoint at iter:  778000
Iteration  780000 :    Loss-adversarial =   0.1227
...saving a checkpoint at iter:  780000
Iteration  782000 :    Loss-adversarial =   0.1417
...saving a checkpoint at iter:  782000
Iteration  784000 :    Loss-adversarial =   0.1359
...saving a checkpoint at iter:  784000
Iteration  786000 :    Loss-adversarial =   0.1277
...saving a checkpoint at iter:  786000
Iteration  788000 :    Loss-adversarial =   0.1305
...saving a checkpoint at iter:  788000
Iteration  790000 :    Loss-adversarial =   0.1489
...saving a checkpoint at iter:  790000
Iteration  792000 :    Loss-adversarial =   0.1281
...saving a checkpoint at iter:  792000
Iteration  794000 :    Loss-adversarial =   0.1547
...saving a checkpoint at iter:  794000
Iteration  796000 :    Loss-adversarial =   0.1152
...saving a checkpoint at iter:  796000
Iteration  798000 :    Loss-adversarial =   0.1328
...saving a checkpoint at iter:  798000
Iteration  800000 :    Loss-adversarial =   0.1605
...saving a checkpoint at iter:  800000
Iteration  802000 :    Loss-adversarial =   0.2220
...saving a checkpoint at iter:  802000
Iteration  804000 :    Loss-adversarial =   0.1121
...saving a checkpoint at iter:  804000
Iteration  806000 :    Loss-adversarial =   0.1421
...saving a checkpoint at iter:  806000
Iteration  808000 :    Loss-adversarial =   0.1494
...saving a checkpoint at iter:  808000
Iteration  810000 :    Loss-adversarial =   0.1181
...saving a checkpoint at iter:  810000
Iteration  812000 :    Loss-adversarial =   0.1297
...saving a checkpoint at iter:  812000
Iteration  814000 :    Loss-adversarial =   0.1448
...saving a checkpoint at iter:  814000
Iteration  816000 :    Loss-adversarial =   0.1224
...saving a checkpoint at iter:  816000
Iteration  818000 :    Loss-adversarial =   0.1294
...saving a checkpoint at iter:  818000
Iteration  820000 :    Loss-adversarial =   0.1274
...saving a checkpoint at iter:  820000
Iteration  822000 :    Loss-adversarial =   0.1357
...saving a checkpoint at iter:  822000
Iteration  824000 :    Loss-adversarial =   0.1220
...saving a checkpoint at iter:  824000
Iteration  826000 :    Loss-adversarial =   0.1192
...saving a checkpoint at iter:  826000
Iteration  828000 :    Loss-adversarial =   0.1257
...saving a checkpoint at iter:  828000
Iteration  830000 :    Loss-adversarial =   0.1634
...saving a checkpoint at iter:  830000
Iteration  832000 :    Loss-adversarial =   0.1534
...saving a checkpoint at iter:  832000
Iteration  834000 :    Loss-adversarial =   0.1428
...saving a checkpoint at iter:  834000
Iteration  836000 :    Loss-adversarial =   0.1193
...saving a checkpoint at iter:  836000
Iteration  838000 :    Loss-adversarial =   0.1389
...saving a checkpoint at iter:  838000
Iteration  840000 :    Loss-adversarial =   0.1453
...saving a checkpoint at iter:  840000
Iteration  842000 :    Loss-adversarial =   0.1411
...saving a checkpoint at iter:  842000
Iteration  844000 :    Loss-adversarial =   0.1244
...saving a checkpoint at iter:  844000
Iteration  846000 :    Loss-adversarial =   0.1225
...saving a checkpoint at iter:  846000
Iteration  848000 :    Loss-adversarial =   0.1323
...saving a checkpoint at iter:  848000
Iteration  850000 :    Loss-adversarial =   0.1337
...saving a checkpoint at iter:  850000
Iteration  852000 :    Loss-adversarial =   0.1264
...saving a checkpoint at iter:  852000
Iteration  854000 :    Loss-adversarial =   0.1220
...saving a checkpoint at iter:  854000
Iteration  856000 :    Loss-adversarial =   0.1603
...saving a checkpoint at iter:  856000
Iteration  858000 :    Loss-adversarial =   0.1481
...saving a checkpoint at iter:  858000
Iteration  860000 :    Loss-adversarial =   0.1236
...saving a checkpoint at iter:  860000
Iteration  862000 :    Loss-adversarial =   0.1191
...saving a checkpoint at iter:  862000
Iteration  864000 :    Loss-adversarial =   0.1465
...saving a checkpoint at iter:  864000
Iteration  866000 :    Loss-adversarial =   0.1314
...saving a checkpoint at iter:  866000
Iteration  868000 :    Loss-adversarial =   0.1238
...saving a checkpoint at iter:  868000
Iteration  870000 :    Loss-adversarial =   0.1162
...saving a checkpoint at iter:  870000
Iteration  872000 :    Loss-adversarial =   0.1166
...saving a checkpoint at iter:  872000
Iteration  874000 :    Loss-adversarial =   0.1166
...saving a checkpoint at iter:  874000
Iteration  876000 :    Loss-adversarial =   0.1607
...saving a checkpoint at iter:  876000
Iteration  878000 :    Loss-adversarial =   0.1373
...saving a checkpoint at iter:  878000
Iteration  880000 :    Loss-adversarial =   0.1356
...saving a checkpoint at iter:  880000
Iteration  882000 :    Loss-adversarial =   0.1442
...saving a checkpoint at iter:  882000
Iteration  884000 :    Loss-adversarial =   0.1216
...saving a checkpoint at iter:  884000
Iteration  886000 :    Loss-adversarial =   2.6158
...saving a checkpoint at iter:  886000
Iteration  888000 :    Loss-adversarial =   0.1256
...saving a checkpoint at iter:  888000
Iteration  890000 :    Loss-adversarial =   0.1198
...saving a checkpoint at iter:  890000
Iteration  892000 :    Loss-adversarial =   0.1328
...saving a checkpoint at iter:  892000
Iteration  894000 :    Loss-adversarial =   0.1280
...saving a checkpoint at iter:  894000
Iteration  896000 :    Loss-adversarial =   0.1405
...saving a checkpoint at iter:  896000
Iteration  898000 :    Loss-adversarial =   0.1230
...saving a checkpoint at iter:  898000
Iteration  900000 :    Loss-adversarial =   0.1430
...saving a checkpoint at iter:  900000
Iteration  902000 :    Loss-adversarial =   0.1174
...saving a checkpoint at iter:  902000
Iteration  904000 :    Loss-adversarial =   0.1414
...saving a checkpoint at iter:  904000
Iteration  906000 :    Loss-adversarial =   0.1803
...saving a checkpoint at iter:  906000
Iteration  908000 :    Loss-adversarial =   0.1236
...saving a checkpoint at iter:  908000
Iteration  910000 :    Loss-adversarial =   0.1297
...saving a checkpoint at iter:  910000
Iteration  912000 :    Loss-adversarial =   0.1253
...saving a checkpoint at iter:  912000
Iteration  914000 :    Loss-adversarial =   0.1188
...saving a checkpoint at iter:  914000
Iteration  916000 :    Loss-adversarial =   0.1270
...saving a checkpoint at iter:  916000
Iteration  918000 :    Loss-adversarial =   0.1157
...saving a checkpoint at iter:  918000
Iteration  920000 :    Loss-adversarial =   0.1350
...saving a checkpoint at iter:  920000
Iteration  922000 :    Loss-adversarial =   0.1526
...saving a checkpoint at iter:  922000
Iteration  924000 :    Loss-adversarial =   0.1273
...saving a checkpoint at iter:  924000
Iteration  926000 :    Loss-adversarial =   0.1220
...saving a checkpoint at iter:  926000
Iteration  928000 :    Loss-adversarial =   0.1286
...saving a checkpoint at iter:  928000
Iteration  930000 :    Loss-adversarial =   0.1187
...saving a checkpoint at iter:  930000
Iteration  932000 :    Loss-adversarial =   0.1260
...saving a checkpoint at iter:  932000
Iteration  934000 :    Loss-adversarial =   0.1229
...saving a checkpoint at iter:  934000
Iteration  936000 :    Loss-adversarial =   0.1345
...saving a checkpoint at iter:  936000
Iteration  938000 :    Loss-adversarial =   0.1231
...saving a checkpoint at iter:  938000
Iteration  940000 :    Loss-adversarial =   0.1267
...saving a checkpoint at iter:  940000
Iteration  942000 :    Loss-adversarial =   0.1144
...saving a checkpoint at iter:  942000
Iteration  944000 :    Loss-adversarial =   0.1232
...saving a checkpoint at iter:  944000
Iteration  946000 :    Loss-adversarial =   0.1230
...saving a checkpoint at iter:  946000
Iteration  948000 :    Loss-adversarial =   0.1129
...saving a checkpoint at iter:  948000
Iteration  950000 :    Loss-adversarial =   0.1425
...saving a checkpoint at iter:  950000
Iteration  952000 :    Loss-adversarial =   0.1476
...saving a checkpoint at iter:  952000
Iteration  954000 :    Loss-adversarial =   0.1207
...saving a checkpoint at iter:  954000
Iteration  956000 :    Loss-adversarial =   0.1217
...saving a checkpoint at iter:  956000
Iteration  958000 :    Loss-adversarial =   0.1583
...saving a checkpoint at iter:  958000
Iteration  960000 :    Loss-adversarial =   0.1215
...saving a checkpoint at iter:  960000
Iteration  962000 :    Loss-adversarial =   0.1562
...saving a checkpoint at iter:  962000
Iteration  964000 :    Loss-adversarial =   0.1230
...saving a checkpoint at iter:  964000
Iteration  966000 :    Loss-adversarial =   0.1155
...saving a checkpoint at iter:  966000
Iteration  968000 :    Loss-adversarial =   0.1373
...saving a checkpoint at iter:  968000
Iteration  970000 :    Loss-adversarial =   0.1347
...saving a checkpoint at iter:  970000
Iteration  972000 :    Loss-adversarial =   0.1203
...saving a checkpoint at iter:  972000
Iteration  974000 :    Loss-adversarial =   0.1229
...saving a checkpoint at iter:  974000
Iteration  976000 :    Loss-adversarial =   0.1198
...saving a checkpoint at iter:  976000
Iteration  978000 :    Loss-adversarial =   0.1290
...saving a checkpoint at iter:  978000
Iteration  980000 :    Loss-adversarial =   0.1260
...saving a checkpoint at iter:  980000
Iteration  982000 :    Loss-adversarial =   0.1225
...saving a checkpoint at iter:  982000
Iteration  984000 :    Loss-adversarial =   0.1347
...saving a checkpoint at iter:  984000
Iteration  986000 :    Loss-adversarial =   0.1358
...saving a checkpoint at iter:  986000
Iteration  988000 :    Loss-adversarial =   0.1263
...saving a checkpoint at iter:  988000
Iteration  990000 :    Loss-adversarial =   0.1254
...saving a checkpoint at iter:  990000
Iteration  992000 :    Loss-adversarial =   0.1205
...saving a checkpoint at iter:  992000
Iteration  994000 :    Loss-adversarial =   0.1251
...saving a checkpoint at iter:  994000
Iteration  996000 :    Loss-adversarial =   0.1236
...saving a checkpoint at iter:  996000
Iteration  998000 :    Loss-adversarial =   0.1291
...saving a checkpoint at iter:  998000
Iteration  1000000 :    Loss-adversarial =   0.1158
...saving a checkpoint at iter:  1000000
Iteration  1002000 :    Loss-adversarial =   0.1226
...saving a checkpoint at iter:  1002000
Iteration  1004000 :    Loss-adversarial =   0.1605
...saving a checkpoint at iter:  1004000
Iteration  1006000 :    Loss-adversarial =   0.1215
...saving a checkpoint at iter:  1006000
Iteration  1008000 :    Loss-adversarial =   0.1214
...saving a checkpoint at iter:  1008000
Iteration  1010000 :    Loss-adversarial =   0.1069
...saving a checkpoint at iter:  1010000
Iteration  1012000 :    Loss-adversarial =   0.1213
...saving a checkpoint at iter:  1012000
Iteration  1014000 :    Loss-adversarial =   0.1331
...saving a checkpoint at iter:  1014000
Iteration  1016000 :    Loss-adversarial =   0.1329
...saving a checkpoint at iter:  1016000
Iteration  1018000 :    Loss-adversarial =   0.1307
...saving a checkpoint at iter:  1018000
Iteration  1020000 :    Loss-adversarial =   0.1417
...saving a checkpoint at iter:  1020000
Iteration  1022000 :    Loss-adversarial =   0.1251
...saving a checkpoint at iter:  1022000
Iteration  1024000 :    Loss-adversarial =   0.1212
...saving a checkpoint at iter:  1024000
Iteration  1026000 :    Loss-adversarial =   0.1225
...saving a checkpoint at iter:  1026000
Iteration  1028000 :    Loss-adversarial =   0.1197
...saving a checkpoint at iter:  1028000
Iteration  1030000 :    Loss-adversarial =   0.1817
...saving a checkpoint at iter:  1030000
Iteration  1032000 :    Loss-adversarial =   0.1221
...saving a checkpoint at iter:  1032000
Iteration  1034000 :    Loss-adversarial =   0.1304
...saving a checkpoint at iter:  1034000
Iteration  1036000 :    Loss-adversarial =   0.1165
...saving a checkpoint at iter:  1036000
Iteration  1038000 :    Loss-adversarial =   0.1221
...saving a checkpoint at iter:  1038000
Iteration  1040000 :    Loss-adversarial =   0.1300
...saving a checkpoint at iter:  1040000
Iteration  1042000 :    Loss-adversarial =   0.1177
...saving a checkpoint at iter:  1042000
Iteration  1044000 :    Loss-adversarial =   0.1075
...saving a checkpoint at iter:  1044000
Iteration  1046000 :    Loss-adversarial =   0.1346
...saving a checkpoint at iter:  1046000
Iteration  1048000 :    Loss-adversarial =   0.1098
...saving a checkpoint at iter:  1048000
Iteration  1050000 :    Loss-adversarial =   0.1117
...saving a checkpoint at iter:  1050000
Iteration  1052000 :    Loss-adversarial =   0.1234
...saving a checkpoint at iter:  1052000
Iteration  1054000 :    Loss-adversarial =   0.1186
...saving a checkpoint at iter:  1054000
Iteration  1056000 :    Loss-adversarial =   0.1213
...saving a checkpoint at iter:  1056000
Iteration  1058000 :    Loss-adversarial =   0.1223
...saving a checkpoint at iter:  1058000
Iteration  1060000 :    Loss-adversarial =   0.1278
...saving a checkpoint at iter:  1060000
Iteration  1062000 :    Loss-adversarial =   0.1172
...saving a checkpoint at iter:  1062000
Iteration  1064000 :    Loss-adversarial =   0.1228
...saving a checkpoint at iter:  1064000
Iteration  1066000 :    Loss-adversarial =   0.1272
...saving a checkpoint at iter:  1066000
Iteration  1068000 :    Loss-adversarial =   0.1454
...saving a checkpoint at iter:  1068000
Iteration  1070000 :    Loss-adversarial =   0.1179
...saving a checkpoint at iter:  1070000
Iteration  1072000 :    Loss-adversarial =   0.1096
...saving a checkpoint at iter:  1072000
Iteration  1074000 :    Loss-adversarial =   0.1203
...saving a checkpoint at iter:  1074000
Iteration  1076000 :    Loss-adversarial =   0.1108
...saving a checkpoint at iter:  1076000
Iteration  1078000 :    Loss-adversarial =   0.1184
...saving a checkpoint at iter:  1078000
Iteration  1080000 :    Loss-adversarial =   0.1222
...saving a checkpoint at iter:  1080000
Iteration  1082000 :    Loss-adversarial =   0.1427
...saving a checkpoint at iter:  1082000
Iteration  1084000 :    Loss-adversarial =   0.1247
...saving a checkpoint at iter:  1084000
Iteration  1086000 :    Loss-adversarial =   0.1248
...saving a checkpoint at iter:  1086000
Iteration  1088000 :    Loss-adversarial =   0.1248
...saving a checkpoint at iter:  1088000
Iteration  1090000 :    Loss-adversarial =   0.1482
...saving a checkpoint at iter:  1090000
Iteration  1092000 :    Loss-adversarial =   0.1207
...saving a checkpoint at iter:  1092000
Iteration  1094000 :    Loss-adversarial =   0.1309
...saving a checkpoint at iter:  1094000
Iteration  1096000 :    Loss-adversarial =   0.1167
...saving a checkpoint at iter:  1096000
Iteration  1098000 :    Loss-adversarial =   0.1172
...saving a checkpoint at iter:  1098000
Iteration  1100000 :    Loss-adversarial =   0.1330
...saving a checkpoint at iter:  1100000
Iteration  1102000 :    Loss-adversarial =   0.1211
...saving a checkpoint at iter:  1102000
Iteration  1104000 :    Loss-adversarial =   0.1408
...saving a checkpoint at iter:  1104000
Iteration  1106000 :    Loss-adversarial =   0.1041
...saving a checkpoint at iter:  1106000
Iteration  1108000 :    Loss-adversarial =   0.1317
...saving a checkpoint at iter:  1108000
Iteration  1110000 :    Loss-adversarial =   0.1117
...saving a checkpoint at iter:  1110000
Iteration  1112000 :    Loss-adversarial =   0.1378
...saving a checkpoint at iter:  1112000
Iteration  1114000 :    Loss-adversarial =   0.1138
...saving a checkpoint at iter:  1114000
Iteration  1116000 :    Loss-adversarial =   0.1150
...saving a checkpoint at iter:  1116000
Iteration  1118000 :    Loss-adversarial =   0.1255
...saving a checkpoint at iter:  1118000
Iteration  1120000 :    Loss-adversarial =   0.1097
...saving a checkpoint at iter:  1120000
Iteration  1122000 :    Loss-adversarial =   0.1185
...saving a checkpoint at iter:  1122000
Iteration  1124000 :    Loss-adversarial =   0.1087
...saving a checkpoint at iter:  1124000
Iteration  1126000 :    Loss-adversarial =   0.1203
...saving a checkpoint at iter:  1126000
Iteration  1128000 :    Loss-adversarial =   0.1486
...saving a checkpoint at iter:  1128000
Iteration  1130000 :    Loss-adversarial =   0.1209
...saving a checkpoint at iter:  1130000
Iteration  1132000 :    Loss-adversarial =   0.1331
...saving a checkpoint at iter:  1132000
Iteration  1134000 :    Loss-adversarial =   0.1189
...saving a checkpoint at iter:  1134000
Iteration  1136000 :    Loss-adversarial =   0.1182
...saving a checkpoint at iter:  1136000
Iteration  1138000 :    Loss-adversarial =   0.1147
...saving a checkpoint at iter:  1138000
Iteration  1140000 :    Loss-adversarial =   0.1459
...saving a checkpoint at iter:  1140000
Iteration  1142000 :    Loss-adversarial =   0.1203
...saving a checkpoint at iter:  1142000
Iteration  1144000 :    Loss-adversarial =   0.1219
...saving a checkpoint at iter:  1144000
Iteration  1146000 :    Loss-adversarial =   0.1492
...saving a checkpoint at iter:  1146000
Iteration  1148000 :    Loss-adversarial =   0.1171
...saving a checkpoint at iter:  1148000
Iteration  1150000 :    Loss-adversarial =   0.1136
...saving a checkpoint at iter:  1150000
Iteration  1152000 :    Loss-adversarial =   0.1407
...saving a checkpoint at iter:  1152000
Iteration  1154000 :    Loss-adversarial =   0.1218
...saving a checkpoint at iter:  1154000
Iteration  1156000 :    Loss-adversarial =   0.1311
...saving a checkpoint at iter:  1156000
Iteration  1158000 :    Loss-adversarial =   0.1194
...saving a checkpoint at iter:  1158000
Iteration  1160000 :    Loss-adversarial =   0.1409
...saving a checkpoint at iter:  1160000
Iteration  1162000 :    Loss-adversarial =   0.1142
...saving a checkpoint at iter:  1162000
Iteration  1164000 :    Loss-adversarial =   0.1239
...saving a checkpoint at iter:  1164000
Iteration  1166000 :    Loss-adversarial =   0.1279
...saving a checkpoint at iter:  1166000
Iteration  1168000 :    Loss-adversarial =   0.1183
...saving a checkpoint at iter:  1168000
Iteration  1170000 :    Loss-adversarial =   0.1105
...saving a checkpoint at iter:  1170000
Iteration  1172000 :    Loss-adversarial =   0.1241
...saving a checkpoint at iter:  1172000
Iteration  1174000 :    Loss-adversarial =   0.1502
...saving a checkpoint at iter:  1174000
Iteration  1176000 :    Loss-adversarial =   0.1037
...saving a checkpoint at iter:  1176000
Iteration  1178000 :    Loss-adversarial =   0.1181
...saving a checkpoint at iter:  1178000
Iteration  1180000 :    Loss-adversarial =   0.1155
...saving a checkpoint at iter:  1180000
Iteration  1182000 :    Loss-adversarial =   0.1228
...saving a checkpoint at iter:  1182000
Iteration  1184000 :    Loss-adversarial =   0.1180
...saving a checkpoint at iter:  1184000
Iteration  1186000 :    Loss-adversarial =   0.1154
...saving a checkpoint at iter:  1186000
Iteration  1188000 :    Loss-adversarial =   0.1156
...saving a checkpoint at iter:  1188000
Iteration  1190000 :    Loss-adversarial =   0.1229
...saving a checkpoint at iter:  1190000
Iteration  1192000 :    Loss-adversarial =   0.1165
...saving a checkpoint at iter:  1192000
Iteration  1194000 :    Loss-adversarial =   0.1092
...saving a checkpoint at iter:  1194000
Iteration  1196000 :    Loss-adversarial =   0.1171
...saving a checkpoint at iter:  1196000
Iteration  1198000 :    Loss-adversarial =   0.1467
...saving a checkpoint at iter:  1198000
Iteration  1200000 :    Loss-adversarial =   0.1179
...saving a checkpoint at iter:  1200000
Iteration  1202000 :    Loss-adversarial =   0.1082
...saving a checkpoint at iter:  1202000
Iteration  1204000 :    Loss-adversarial =   0.1203
...saving a checkpoint at iter:  1204000
Iteration  1206000 :    Loss-adversarial =   0.1224
...saving a checkpoint at iter:  1206000
Iteration  1208000 :    Loss-adversarial =   0.1204
...saving a checkpoint at iter:  1208000
Iteration  1210000 :    Loss-adversarial =   0.1382
...saving a checkpoint at iter:  1210000
Iteration  1212000 :    Loss-adversarial =   0.1151
...saving a checkpoint at iter:  1212000
Iteration  1214000 :    Loss-adversarial =   0.1314
...saving a checkpoint at iter:  1214000
Iteration  1216000 :    Loss-adversarial =   0.1194
...saving a checkpoint at iter:  1216000
Iteration  1218000 :    Loss-adversarial =   0.1387
...saving a checkpoint at iter:  1218000
Iteration  1220000 :    Loss-adversarial =   0.1298
...saving a checkpoint at iter:  1220000
Iteration  1222000 :    Loss-adversarial =   0.1048
...saving a checkpoint at iter:  1222000
Iteration  1224000 :    Loss-adversarial =   0.1237
...saving a checkpoint at iter:  1224000
Iteration  1226000 :    Loss-adversarial =   0.1184
...saving a checkpoint at iter:  1226000
Iteration  1228000 :    Loss-adversarial =   0.1273
...saving a checkpoint at iter:  1228000
Iteration  1230000 :    Loss-adversarial =   0.1369
...saving a checkpoint at iter:  1230000
Iteration  1232000 :    Loss-adversarial =   0.1135
...saving a checkpoint at iter:  1232000
Iteration  1234000 :    Loss-adversarial =   0.1382
...saving a checkpoint at iter:  1234000
Iteration  1236000 :    Loss-adversarial =   0.1160
...saving a checkpoint at iter:  1236000
Iteration  1238000 :    Loss-adversarial =   0.1078
...saving a checkpoint at iter:  1238000
Iteration  1240000 :    Loss-adversarial =   0.1160
...saving a checkpoint at iter:  1240000
Iteration  1242000 :    Loss-adversarial =   0.1068
...saving a checkpoint at iter:  1242000
Iteration  1244000 :    Loss-adversarial =   0.1239
...saving a checkpoint at iter:  1244000
Iteration  1246000 :    Loss-adversarial =   0.1314
...saving a checkpoint at iter:  1246000
Iteration  1248000 :    Loss-adversarial =   0.1203
...saving a checkpoint at iter:  1248000
Iteration  1250000 :    Loss-adversarial =   0.1209
...saving a checkpoint at iter:  1250000
Iteration  1252000 :    Loss-adversarial =   0.1098
...saving a checkpoint at iter:  1252000
Iteration  1254000 :    Loss-adversarial =   0.1366
...saving a checkpoint at iter:  1254000
Iteration  1256000 :    Loss-adversarial =   0.1169
...saving a checkpoint at iter:  1256000
Iteration  1258000 :    Loss-adversarial =   0.1163
...saving a checkpoint at iter:  1258000
Iteration  1260000 :    Loss-adversarial =   0.1158
...saving a checkpoint at iter:  1260000
Iteration  1262000 :    Loss-adversarial =   0.1030
...saving a checkpoint at iter:  1262000
Iteration  1264000 :    Loss-adversarial =   0.1427
...saving a checkpoint at iter:  1264000
Iteration  1266000 :    Loss-adversarial =   0.1227
...saving a checkpoint at iter:  1266000
Iteration  1268000 :    Loss-adversarial =   0.1140
...saving a checkpoint at iter:  1268000
Iteration  1270000 :    Loss-adversarial =   0.1144
...saving a checkpoint at iter:  1270000
Iteration  1272000 :    Loss-adversarial =   0.1297
...saving a checkpoint at iter:  1272000
Iteration  1274000 :    Loss-adversarial =   0.1057
...saving a checkpoint at iter:  1274000
Iteration  1276000 :    Loss-adversarial =   0.1359
...saving a checkpoint at iter:  1276000
Iteration  1278000 :    Loss-adversarial =   0.1188
...saving a checkpoint at iter:  1278000
Iteration  1280000 :    Loss-adversarial =   0.1083
...saving a checkpoint at iter:  1280000
Iteration  1282000 :    Loss-adversarial =   0.1241
...saving a checkpoint at iter:  1282000
Iteration  1284000 :    Loss-adversarial =   0.1116
...saving a checkpoint at iter:  1284000
Iteration  1286000 :    Loss-adversarial =   0.1119
...saving a checkpoint at iter:  1286000
Iteration  1288000 :    Loss-adversarial =   0.1104
...saving a checkpoint at iter:  1288000
Iteration  1290000 :    Loss-adversarial =   0.1203
...saving a checkpoint at iter:  1290000
Iteration  1292000 :    Loss-adversarial =   0.1122
...saving a checkpoint at iter:  1292000
Iteration  1294000 :    Loss-adversarial =   0.1083
...saving a checkpoint at iter:  1294000
Iteration  1296000 :    Loss-adversarial =   0.1117
...saving a checkpoint at iter:  1296000
Iteration  1298000 :    Loss-adversarial =   0.1267
...saving a checkpoint at iter:  1298000
Iteration  1300000 :    Loss-adversarial =   0.1146
...saving a checkpoint at iter:  1300000
Iteration  1302000 :    Loss-adversarial =   0.1102
...saving a checkpoint at iter:  1302000
Iteration  1304000 :    Loss-adversarial =   0.1193
...saving a checkpoint at iter:  1304000
Iteration  1306000 :    Loss-adversarial =   0.1102
...saving a checkpoint at iter:  1306000
Iteration  1308000 :    Loss-adversarial =   0.1162
...saving a checkpoint at iter:  1308000
Iteration  1310000 :    Loss-adversarial =   0.1306
...saving a checkpoint at iter:  1310000
Iteration  1312000 :    Loss-adversarial =   0.1200
...saving a checkpoint at iter:  1312000
Iteration  1314000 :    Loss-adversarial =   0.1140
...saving a checkpoint at iter:  1314000
Iteration  1316000 :    Loss-adversarial =   0.1079
...saving a checkpoint at iter:  1316000
Iteration  1318000 :    Loss-adversarial =   0.1299
...saving a checkpoint at iter:  1318000
Iteration  1320000 :    Loss-adversarial =   0.1109
...saving a checkpoint at iter:  1320000
Iteration  1322000 :    Loss-adversarial =   0.1285
...saving a checkpoint at iter:  1322000
Iteration  1324000 :    Loss-adversarial =   0.1142
...saving a checkpoint at iter:  1324000
Iteration  1326000 :    Loss-adversarial =   0.1159
...saving a checkpoint at iter:  1326000
Iteration  1328000 :    Loss-adversarial =   0.1106
...saving a checkpoint at iter:  1328000
Iteration  1330000 :    Loss-adversarial =   0.1299
...saving a checkpoint at iter:  1330000
Iteration  1332000 :    Loss-adversarial =   0.1138
...saving a checkpoint at iter:  1332000
Iteration  1334000 :    Loss-adversarial =   0.1222
...saving a checkpoint at iter:  1334000
Iteration  1336000 :    Loss-adversarial =   0.1259
...saving a checkpoint at iter:  1336000
Iteration  1338000 :    Loss-adversarial =   0.1066
...saving a checkpoint at iter:  1338000
Iteration  1340000 :    Loss-adversarial =   0.1023
...saving a checkpoint at iter:  1340000
Iteration  1342000 :    Loss-adversarial =   0.1121
...saving a checkpoint at iter:  1342000
Iteration  1344000 :    Loss-adversarial =   0.1039
...saving a checkpoint at iter:  1344000
Iteration  1346000 :    Loss-adversarial =   0.1164
...saving a checkpoint at iter:  1346000
Iteration  1348000 :    Loss-adversarial =   0.1198
...saving a checkpoint at iter:  1348000
Iteration  1350000 :    Loss-adversarial =   0.1196
...saving a checkpoint at iter:  1350000
Iteration  1352000 :    Loss-adversarial =   0.1296
...saving a checkpoint at iter:  1352000
Iteration  1354000 :    Loss-adversarial =   0.1304
...saving a checkpoint at iter:  1354000
Iteration  1356000 :    Loss-adversarial =   0.1203
...saving a checkpoint at iter:  1356000
Iteration  1358000 :    Loss-adversarial =   0.1893
...saving a checkpoint at iter:  1358000
Iteration  1360000 :    Loss-adversarial =   0.1319
...saving a checkpoint at iter:  1360000
Iteration  1362000 :    Loss-adversarial =   0.1278
...saving a checkpoint at iter:  1362000
Iteration  1364000 :    Loss-adversarial =   0.1244
...saving a checkpoint at iter:  1364000
Iteration  1366000 :    Loss-adversarial =   0.1105
...saving a checkpoint at iter:  1366000
Iteration  1368000 :    Loss-adversarial =   0.1186
...saving a checkpoint at iter:  1368000
Iteration  1370000 :    Loss-adversarial =   0.1208
...saving a checkpoint at iter:  1370000
Iteration  1372000 :    Loss-adversarial =   0.1317
...saving a checkpoint at iter:  1372000
Iteration  1374000 :    Loss-adversarial =   0.1251
...saving a checkpoint at iter:  1374000
Iteration  1376000 :    Loss-adversarial =   0.1210
...saving a checkpoint at iter:  1376000
Iteration  1378000 :    Loss-adversarial =   0.1168
...saving a checkpoint at iter:  1378000
Iteration  1380000 :    Loss-adversarial =   0.1184
...saving a checkpoint at iter:  1380000
Iteration  1382000 :    Loss-adversarial =   0.1094
...saving a checkpoint at iter:  1382000
Iteration  1384000 :    Loss-adversarial =   0.1146
...saving a checkpoint at iter:  1384000
Iteration  1386000 :    Loss-adversarial =   0.1262
...saving a checkpoint at iter:  1386000
Iteration  1388000 :    Loss-adversarial =   0.1295
...saving a checkpoint at iter:  1388000
Iteration  1390000 :    Loss-adversarial =   0.1090
...saving a checkpoint at iter:  1390000
Iteration  1392000 :    Loss-adversarial =   0.1177
...saving a checkpoint at iter:  1392000
Iteration  1394000 :    Loss-adversarial =   0.1411
...saving a checkpoint at iter:  1394000
Iteration  1396000 :    Loss-adversarial =   0.1216
...saving a checkpoint at iter:  1396000
Iteration  1398000 :    Loss-adversarial =   0.1284
...saving a checkpoint at iter:  1398000
Iteration  1400000 :    Loss-adversarial =   0.1258
...saving a checkpoint at iter:  1400000
Iteration  1402000 :    Loss-adversarial =   0.1130
...saving a checkpoint at iter:  1402000
Iteration  1404000 :    Loss-adversarial =   0.1228
...saving a checkpoint at iter:  1404000
Iteration  1406000 :    Loss-adversarial =   0.1180
...saving a checkpoint at iter:  1406000
Iteration  1408000 :    Loss-adversarial =   0.1110
...saving a checkpoint at iter:  1408000
Iteration  1410000 :    Loss-adversarial =   0.1372
...saving a checkpoint at iter:  1410000
Iteration  1412000 :    Loss-adversarial =   0.1065
...saving a checkpoint at iter:  1412000
Iteration  1414000 :    Loss-adversarial =   0.1211
...saving a checkpoint at iter:  1414000
Iteration  1416000 :    Loss-adversarial =   0.1273
...saving a checkpoint at iter:  1416000
Iteration  1418000 :    Loss-adversarial =   0.1183
...saving a checkpoint at iter:  1418000
Iteration  1420000 :    Loss-adversarial =   0.1119
...saving a checkpoint at iter:  1420000
Iteration  1422000 :    Loss-adversarial =   0.1050
...saving a checkpoint at iter:  1422000
Iteration  1424000 :    Loss-adversarial =   0.1050
...saving a checkpoint at iter:  1424000
Iteration  1426000 :    Loss-adversarial =   0.1315
...saving a checkpoint at iter:  1426000
Iteration  1428000 :    Loss-adversarial =   0.1139
...saving a checkpoint at iter:  1428000
Iteration  1430000 :    Loss-adversarial =   0.1127
...saving a checkpoint at iter:  1430000
Iteration  1432000 :    Loss-adversarial =   0.1138
...saving a checkpoint at iter:  1432000
Iteration  1434000 :    Loss-adversarial =   0.1216
...saving a checkpoint at iter:  1434000
Iteration  1436000 :    Loss-adversarial =   0.1099
...saving a checkpoint at iter:  1436000
Iteration  1438000 :    Loss-adversarial =   0.1144
...saving a checkpoint at iter:  1438000
Iteration  1440000 :    Loss-adversarial =   0.1046
...saving a checkpoint at iter:  1440000
Iteration  1442000 :    Loss-adversarial =   0.1187
...saving a checkpoint at iter:  1442000
Iteration  1444000 :    Loss-adversarial =   0.1186
...saving a checkpoint at iter:  1444000
Iteration  1446000 :    Loss-adversarial =   0.1281
...saving a checkpoint at iter:  1446000
Iteration  1448000 :    Loss-adversarial =   0.1184
...saving a checkpoint at iter:  1448000
Iteration  1450000 :    Loss-adversarial =   0.1133
...saving a checkpoint at iter:  1450000
Iteration  1452000 :    Loss-adversarial =   0.1110
...saving a checkpoint at iter:  1452000
Iteration  1454000 :    Loss-adversarial =   0.1224
...saving a checkpoint at iter:  1454000
Iteration  1456000 :    Loss-adversarial =   0.1266
...saving a checkpoint at iter:  1456000
Iteration  1458000 :    Loss-adversarial =   0.1176
...saving a checkpoint at iter:  1458000
Iteration  1460000 :    Loss-adversarial =   0.1137
...saving a checkpoint at iter:  1460000
Iteration  1462000 :    Loss-adversarial =   0.1181
...saving a checkpoint at iter:  1462000
Iteration  1464000 :    Loss-adversarial =   0.1079
...saving a checkpoint at iter:  1464000
Iteration  1466000 :    Loss-adversarial =   0.1090
...saving a checkpoint at iter:  1466000
Iteration  1468000 :    Loss-adversarial =   0.1424
...saving a checkpoint at iter:  1468000
Iteration  1470000 :    Loss-adversarial =   0.1126
...saving a checkpoint at iter:  1470000
Iteration  1472000 :    Loss-adversarial =   0.1305
...saving a checkpoint at iter:  1472000
Iteration  1474000 :    Loss-adversarial =   0.1156
...saving a checkpoint at iter:  1474000
Iteration  1476000 :    Loss-adversarial =   0.1225
...saving a checkpoint at iter:  1476000
Iteration  1478000 :    Loss-adversarial =   0.1084
...saving a checkpoint at iter:  1478000
Iteration  1480000 :    Loss-adversarial =   0.1117
...saving a checkpoint at iter:  1480000
Iteration  1482000 :    Loss-adversarial =   0.0999
...saving a checkpoint at iter:  1482000
Iteration  1484000 :    Loss-adversarial =   0.1071
...saving a checkpoint at iter:  1484000
Iteration  1486000 :    Loss-adversarial =   0.1222
...saving a checkpoint at iter:  1486000
Iteration  1488000 :    Loss-adversarial =   0.1136
...saving a checkpoint at iter:  1488000
Iteration  1490000 :    Loss-adversarial =   0.1139
...saving a checkpoint at iter:  1490000
Iteration  1492000 :    Loss-adversarial =   0.1181
...saving a checkpoint at iter:  1492000
Iteration  1494000 :    Loss-adversarial =   0.1209
...saving a checkpoint at iter:  1494000
Iteration  1496000 :    Loss-adversarial =   0.1079
...saving a checkpoint at iter:  1496000
Iteration  1498000 :    Loss-adversarial =   0.1318
...saving a checkpoint at iter:  1498000
Iteration  1500000 :    Loss-adversarial =   0.1145
...saving a checkpoint at iter:  1500000
Iteration  1502000 :    Loss-adversarial =   0.1211
...saving a checkpoint at iter:  1502000
Iteration  1504000 :    Loss-adversarial =   0.1069
...saving a checkpoint at iter:  1504000
Iteration  1506000 :    Loss-adversarial =   0.1047
...saving a checkpoint at iter:  1506000
Iteration  1508000 :    Loss-adversarial =   0.1164
...saving a checkpoint at iter:  1508000
Iteration  1510000 :    Loss-adversarial =   0.1064
...saving a checkpoint at iter:  1510000
Iteration  1512000 :    Loss-adversarial =   0.1230
...saving a checkpoint at iter:  1512000
Iteration  1514000 :    Loss-adversarial =   0.1152
...saving a checkpoint at iter:  1514000
Iteration  1516000 :    Loss-adversarial =   0.1200
...saving a checkpoint at iter:  1516000
Iteration  1518000 :    Loss-adversarial =   0.1087
...saving a checkpoint at iter:  1518000
Iteration  1520000 :    Loss-adversarial =   0.1174
...saving a checkpoint at iter:  1520000
Iteration  1522000 :    Loss-adversarial =   0.1111
...saving a checkpoint at iter:  1522000
Iteration  1524000 :    Loss-adversarial =   0.1072
...saving a checkpoint at iter:  1524000
Iteration  1526000 :    Loss-adversarial =   0.1136
...saving a checkpoint at iter:  1526000
Iteration  1528000 :    Loss-adversarial =   0.1124
...saving a checkpoint at iter:  1528000
Iteration  1530000 :    Loss-adversarial =   0.1124
...saving a checkpoint at iter:  1530000
Iteration  1532000 :    Loss-adversarial =   0.1206
...saving a checkpoint at iter:  1532000
Iteration  1534000 :    Loss-adversarial =   0.1144
...saving a checkpoint at iter:  1534000
Iteration  1536000 :    Loss-adversarial =   0.1214
...saving a checkpoint at iter:  1536000
Iteration  1538000 :    Loss-adversarial =   0.1018
...saving a checkpoint at iter:  1538000
Iteration  1540000 :    Loss-adversarial =   0.1143
...saving a checkpoint at iter:  1540000
Iteration  1542000 :    Loss-adversarial =   0.1062
...saving a checkpoint at iter:  1542000
Iteration  1544000 :    Loss-adversarial =   0.1161
...saving a checkpoint at iter:  1544000
Iteration  1546000 :    Loss-adversarial =   0.1233
...saving a checkpoint at iter:  1546000
Iteration  1548000 :    Loss-adversarial =   0.1142
...saving a checkpoint at iter:  1548000
Iteration  1550000 :    Loss-adversarial =   0.1143
...saving a checkpoint at iter:  1550000
Iteration  1552000 :    Loss-adversarial =   0.1143
...saving a checkpoint at iter:  1552000
Iteration  1554000 :    Loss-adversarial =   0.1171
...saving a checkpoint at iter:  1554000
Iteration  1556000 :    Loss-adversarial =   0.1083
...saving a checkpoint at iter:  1556000
Iteration  1558000 :    Loss-adversarial =   0.1069
...saving a checkpoint at iter:  1558000
Iteration  1560000 :    Loss-adversarial =   0.1164
...saving a checkpoint at iter:  1560000
Iteration  1562000 :    Loss-adversarial =   0.1115
...saving a checkpoint at iter:  1562000
Iteration  1564000 :    Loss-adversarial =   0.1071
...saving a checkpoint at iter:  1564000
Iteration  1566000 :    Loss-adversarial =   0.1014
...saving a checkpoint at iter:  1566000
Iteration  1568000 :    Loss-adversarial =   0.1311
...saving a checkpoint at iter:  1568000
Iteration  1570000 :    Loss-adversarial =   0.1271
...saving a checkpoint at iter:  1570000
Iteration  1572000 :    Loss-adversarial =   0.1075
...saving a checkpoint at iter:  1572000
Iteration  1574000 :    Loss-adversarial =   0.1222
...saving a checkpoint at iter:  1574000
Iteration  1576000 :    Loss-adversarial =   0.1067
...saving a checkpoint at iter:  1576000
Iteration  1578000 :    Loss-adversarial =   0.1183
...saving a checkpoint at iter:  1578000
Iteration  1580000 :    Loss-adversarial =   0.1070
...saving a checkpoint at iter:  1580000
Iteration  1582000 :    Loss-adversarial =   0.1143
...saving a checkpoint at iter:  1582000
Iteration  1584000 :    Loss-adversarial =   0.1057
...saving a checkpoint at iter:  1584000
Iteration  1586000 :    Loss-adversarial =   0.1066
...saving a checkpoint at iter:  1586000
Iteration  1588000 :    Loss-adversarial =   0.1135
...saving a checkpoint at iter:  1588000
Iteration  1590000 :    Loss-adversarial =   0.1147
...saving a checkpoint at iter:  1590000
Iteration  1592000 :    Loss-adversarial =   0.1189
...saving a checkpoint at iter:  1592000
Iteration  1594000 :    Loss-adversarial =   0.1169
...saving a checkpoint at iter:  1594000
Iteration  1596000 :    Loss-adversarial =   0.1152
...saving a checkpoint at iter:  1596000
Iteration  1598000 :    Loss-adversarial =   0.1165
...saving a checkpoint at iter:  1598000
Iteration  1600000 :    Loss-adversarial =   0.1274
...saving a checkpoint at iter:  1600000
Iteration  1602000 :    Loss-adversarial =   0.1233
...saving a checkpoint at iter:  1602000
Iteration  1604000 :    Loss-adversarial =   0.1084
...saving a checkpoint at iter:  1604000
Iteration  1606000 :    Loss-adversarial =   0.1152
...saving a checkpoint at iter:  1606000
Iteration  1608000 :    Loss-adversarial =   0.1047
...saving a checkpoint at iter:  1608000
Iteration  1610000 :    Loss-adversarial =   0.1265
...saving a checkpoint at iter:  1610000
Iteration  1612000 :    Loss-adversarial =   0.1111
...saving a checkpoint at iter:  1612000
Iteration  1614000 :    Loss-adversarial =   0.1028
...saving a checkpoint at iter:  1614000
Iteration  1616000 :    Loss-adversarial =   0.1220
...saving a checkpoint at iter:  1616000
Iteration  1618000 :    Loss-adversarial =   0.1162
...saving a checkpoint at iter:  1618000
Iteration  1620000 :    Loss-adversarial =   0.1236
...saving a checkpoint at iter:  1620000
Iteration  1622000 :    Loss-adversarial =   0.1109
...saving a checkpoint at iter:  1622000
Iteration  1624000 :    Loss-adversarial =   0.1068
...saving a checkpoint at iter:  1624000
Iteration  1626000 :    Loss-adversarial =   0.1198
...saving a checkpoint at iter:  1626000
Iteration  1628000 :    Loss-adversarial =   0.1187
...saving a checkpoint at iter:  1628000
Iteration  1630000 :    Loss-adversarial =   0.1161
...saving a checkpoint at iter:  1630000
Iteration  1632000 :    Loss-adversarial =   0.1093
...saving a checkpoint at iter:  1632000
Iteration  1634000 :    Loss-adversarial =   0.1166
...saving a checkpoint at iter:  1634000
Iteration  1636000 :    Loss-adversarial =   0.1043
...saving a checkpoint at iter:  1636000
Iteration  1638000 :    Loss-adversarial =   0.1160
...saving a checkpoint at iter:  1638000
Iteration  1640000 :    Loss-adversarial =   0.1088
...saving a checkpoint at iter:  1640000
Iteration  1642000 :    Loss-adversarial =   0.1174
...saving a checkpoint at iter:  1642000
Iteration  1644000 :    Loss-adversarial =   0.1167
...saving a checkpoint at iter:  1644000
Iteration  1646000 :    Loss-adversarial =   0.1201
...saving a checkpoint at iter:  1646000
Iteration  1648000 :    Loss-adversarial =   0.1122
...saving a checkpoint at iter:  1648000
Iteration  1650000 :    Loss-adversarial =   0.1112
...saving a checkpoint at iter:  1650000
Iteration  1652000 :    Loss-adversarial =   0.1214
...saving a checkpoint at iter:  1652000
Iteration  1654000 :    Loss-adversarial =   0.1153
...saving a checkpoint at iter:  1654000
Iteration  1656000 :    Loss-adversarial =   0.1132
...saving a checkpoint at iter:  1656000
Iteration  1658000 :    Loss-adversarial =   0.1274
...saving a checkpoint at iter:  1658000
Iteration  1660000 :    Loss-adversarial =   0.1212
...saving a checkpoint at iter:  1660000
Iteration  1662000 :    Loss-adversarial =   0.1225
...saving a checkpoint at iter:  1662000
Iteration  1664000 :    Loss-adversarial =   0.1166
...saving a checkpoint at iter:  1664000
Iteration  1666000 :    Loss-adversarial =   0.1129
...saving a checkpoint at iter:  1666000
Iteration  1668000 :    Loss-adversarial =   0.1085
...saving a checkpoint at iter:  1668000
Iteration  1670000 :    Loss-adversarial =   0.1069
...saving a checkpoint at iter:  1670000
Iteration  1672000 :    Loss-adversarial =   0.1051
...saving a checkpoint at iter:  1672000
Iteration  1674000 :    Loss-adversarial =   0.1159
...saving a checkpoint at iter:  1674000
Iteration  1676000 :    Loss-adversarial =   0.1149
...saving a checkpoint at iter:  1676000
Iteration  1678000 :    Loss-adversarial =   0.1273
...saving a checkpoint at iter:  1678000
Iteration  1680000 :    Loss-adversarial =   0.1062
...saving a checkpoint at iter:  1680000
Iteration  1682000 :    Loss-adversarial =   0.1136
...saving a checkpoint at iter:  1682000
Iteration  1684000 :    Loss-adversarial =   0.1097
...saving a checkpoint at iter:  1684000
Iteration  1686000 :    Loss-adversarial =   0.1179
...saving a checkpoint at iter:  1686000
Iteration  1688000 :    Loss-adversarial =   0.1184
...saving a checkpoint at iter:  1688000
Iteration  1690000 :    Loss-adversarial =   0.1114
...saving a checkpoint at iter:  1690000
Iteration  1692000 :    Loss-adversarial =   0.1147
...saving a checkpoint at iter:  1692000
Iteration  1694000 :    Loss-adversarial =   0.1064
...saving a checkpoint at iter:  1694000
Iteration  1696000 :    Loss-adversarial =   0.1120
...saving a checkpoint at iter:  1696000
Iteration  1698000 :    Loss-adversarial =   0.1104
...saving a checkpoint at iter:  1698000
Iteration  1700000 :    Loss-adversarial =   0.1230
...saving a checkpoint at iter:  1700000
Iteration  1702000 :    Loss-adversarial =   0.1106
...saving a checkpoint at iter:  1702000
Iteration  1704000 :    Loss-adversarial =   0.1067
...saving a checkpoint at iter:  1704000
Iteration  1706000 :    Loss-adversarial =   0.1209
...saving a checkpoint at iter:  1706000
Iteration  1708000 :    Loss-adversarial =   0.1221
...saving a checkpoint at iter:  1708000
Iteration  1710000 :    Loss-adversarial =   0.1184
...saving a checkpoint at iter:  1710000
Iteration  1712000 :    Loss-adversarial =   0.1247
...saving a checkpoint at iter:  1712000
Iteration  1714000 :    Loss-adversarial =   0.1090
...saving a checkpoint at iter:  1714000
Iteration  1716000 :    Loss-adversarial =   0.1241
...saving a checkpoint at iter:  1716000
Iteration  1718000 :    Loss-adversarial =   0.1128
...saving a checkpoint at iter:  1718000
Iteration  1720000 :    Loss-adversarial =   0.1034
...saving a checkpoint at iter:  1720000
Iteration  1722000 :    Loss-adversarial =   0.1131
...saving a checkpoint at iter:  1722000
Iteration  1724000 :    Loss-adversarial =   0.1192
...saving a checkpoint at iter:  1724000
Iteration  1726000 :    Loss-adversarial =   0.1278
...saving a checkpoint at iter:  1726000
Iteration  1728000 :    Loss-adversarial =   0.1157
...saving a checkpoint at iter:  1728000
Iteration  1730000 :    Loss-adversarial =   0.1130
...saving a checkpoint at iter:  1730000
Iteration  1732000 :    Loss-adversarial =   0.1142
...saving a checkpoint at iter:  1732000
Iteration  1734000 :    Loss-adversarial =   0.1101
...saving a checkpoint at iter:  1734000
Iteration  1736000 :    Loss-adversarial =   0.1162
...saving a checkpoint at iter:  1736000
Iteration  1738000 :    Loss-adversarial =   0.0986
...saving a checkpoint at iter:  1738000
Iteration  1740000 :    Loss-adversarial =   0.1140
...saving a checkpoint at iter:  1740000
Iteration  1742000 :    Loss-adversarial =   0.1083
...saving a checkpoint at iter:  1742000
Iteration  1744000 :    Loss-adversarial =   0.1025
...saving a checkpoint at iter:  1744000
Iteration  1746000 :    Loss-adversarial =   0.1217
...saving a checkpoint at iter:  1746000
Iteration  1748000 :    Loss-adversarial =   0.1083
...saving a checkpoint at iter:  1748000
Iteration  1750000 :    Loss-adversarial =   0.1113
...saving a checkpoint at iter:  1750000
Iteration  1752000 :    Loss-adversarial =   0.1120
...saving a checkpoint at iter:  1752000
Iteration  1754000 :    Loss-adversarial =   0.1067
...saving a checkpoint at iter:  1754000
Iteration  1756000 :    Loss-adversarial =   0.1266
...saving a checkpoint at iter:  1756000
Iteration  1758000 :    Loss-adversarial =   0.1115
...saving a checkpoint at iter:  1758000
Iteration  1760000 :    Loss-adversarial =   0.1115
...saving a checkpoint at iter:  1760000
Iteration  1762000 :    Loss-adversarial =   0.1061
...saving a checkpoint at iter:  1762000
Iteration  1764000 :    Loss-adversarial =   0.1028
...saving a checkpoint at iter:  1764000
Iteration  1766000 :    Loss-adversarial =   0.1099
...saving a checkpoint at iter:  1766000
Iteration  1768000 :    Loss-adversarial =   0.1128
...saving a checkpoint at iter:  1768000
Iteration  1770000 :    Loss-adversarial =   0.1202
...saving a checkpoint at iter:  1770000
Iteration  1772000 :    Loss-adversarial =   0.1211
...saving a checkpoint at iter:  1772000
Iteration  1774000 :    Loss-adversarial =   0.1067
...saving a checkpoint at iter:  1774000
Iteration  1776000 :    Loss-adversarial =   0.1088
...saving a checkpoint at iter:  1776000
Iteration  1778000 :    Loss-adversarial =   0.1031
...saving a checkpoint at iter:  1778000
Iteration  1780000 :    Loss-adversarial =   0.1157
...saving a checkpoint at iter:  1780000
Iteration  1782000 :    Loss-adversarial =   0.1095
...saving a checkpoint at iter:  1782000
Iteration  1784000 :    Loss-adversarial =   0.1179
...saving a checkpoint at iter:  1784000
Iteration  1786000 :    Loss-adversarial =   0.1042
...saving a checkpoint at iter:  1786000
Iteration  1788000 :    Loss-adversarial =   0.1077
...saving a checkpoint at iter:  1788000
Iteration  1790000 :    Loss-adversarial =   0.1083
...saving a checkpoint at iter:  1790000
Iteration  1792000 :    Loss-adversarial =   0.1034
...saving a checkpoint at iter:  1792000
Iteration  1794000 :    Loss-adversarial =   0.1146
...saving a checkpoint at iter:  1794000
Iteration  1796000 :    Loss-adversarial =   0.1108
...saving a checkpoint at iter:  1796000
Iteration  1798000 :    Loss-adversarial =   0.1083
...saving a checkpoint at iter:  1798000
Iteration  1800000 :    Loss-adversarial =   0.1238
...saving a checkpoint at iter:  1800000
Iteration  1802000 :    Loss-adversarial =   0.1110
...saving a checkpoint at iter:  1802000
Iteration  1804000 :    Loss-adversarial =   0.1196
...saving a checkpoint at iter:  1804000
Iteration  1806000 :    Loss-adversarial =   0.1107
...saving a checkpoint at iter:  1806000
Iteration  1808000 :    Loss-adversarial =   0.1096
...saving a checkpoint at iter:  1808000
Iteration  1810000 :    Loss-adversarial =   0.1077
...saving a checkpoint at iter:  1810000
Iteration  1812000 :    Loss-adversarial =   0.1084
...saving a checkpoint at iter:  1812000
Iteration  1814000 :    Loss-adversarial =   0.1035
...saving a checkpoint at iter:  1814000
Iteration  1816000 :    Loss-adversarial =   0.1128
...saving a checkpoint at iter:  1816000
Iteration  1818000 :    Loss-adversarial =   0.1116
...saving a checkpoint at iter:  1818000
Iteration  1820000 :    Loss-adversarial =   0.1161
...saving a checkpoint at iter:  1820000
Iteration  1822000 :    Loss-adversarial =   0.1104
...saving a checkpoint at iter:  1822000
Iteration  1824000 :    Loss-adversarial =   0.1098
...saving a checkpoint at iter:  1824000
Iteration  1826000 :    Loss-adversarial =   0.1222
...saving a checkpoint at iter:  1826000
Iteration  1828000 :    Loss-adversarial =   0.0991
...saving a checkpoint at iter:  1828000
Iteration  1830000 :    Loss-adversarial =   0.1060
...saving a checkpoint at iter:  1830000
Iteration  1832000 :    Loss-adversarial =   0.1015
...saving a checkpoint at iter:  1832000
Iteration  1834000 :    Loss-adversarial =   0.1099
...saving a checkpoint at iter:  1834000
Iteration  1836000 :    Loss-adversarial =   0.1049
...saving a checkpoint at iter:  1836000
Iteration  1838000 :    Loss-adversarial =   0.1120
...saving a checkpoint at iter:  1838000
Iteration  1840000 :    Loss-adversarial =   0.1007
...saving a checkpoint at iter:  1840000
Iteration  1842000 :    Loss-adversarial =   0.1217
...saving a checkpoint at iter:  1842000
Iteration  1844000 :    Loss-adversarial =   0.1065
...saving a checkpoint at iter:  1844000
Iteration  1846000 :    Loss-adversarial =   0.1069
...saving a checkpoint at iter:  1846000
Iteration  1848000 :    Loss-adversarial =   0.1167
...saving a checkpoint at iter:  1848000
Iteration  1850000 :    Loss-adversarial =   0.1081
...saving a checkpoint at iter:  1850000
Iteration  1852000 :    Loss-adversarial =   0.1156
...saving a checkpoint at iter:  1852000
Iteration  1854000 :    Loss-adversarial =   0.1159
...saving a checkpoint at iter:  1854000
Iteration  1856000 :    Loss-adversarial =   0.1031
...saving a checkpoint at iter:  1856000
Iteration  1858000 :    Loss-adversarial =   0.1044
...saving a checkpoint at iter:  1858000
Iteration  1860000 :    Loss-adversarial =   0.1106
...saving a checkpoint at iter:  1860000
Iteration  1862000 :    Loss-adversarial =   0.1218
...saving a checkpoint at iter:  1862000
Iteration  1864000 :    Loss-adversarial =   0.1081
...saving a checkpoint at iter:  1864000
Iteration  1866000 :    Loss-adversarial =   0.1164
...saving a checkpoint at iter:  1866000
Iteration  1868000 :    Loss-adversarial =   0.1083
...saving a checkpoint at iter:  1868000
Iteration  1870000 :    Loss-adversarial =   0.1053
...saving a checkpoint at iter:  1870000
Iteration  1872000 :    Loss-adversarial =   0.1040
...saving a checkpoint at iter:  1872000
Iteration  1874000 :    Loss-adversarial =   0.1196
...saving a checkpoint at iter:  1874000
Iteration  1876000 :    Loss-adversarial =   0.1025
...saving a checkpoint at iter:  1876000
Iteration  1878000 :    Loss-adversarial =   0.1072
...saving a checkpoint at iter:  1878000
Iteration  1880000 :    Loss-adversarial =   0.1072
...saving a checkpoint at iter:  1880000
Iteration  1882000 :    Loss-adversarial =   0.1158
...saving a checkpoint at iter:  1882000
Iteration  1884000 :    Loss-adversarial =   0.1250
...saving a checkpoint at iter:  1884000
Iteration  1886000 :    Loss-adversarial =   0.1106
...saving a checkpoint at iter:  1886000
Iteration  1888000 :    Loss-adversarial =   0.1326
...saving a checkpoint at iter:  1888000
Iteration  1890000 :    Loss-adversarial =   0.1047
...saving a checkpoint at iter:  1890000
Iteration  1892000 :    Loss-adversarial =   0.1143
...saving a checkpoint at iter:  1892000
Iteration  1894000 :    Loss-adversarial =   0.1173
...saving a checkpoint at iter:  1894000
Iteration  1896000 :    Loss-adversarial =   0.0980
...saving a checkpoint at iter:  1896000
Iteration  1898000 :    Loss-adversarial =   0.1126
...saving a checkpoint at iter:  1898000
Iteration  1900000 :    Loss-adversarial =   0.1142
...saving a checkpoint at iter:  1900000
Iteration  1902000 :    Loss-adversarial =   0.1122
...saving a checkpoint at iter:  1902000
Iteration  1904000 :    Loss-adversarial =   0.1119
...saving a checkpoint at iter:  1904000
Iteration  1906000 :    Loss-adversarial =   0.1068
...saving a checkpoint at iter:  1906000
Iteration  1908000 :    Loss-adversarial =   0.1101
...saving a checkpoint at iter:  1908000
Iteration  1910000 :    Loss-adversarial =   0.1023
...saving a checkpoint at iter:  1910000
Iteration  1912000 :    Loss-adversarial =   0.1174
...saving a checkpoint at iter:  1912000
Iteration  1914000 :    Loss-adversarial =   0.1016
...saving a checkpoint at iter:  1914000
Iteration  1916000 :    Loss-adversarial =   0.1059
...saving a checkpoint at iter:  1916000
Iteration  1918000 :    Loss-adversarial =   0.0965
...saving a checkpoint at iter:  1918000
Iteration  1920000 :    Loss-adversarial =   0.1227
...saving a checkpoint at iter:  1920000
Iteration  1922000 :    Loss-adversarial =   0.0967
...saving a checkpoint at iter:  1922000
Iteration  1924000 :    Loss-adversarial =   0.1078
...saving a checkpoint at iter:  1924000
Iteration  1926000 :    Loss-adversarial =   0.1046
...saving a checkpoint at iter:  1926000
Iteration  1928000 :    Loss-adversarial =   0.1022
...saving a checkpoint at iter:  1928000
Iteration  1930000 :    Loss-adversarial =   0.1112
...saving a checkpoint at iter:  1930000
Iteration  1932000 :    Loss-adversarial =   0.1220
...saving a checkpoint at iter:  1932000
Iteration  1934000 :    Loss-adversarial =   0.1022
...saving a checkpoint at iter:  1934000
Iteration  1936000 :    Loss-adversarial =   0.1163
...saving a checkpoint at iter:  1936000
Iteration  1938000 :    Loss-adversarial =   0.1028
...saving a checkpoint at iter:  1938000
Iteration  1940000 :    Loss-adversarial =   0.1016
...saving a checkpoint at iter:  1940000
Iteration  1942000 :    Loss-adversarial =   0.1106
...saving a checkpoint at iter:  1942000
Iteration  1944000 :    Loss-adversarial =   0.1142
...saving a checkpoint at iter:  1944000
Iteration  1946000 :    Loss-adversarial =   0.1165
...saving a checkpoint at iter:  1946000
Iteration  1948000 :    Loss-adversarial =   0.1077
...saving a checkpoint at iter:  1948000
Iteration  1950000 :    Loss-adversarial =   0.1179
...saving a checkpoint at iter:  1950000
Iteration  1952000 :    Loss-adversarial =   0.1142
...saving a checkpoint at iter:  1952000
Iteration  1954000 :    Loss-adversarial =   0.1150
...saving a checkpoint at iter:  1954000
Iteration  1956000 :    Loss-adversarial =   0.1111
...saving a checkpoint at iter:  1956000
Iteration  1958000 :    Loss-adversarial =   0.1130
...saving a checkpoint at iter:  1958000
Iteration  1960000 :    Loss-adversarial =   0.1151
...saving a checkpoint at iter:  1960000
Iteration  1962000 :    Loss-adversarial =   0.1153
...saving a checkpoint at iter:  1962000
Iteration  1964000 :    Loss-adversarial =   0.1014
...saving a checkpoint at iter:  1964000
Iteration  1966000 :    Loss-adversarial =   0.1000
...saving a checkpoint at iter:  1966000
Iteration  1968000 :    Loss-adversarial =   0.1119
...saving a checkpoint at iter:  1968000
Iteration  1970000 :    Loss-adversarial =   0.1123
...saving a checkpoint at iter:  1970000
Iteration  1972000 :    Loss-adversarial =   0.1125
...saving a checkpoint at iter:  1972000
Iteration  1974000 :    Loss-adversarial =   0.1020
...saving a checkpoint at iter:  1974000
Iteration  1976000 :    Loss-adversarial =   0.1252
...saving a checkpoint at iter:  1976000
Iteration  1978000 :    Loss-adversarial =   0.1249
...saving a checkpoint at iter:  1978000
Iteration  1980000 :    Loss-adversarial =   0.1059
...saving a checkpoint at iter:  1980000
Iteration  1982000 :    Loss-adversarial =   0.1012
...saving a checkpoint at iter:  1982000
Iteration  1984000 :    Loss-adversarial =   0.1005
...saving a checkpoint at iter:  1984000
Iteration  1986000 :    Loss-adversarial =   0.1058
...saving a checkpoint at iter:  1986000
Iteration  1988000 :    Loss-adversarial =   0.1048
...saving a checkpoint at iter:  1988000
Iteration  1990000 :    Loss-adversarial =   0.1070
...saving a checkpoint at iter:  1990000
Iteration  1992000 :    Loss-adversarial =   0.1075
...saving a checkpoint at iter:  1992000
Iteration  1994000 :    Loss-adversarial =   0.1074
...saving a checkpoint at iter:  1994000
Iteration  1996000 :    Loss-adversarial =   0.1129
...saving a checkpoint at iter:  1996000
Iteration  1998000 :    Loss-adversarial =   0.1207
...saving a checkpoint at iter:  1998000
Iteration  2000000 :    Loss-adversarial =   0.1027
...saving a checkpoint at iter:  2000000
Iteration  2002000 :    Loss-adversarial =   0.1085
...saving a checkpoint at iter:  2002000
Iteration  2004000 :    Loss-adversarial =   0.1084
...saving a checkpoint at iter:  2004000
Iteration  2006000 :    Loss-adversarial =   0.1009
...saving a checkpoint at iter:  2006000
Iteration  2008000 :    Loss-adversarial =   0.1011
...saving a checkpoint at iter:  2008000
Iteration  2010000 :    Loss-adversarial =   0.0999
...saving a checkpoint at iter:  2010000
Iteration  2012000 :    Loss-adversarial =   0.1014
...saving a checkpoint at iter:  2012000
Iteration  2014000 :    Loss-adversarial =   0.1111
...saving a checkpoint at iter:  2014000
Iteration  2016000 :    Loss-adversarial =   0.1118
...saving a checkpoint at iter:  2016000
Iteration  2018000 :    Loss-adversarial =   0.1094
...saving a checkpoint at iter:  2018000
Iteration  2020000 :    Loss-adversarial =   0.1051
...saving a checkpoint at iter:  2020000
Iteration  2022000 :    Loss-adversarial =   0.1054
...saving a checkpoint at iter:  2022000
Iteration  2024000 :    Loss-adversarial =   0.1071
...saving a checkpoint at iter:  2024000
Iteration  2026000 :    Loss-adversarial =   0.1165
...saving a checkpoint at iter:  2026000
Iteration  2028000 :    Loss-adversarial =   0.1080
...saving a checkpoint at iter:  2028000
Iteration  2030000 :    Loss-adversarial =   0.1105
...saving a checkpoint at iter:  2030000
